[2025-11-20T10:01:50.849+0000] {taskinstance.py:1956} INFO - Dependencies all met for dep_context=non-requeueable deps ti=<TaskInstance: fetch_data.run_dbt manual__2025-11-20T10:01:33.039940+00:00 [queued]>
[2025-11-20T10:01:50.855+0000] {taskinstance.py:1956} INFO - Dependencies all met for dep_context=requeueable deps ti=<TaskInstance: fetch_data.run_dbt manual__2025-11-20T10:01:33.039940+00:00 [queued]>
[2025-11-20T10:01:50.856+0000] {taskinstance.py:2170} INFO - Starting attempt 1 of 2
[2025-11-20T10:01:50.866+0000] {taskinstance.py:2191} INFO - Executing <Task(BashOperator): run_dbt> on 2025-11-20 10:01:33.039940+00:00
[2025-11-20T10:01:50.871+0000] {standard_task_runner.py:60} INFO - Started process 3742 to run task
[2025-11-20T10:01:50.874+0000] {standard_task_runner.py:87} INFO - Running: ['***', 'tasks', 'run', 'fetch_data', 'run_dbt', 'manual__2025-11-20T10:01:33.039940+00:00', '--job-id', '13', '--raw', '--subdir', 'DAGS_FOLDER/dag_one.py', '--cfg-path', '/tmp/tmpcnn2x1qe']
[2025-11-20T10:01:50.876+0000] {standard_task_runner.py:88} INFO - Job 13: Subtask run_dbt
[2025-11-20T10:01:50.921+0000] {task_command.py:423} INFO - Running <TaskInstance: fetch_data.run_dbt manual__2025-11-20T10:01:33.039940+00:00 [running]> on host f8832a2bf6ed
[2025-11-20T10:01:51.125+0000] {taskinstance.py:2480} INFO - Exporting env vars: AIRFLOW_CTX_DAG_OWNER='***' AIRFLOW_CTX_DAG_ID='fetch_data' AIRFLOW_CTX_TASK_ID='run_dbt' AIRFLOW_CTX_EXECUTION_DATE='2025-11-20T10:01:33.039940+00:00' AIRFLOW_CTX_TRY_NUMBER='1' AIRFLOW_CTX_DAG_RUN_ID='manual__2025-11-20T10:01:33.039940+00:00'
[2025-11-20T10:01:51.127+0000] {subprocess.py:63} INFO - Tmp dir root location: /tmp
[2025-11-20T10:01:51.127+0000] {subprocess.py:75} INFO - Running command: ['/usr/bin/bash', '-c', 'docker exec dbt dbt seed']
[2025-11-20T10:01:51.140+0000] {subprocess.py:86} INFO - Output:
[2025-11-20T10:01:53.043+0000] {subprocess.py:93} INFO - [0m10:01:53  Running with dbt=1.10.15
[2025-11-20T10:01:53.221+0000] {subprocess.py:93} INFO - [0m10:01:53  Registered adapter: clickhouse=1.9.6
[2025-11-20T10:01:53.268+0000] {subprocess.py:93} INFO - [0m10:01:53  Unable to do partial parsing because saved manifest not found. Starting full parse.
[2025-11-20T10:01:54.150+0000] {subprocess.py:93} INFO - [0m10:01:54  [[33mWARNING[0m]: Configuration paths exist in your dbt_project.yml file which do not apply to any resources.
[2025-11-20T10:01:54.151+0000] {subprocess.py:93} INFO - There are 1 unused configuration paths:
[2025-11-20T10:01:54.151+0000] {subprocess.py:93} INFO - - models
[2025-11-20T10:01:54.233+0000] {subprocess.py:93} INFO - [0m10:01:54  Found 3 seeds, 3 sources, 485 macros
[2025-11-20T10:01:54.235+0000] {subprocess.py:93} INFO - [0m10:01:54
[2025-11-20T10:01:54.235+0000] {subprocess.py:93} INFO - [0m10:01:54  Concurrency: 1 threads (target='dev')
[2025-11-20T10:01:54.236+0000] {subprocess.py:93} INFO - [0m10:01:54
[2025-11-20T10:01:55.016+0000] {subprocess.py:93} INFO - [0m10:01:55  1 of 3 START seed file `default`.`bronze_infrared` ............................. [RUN]
[2025-11-20T10:01:58.506+0000] {subprocess.py:93} INFO - [0m10:01:58  1 of 3 OK loaded seed file default.bronze_infrared ............................. [[32mINSERT 410395[0m in 3.49s]
[2025-11-20T10:01:58.507+0000] {subprocess.py:93} INFO - [0m10:01:58  2 of 3 START seed file `default`.`bronze_mobility` ............................. [RUN]
[2025-11-20T10:02:03.411+0000] {subprocess.py:93} INFO - [0m10:02:03  2 of 3 OK loaded seed file default.bronze_mobility ............................. [[32mINSERT 489414[0m in 4.90s]
[2025-11-20T10:02:03.412+0000] {subprocess.py:93} INFO - [0m10:02:03  3 of 3 START seed file `default`.`bronze_weather` .............................. [RUN]
[2025-11-20T10:02:03.483+0000] {subprocess.py:93} INFO - [0m10:02:03  3 of 3 OK loaded seed file default.bronze_weather .............................. [[32mINSERT 2785[0m in 0.07s]
[2025-11-20T10:02:03.487+0000] {subprocess.py:93} INFO - [0m10:02:03
[2025-11-20T10:02:03.488+0000] {subprocess.py:93} INFO - [0m10:02:03  Finished running 3 seeds in 0 hours 0 minutes and 9.25 seconds (9.25s).
[2025-11-20T10:02:03.515+0000] {subprocess.py:93} INFO - [0m10:02:03
[2025-11-20T10:02:03.516+0000] {subprocess.py:93} INFO - [0m10:02:03  [32mCompleted successfully[0m
[2025-11-20T10:02:03.516+0000] {subprocess.py:93} INFO - [0m10:02:03
[2025-11-20T10:02:03.517+0000] {subprocess.py:93} INFO - [0m10:02:03  Done. PASS=3 WARN=0 ERROR=0 SKIP=0 NO-OP=0 TOTAL=3
[2025-11-20T10:02:04.709+0000] {subprocess.py:97} INFO - Command exited with return code 0
[2025-11-20T10:02:04.739+0000] {taskinstance.py:1138} INFO - Marking task as SUCCESS. dag_id=fetch_data, task_id=run_dbt, execution_date=20251120T100133, start_date=20251120T100150, end_date=20251120T100204
[2025-11-20T10:02:04.801+0000] {local_task_job_runner.py:234} INFO - Task exited with return code 0
[2025-11-20T10:02:04.842+0000] {taskinstance.py:3280} INFO - 1 downstream tasks scheduled from follow-on schedule check
