[2025-11-25T12:04:03.323+0000] {taskinstance.py:1956} INFO - Dependencies all met for dep_context=non-requeueable deps ti=<TaskInstance: dbt_transforms.dbt_run manual__2025-11-25T12:04:02.546801+00:00 [queued]>
[2025-11-25T12:04:03.333+0000] {taskinstance.py:1956} INFO - Dependencies all met for dep_context=requeueable deps ti=<TaskInstance: dbt_transforms.dbt_run manual__2025-11-25T12:04:02.546801+00:00 [queued]>
[2025-11-25T12:04:03.334+0000] {taskinstance.py:2170} INFO - Starting attempt 1 of 1
[2025-11-25T12:04:03.353+0000] {taskinstance.py:2191} INFO - Executing <Task(BashOperator): dbt_run> on 2025-11-25 12:04:02.546801+00:00
[2025-11-25T12:04:03.358+0000] {standard_task_runner.py:60} INFO - Started process 8308 to run task
[2025-11-25T12:04:03.366+0000] {standard_task_runner.py:87} INFO - Running: ['***', 'tasks', 'run', 'dbt_transforms', 'dbt_run', 'manual__2025-11-25T12:04:02.546801+00:00', '--job-id', '464', '--raw', '--subdir', 'DAGS_FOLDER/011_dbt_transforms.py', '--cfg-path', '/tmp/tmpj1ihtw1x']
[2025-11-25T12:04:03.371+0000] {standard_task_runner.py:88} INFO - Job 464: Subtask dbt_run
[2025-11-25T12:04:03.436+0000] {task_command.py:423} INFO - Running <TaskInstance: dbt_transforms.dbt_run manual__2025-11-25T12:04:02.546801+00:00 [running]> on host 421e567693d1
[2025-11-25T12:04:03.515+0000] {taskinstance.py:2480} INFO - Exporting env vars: AIRFLOW_CTX_DAG_OWNER='***' AIRFLOW_CTX_DAG_ID='dbt_transforms' AIRFLOW_CTX_TASK_ID='dbt_run' AIRFLOW_CTX_EXECUTION_DATE='2025-11-25T12:04:02.546801+00:00' AIRFLOW_CTX_TRY_NUMBER='1' AIRFLOW_CTX_DAG_RUN_ID='manual__2025-11-25T12:04:02.546801+00:00'
[2025-11-25T12:04:03.516+0000] {subprocess.py:63} INFO - Tmp dir root location: /tmp
[2025-11-25T12:04:03.517+0000] {subprocess.py:75} INFO - Running command: ['/usr/bin/bash', '-c', "docker exec dbt bash -lc 'cd /dbt && dbt run --profiles-dir /dbt'"]
[2025-11-25T12:04:03.523+0000] {subprocess.py:86} INFO - Output:
[2025-11-25T12:04:04.696+0000] {subprocess.py:93} INFO - [0m12:04:04  Running with dbt=1.10.15
[2025-11-25T12:04:04.863+0000] {subprocess.py:93} INFO - [0m12:04:04  Registered adapter: clickhouse=1.9.6
[2025-11-25T12:04:04.981+0000] {subprocess.py:93} INFO - [0m12:04:04  Unable to do partial parsing because profile has changed
[2025-11-25T12:04:04.982+0000] {subprocess.py:93} INFO - [0m12:04:04  Unable to do partial parsing because a project dependency has been added
[2025-11-25T12:04:05.725+0000] {subprocess.py:93} INFO - [0m12:04:05  [[33mWARNING[0m]: Did not find matching node for patch with name 'bronze_weather' in the 'seeds' section of file 'seeds/seed_config.yml'
[2025-11-25T12:04:05.726+0000] {subprocess.py:93} INFO - [0m12:04:05  [[33mWARNING[0m]: Did not find matching node for patch with name 'bronze_infrared' in the 'seeds' section of file 'seeds/seed_config.yml'
[2025-11-25T12:04:05.912+0000] {subprocess.py:93} INFO - [0m12:04:05  Encountered an error:
[2025-11-25T12:04:05.913+0000] {subprocess.py:93} INFO - Compilation Error
[2025-11-25T12:04:05.913+0000] {subprocess.py:93} INFO -   Model 'model.peopletraffic_uc.fact_people_traffic' (models/marts/fact_people_traffic.sql) depends on a node named 'stg_dim_building' in package or project 'stg_dim_weather' which was not found
[2025-11-25T12:04:06.949+0000] {subprocess.py:97} INFO - Command exited with return code 2
[2025-11-25T12:04:06.982+0000] {taskinstance.py:2698} ERROR - Task failed with exception
Traceback (most recent call last):
  File "/home/airflow/.local/lib/python3.8/site-packages/airflow/models/taskinstance.py", line 433, in _execute_task
    result = execute_callable(context=context, **execute_callable_kwargs)
  File "/home/airflow/.local/lib/python3.8/site-packages/airflow/operators/bash.py", line 212, in execute
    raise AirflowException(
airflow.exceptions.AirflowException: Bash command failed. The command returned a non-zero exit code 2.
[2025-11-25T12:04:06.987+0000] {taskinstance.py:1138} INFO - Marking task as FAILED. dag_id=dbt_transforms, task_id=dbt_run, execution_date=20251125T120402, start_date=20251125T120403, end_date=20251125T120406
[2025-11-25T12:04:07.034+0000] {standard_task_runner.py:107} ERROR - Failed to execute job 464 for task dbt_run (Bash command failed. The command returned a non-zero exit code 2.; 8308)
[2025-11-25T12:04:07.105+0000] {local_task_job_runner.py:234} INFO - Task exited with return code 1
[2025-11-25T12:04:07.133+0000] {taskinstance.py:3280} INFO - 0 downstream tasks scheduled from follow-on schedule check
