[2025-11-23T08:18:03.343+0000] {taskinstance.py:1956} INFO - Dependencies all met for dep_context=non-requeueable deps ti=<TaskInstance: fetch_data.run_dbt scheduled__2025-11-22T00:00:00+00:00 [queued]>
[2025-11-23T08:18:03.360+0000] {taskinstance.py:1956} INFO - Dependencies all met for dep_context=requeueable deps ti=<TaskInstance: fetch_data.run_dbt scheduled__2025-11-22T00:00:00+00:00 [queued]>
[2025-11-23T08:18:03.361+0000] {taskinstance.py:2170} INFO - Starting attempt 2 of 2
[2025-11-23T08:18:03.389+0000] {taskinstance.py:2191} INFO - Executing <Task(BashOperator): run_dbt> on 2025-11-22 00:00:00+00:00
[2025-11-23T08:18:03.396+0000] {standard_task_runner.py:60} INFO - Started process 95602 to run task
[2025-11-23T08:18:03.403+0000] {standard_task_runner.py:87} INFO - Running: ['***', 'tasks', 'run', 'fetch_data', 'run_dbt', 'scheduled__2025-11-22T00:00:00+00:00', '--job-id', '212', '--raw', '--subdir', 'DAGS_FOLDER/dag_one.py', '--cfg-path', '/tmp/tmp848808gp']
[2025-11-23T08:18:03.410+0000] {standard_task_runner.py:88} INFO - Job 212: Subtask run_dbt
[2025-11-23T08:18:03.528+0000] {task_command.py:423} INFO - Running <TaskInstance: fetch_data.run_dbt scheduled__2025-11-22T00:00:00+00:00 [running]> on host 5fa4049fde26
[2025-11-23T08:18:03.877+0000] {taskinstance.py:2480} INFO - Exporting env vars: AIRFLOW_CTX_DAG_OWNER='***' AIRFLOW_CTX_DAG_ID='fetch_data' AIRFLOW_CTX_TASK_ID='run_dbt' AIRFLOW_CTX_EXECUTION_DATE='2025-11-22T00:00:00+00:00' AIRFLOW_CTX_TRY_NUMBER='2' AIRFLOW_CTX_DAG_RUN_ID='scheduled__2025-11-22T00:00:00+00:00'
[2025-11-23T08:18:03.880+0000] {subprocess.py:63} INFO - Tmp dir root location: /tmp
[2025-11-23T08:18:03.881+0000] {subprocess.py:75} INFO - Running command: ['/usr/bin/bash', '-c', 'docker exec dbt dbt seed']
[2025-11-23T08:18:03.903+0000] {subprocess.py:86} INFO - Output:
[2025-11-23T08:18:05.789+0000] {subprocess.py:93} INFO - [0m08:18:05  Running with dbt=1.10.15
[2025-11-23T08:18:06.081+0000] {subprocess.py:93} INFO - [0m08:18:06  Registered adapter: clickhouse=1.9.6
[2025-11-23T08:18:06.589+0000] {subprocess.py:93} INFO - [0m08:18:06  Found 2 seeds, 4 models, 2 sources, 485 macros
[2025-11-23T08:18:06.594+0000] {subprocess.py:93} INFO - [0m08:18:06
[2025-11-23T08:18:06.596+0000] {subprocess.py:93} INFO - [0m08:18:06  Concurrency: 1 threads (target='dev')
[2025-11-23T08:18:06.599+0000] {subprocess.py:93} INFO - [0m08:18:06
[2025-11-23T08:18:07.304+0000] {subprocess.py:93} INFO - WARNING:urllib3.connectionpool:Retrying (Retry(total=0, connect=None, read=None, redirect=0, status=None)) after connection broken by 'NameResolutionError("<urllib3.connection.HTTPConnection object at 0x7f4951524e50>: Failed to resolve 'clickhouse-server' ([Errno -2] Name or service not known)")': /?
[2025-11-23T08:18:07.313+0000] {subprocess.py:93} INFO - WARNING:clickhouse_connect.driver.httpclient:Unexpected Http Driver Exception
[2025-11-23T08:18:08.328+0000] {subprocess.py:93} INFO - WARNING:urllib3.connectionpool:Retrying (Retry(total=0, connect=None, read=None, redirect=0, status=None)) after connection broken by 'NameResolutionError("<urllib3.connection.HTTPConnection object at 0x7f49515267d0>: Failed to resolve 'clickhouse-server' ([Errno -2] Name or service not known)")': /?
[2025-11-23T08:18:08.338+0000] {subprocess.py:93} INFO - WARNING:clickhouse_connect.driver.httpclient:Unexpected Http Driver Exception
[2025-11-23T08:18:08.347+0000] {subprocess.py:93} INFO - [0m08:18:08
[2025-11-23T08:18:08.348+0000] {subprocess.py:93} INFO - [0m08:18:08  Finished running  in 0 hours 0 minutes and 1.75 seconds (1.75s).
[2025-11-23T08:18:08.349+0000] {subprocess.py:93} INFO - [0m08:18:08  Encountered an error:
[2025-11-23T08:18:08.350+0000] {subprocess.py:93} INFO - Database Error
[2025-11-23T08:18:08.351+0000] {subprocess.py:93} INFO -   Error HTTPConnectionPool(host='clickhouse-server', port=8123): Max retries exceeded with url: /? (Caused by NameResolutionError("<urllib3.connection.HTTPConnection object at 0x7f4951527150>: Failed to resolve 'clickhouse-server' ([Errno -2] Name or service not known)")) executing HTTP request attempt 1 (http://clickhouse-server:8123)
[2025-11-23T08:18:10.295+0000] {subprocess.py:97} INFO - Command exited with return code 2
[2025-11-23T08:18:10.327+0000] {taskinstance.py:2698} ERROR - Task failed with exception
Traceback (most recent call last):
  File "/home/airflow/.local/lib/python3.8/site-packages/airflow/models/taskinstance.py", line 433, in _execute_task
    result = execute_callable(context=context, **execute_callable_kwargs)
  File "/home/airflow/.local/lib/python3.8/site-packages/airflow/operators/bash.py", line 212, in execute
    raise AirflowException(
airflow.exceptions.AirflowException: Bash command failed. The command returned a non-zero exit code 2.
[2025-11-23T08:18:10.331+0000] {taskinstance.py:1138} INFO - Marking task as FAILED. dag_id=fetch_data, task_id=run_dbt, execution_date=20251122T000000, start_date=20251123T081803, end_date=20251123T081810
[2025-11-23T08:18:10.364+0000] {standard_task_runner.py:107} ERROR - Failed to execute job 212 for task run_dbt (Bash command failed. The command returned a non-zero exit code 2.; 95602)
[2025-11-23T08:18:10.406+0000] {local_task_job_runner.py:234} INFO - Task exited with return code 1
[2025-11-23T08:18:10.437+0000] {taskinstance.py:3280} INFO - 0 downstream tasks scheduled from follow-on schedule check
[2025-11-23T08:28:45.274+0000] {taskinstance.py:1956} INFO - Dependencies all met for dep_context=non-requeueable deps ti=<TaskInstance: fetch_data.run_dbt scheduled__2025-11-22T00:00:00+00:00 [queued]>
[2025-11-23T08:28:45.288+0000] {taskinstance.py:1956} INFO - Dependencies all met for dep_context=requeueable deps ti=<TaskInstance: fetch_data.run_dbt scheduled__2025-11-22T00:00:00+00:00 [queued]>
[2025-11-23T08:28:45.289+0000] {taskinstance.py:2170} INFO - Starting attempt 2 of 2
[2025-11-23T08:28:45.318+0000] {taskinstance.py:2191} INFO - Executing <Task(BashOperator): run_dbt> on 2025-11-22 00:00:00+00:00
[2025-11-23T08:28:45.323+0000] {standard_task_runner.py:60} INFO - Started process 97150 to run task
[2025-11-23T08:28:45.329+0000] {standard_task_runner.py:87} INFO - Running: ['***', 'tasks', 'run', 'fetch_data', 'run_dbt', 'scheduled__2025-11-22T00:00:00+00:00', '--job-id', '220', '--raw', '--subdir', 'DAGS_FOLDER/dag_one.py', '--cfg-path', '/tmp/tmpp5vhz86a']
[2025-11-23T08:28:45.331+0000] {standard_task_runner.py:88} INFO - Job 220: Subtask run_dbt
[2025-11-23T08:28:45.412+0000] {task_command.py:423} INFO - Running <TaskInstance: fetch_data.run_dbt scheduled__2025-11-22T00:00:00+00:00 [running]> on host 5fa4049fde26
[2025-11-23T08:28:45.733+0000] {taskinstance.py:2480} INFO - Exporting env vars: AIRFLOW_CTX_DAG_OWNER='***' AIRFLOW_CTX_DAG_ID='fetch_data' AIRFLOW_CTX_TASK_ID='run_dbt' AIRFLOW_CTX_EXECUTION_DATE='2025-11-22T00:00:00+00:00' AIRFLOW_CTX_TRY_NUMBER='2' AIRFLOW_CTX_DAG_RUN_ID='scheduled__2025-11-22T00:00:00+00:00'
[2025-11-23T08:28:45.735+0000] {subprocess.py:63} INFO - Tmp dir root location: /tmp
[2025-11-23T08:28:45.736+0000] {subprocess.py:75} INFO - Running command: ['/usr/bin/bash', '-c', 'docker exec dbt dbt seed']
[2025-11-23T08:28:45.750+0000] {subprocess.py:86} INFO - Output:
[2025-11-23T08:28:47.883+0000] {subprocess.py:93} INFO - [0m08:28:47  Running with dbt=1.10.15
[2025-11-23T08:28:48.190+0000] {subprocess.py:93} INFO - [0m08:28:48  Registered adapter: clickhouse=1.9.6
[2025-11-23T08:28:48.800+0000] {subprocess.py:93} INFO - [0m08:28:48  Found 2 seeds, 4 models, 2 sources, 485 macros
[2025-11-23T08:28:48.804+0000] {subprocess.py:93} INFO - [0m08:28:48
[2025-11-23T08:28:48.805+0000] {subprocess.py:93} INFO - [0m08:28:48  Concurrency: 1 threads (target='dev')
[2025-11-23T08:28:48.806+0000] {subprocess.py:93} INFO - [0m08:28:48
[2025-11-23T08:28:49.411+0000] {subprocess.py:93} INFO - WARNING:urllib3.connectionpool:Retrying (Retry(total=0, connect=None, read=None, redirect=0, status=None)) after connection broken by 'NameResolutionError("<urllib3.connection.HTTPConnection object at 0x7f9be5d72ed0>: Failed to resolve 'clickhouse-server' ([Errno -2] Name or service not known)")': /?
[2025-11-23T08:28:49.419+0000] {subprocess.py:93} INFO - WARNING:clickhouse_connect.driver.httpclient:Unexpected Http Driver Exception
[2025-11-23T08:28:50.434+0000] {subprocess.py:93} INFO - WARNING:urllib3.connectionpool:Retrying (Retry(total=0, connect=None, read=None, redirect=0, status=None)) after connection broken by 'NameResolutionError("<urllib3.connection.HTTPConnection object at 0x7f9be0ffea10>: Failed to resolve 'clickhouse-server' ([Errno -2] Name or service not known)")': /?
[2025-11-23T08:28:50.443+0000] {subprocess.py:93} INFO - WARNING:clickhouse_connect.driver.httpclient:Unexpected Http Driver Exception
[2025-11-23T08:28:50.449+0000] {subprocess.py:93} INFO - [0m08:28:50
[2025-11-23T08:28:50.450+0000] {subprocess.py:93} INFO - [0m08:28:50  Finished running  in 0 hours 0 minutes and 1.64 seconds (1.64s).
[2025-11-23T08:28:50.452+0000] {subprocess.py:93} INFO - [0m08:28:50  Encountered an error:
[2025-11-23T08:28:50.453+0000] {subprocess.py:93} INFO - Database Error
[2025-11-23T08:28:50.454+0000] {subprocess.py:93} INFO -   Error HTTPConnectionPool(host='clickhouse-server', port=8123): Max retries exceeded with url: /? (Caused by NameResolutionError("<urllib3.connection.HTTPConnection object at 0x7f9be0fff390>: Failed to resolve 'clickhouse-server' ([Errno -2] Name or service not known)")) executing HTTP request attempt 1 (http://clickhouse-server:8123)
[2025-11-23T08:28:52.190+0000] {subprocess.py:97} INFO - Command exited with return code 2
[2025-11-23T08:28:52.226+0000] {taskinstance.py:2698} ERROR - Task failed with exception
Traceback (most recent call last):
  File "/home/airflow/.local/lib/python3.8/site-packages/airflow/models/taskinstance.py", line 433, in _execute_task
    result = execute_callable(context=context, **execute_callable_kwargs)
  File "/home/airflow/.local/lib/python3.8/site-packages/airflow/operators/bash.py", line 212, in execute
    raise AirflowException(
airflow.exceptions.AirflowException: Bash command failed. The command returned a non-zero exit code 2.
[2025-11-23T08:28:52.233+0000] {taskinstance.py:1138} INFO - Marking task as FAILED. dag_id=fetch_data, task_id=run_dbt, execution_date=20251122T000000, start_date=20251123T082845, end_date=20251123T082852
[2025-11-23T08:28:52.272+0000] {standard_task_runner.py:107} ERROR - Failed to execute job 220 for task run_dbt (Bash command failed. The command returned a non-zero exit code 2.; 97150)
[2025-11-23T08:28:52.307+0000] {local_task_job_runner.py:234} INFO - Task exited with return code 1
[2025-11-23T08:28:52.362+0000] {taskinstance.py:3280} INFO - 0 downstream tasks scheduled from follow-on schedule check
