[2025-11-23T08:12:49.233+0000] {taskinstance.py:1956} INFO - Dependencies all met for dep_context=non-requeueable deps ti=<TaskInstance: fetch_data.run_dbt scheduled__2025-11-22T00:00:00+00:00 [queued]>
[2025-11-23T08:12:49.245+0000] {taskinstance.py:1956} INFO - Dependencies all met for dep_context=requeueable deps ti=<TaskInstance: fetch_data.run_dbt scheduled__2025-11-22T00:00:00+00:00 [queued]>
[2025-11-23T08:12:49.246+0000] {taskinstance.py:2170} INFO - Starting attempt 1 of 2
[2025-11-23T08:12:49.263+0000] {taskinstance.py:2191} INFO - Executing <Task(BashOperator): run_dbt> on 2025-11-22 00:00:00+00:00
[2025-11-23T08:12:49.269+0000] {standard_task_runner.py:60} INFO - Started process 94875 to run task
[2025-11-23T08:12:49.274+0000] {standard_task_runner.py:87} INFO - Running: ['***', 'tasks', 'run', 'fetch_data', 'run_dbt', 'scheduled__2025-11-22T00:00:00+00:00', '--job-id', '208', '--raw', '--subdir', 'DAGS_FOLDER/dag_one.py', '--cfg-path', '/tmp/tmp4y6ruwgz']
[2025-11-23T08:12:49.278+0000] {standard_task_runner.py:88} INFO - Job 208: Subtask run_dbt
[2025-11-23T08:12:49.439+0000] {task_command.py:423} INFO - Running <TaskInstance: fetch_data.run_dbt scheduled__2025-11-22T00:00:00+00:00 [running]> on host 5fa4049fde26
[2025-11-23T08:12:49.931+0000] {taskinstance.py:2480} INFO - Exporting env vars: AIRFLOW_CTX_DAG_OWNER='***' AIRFLOW_CTX_DAG_ID='fetch_data' AIRFLOW_CTX_TASK_ID='run_dbt' AIRFLOW_CTX_EXECUTION_DATE='2025-11-22T00:00:00+00:00' AIRFLOW_CTX_TRY_NUMBER='1' AIRFLOW_CTX_DAG_RUN_ID='scheduled__2025-11-22T00:00:00+00:00'
[2025-11-23T08:12:49.933+0000] {subprocess.py:63} INFO - Tmp dir root location: /tmp
[2025-11-23T08:12:49.935+0000] {subprocess.py:75} INFO - Running command: ['/usr/bin/bash', '-c', 'docker exec dbt dbt seed']
[2025-11-23T08:12:49.952+0000] {subprocess.py:86} INFO - Output:
[2025-11-23T08:12:52.004+0000] {subprocess.py:93} INFO - [0m08:12:52  Running with dbt=1.10.15
[2025-11-23T08:12:52.300+0000] {subprocess.py:93} INFO - [0m08:12:52  Registered adapter: clickhouse=1.9.6
[2025-11-23T08:12:53.603+0000] {subprocess.py:93} INFO - [0m08:12:53  [[33mWARNING[0m]: Did not find matching node for patch with name 'DimDate' in the 'models' section of file 'models/marts/schema.yml'
[2025-11-23T08:12:53.612+0000] {subprocess.py:93} INFO - [0m08:12:53  [[33mWARNING[0m]: Did not find matching node for patch with name 'DimTime' in the 'models' section of file 'models/marts/schema.yml'
[2025-11-23T08:12:53.621+0000] {subprocess.py:93} INFO - [0m08:12:53  [[33mWARNING[0m]: Did not find matching node for patch with name 'DimBuilding' in the 'models' section of file 'models/marts/schema.yml'
[2025-11-23T08:12:53.627+0000] {subprocess.py:93} INFO - [0m08:12:53  [[33mWARNING[0m]: Did not find matching node for patch with name 'FactPeopleTraffic' in the 'models' section of file 'models/marts/schema.yml'
[2025-11-23T08:12:53.630+0000] {subprocess.py:93} INFO - [0m08:12:53  [[33mWARNING[0m]: Did not find matching node for patch with name 'DimWeather' in the 'models' section of file 'models/marts/schema.yml'
[2025-11-23T08:12:53.837+0000] {subprocess.py:93} INFO - [0m08:12:53  [[33mWARNING[0m][MissingArgumentsPropertyInGenericTestDeprecation]: Deprecated
[2025-11-23T08:12:53.837+0000] {subprocess.py:93} INFO - functionality
[2025-11-23T08:12:53.838+0000] {subprocess.py:93} INFO - Found top-level arguments to test `relationships`. Arguments to generic tests
[2025-11-23T08:12:53.839+0000] {subprocess.py:93} INFO - should be nested under the `arguments` property.`
[2025-11-23T08:12:53.916+0000] {subprocess.py:93} INFO - [0m08:12:53  [[33mWARNING[0m]: Test 'test.ulemiste_city_insights_dbt.unique_DimDate_DateKey.33d175d160' (models/marts/schema.yml) depends on a node named 'DimDate' in package '' which was not found
[2025-11-23T08:12:53.917+0000] {subprocess.py:93} INFO - [0m08:12:53  [[33mWARNING[0m]: Test 'test.ulemiste_city_insights_dbt.not_null_DimDate_DateKey.1c364727cc' (models/marts/schema.yml) depends on a node named 'DimDate' in package '' which was not found
[2025-11-23T08:12:53.918+0000] {subprocess.py:93} INFO - [0m08:12:53  [[33mWARNING[0m]: Test 'test.ulemiste_city_insights_dbt.not_null_DimDate_FullDate.4d7bb5865e' (models/marts/schema.yml) depends on a node named 'DimDate' in package '' which was not found
[2025-11-23T08:12:53.919+0000] {subprocess.py:93} INFO - [0m08:12:53  [[33mWARNING[0m]: Test 'test.ulemiste_city_insights_dbt.not_null_DimDate_Year.ded4b9dc24' (models/marts/schema.yml) depends on a node named 'DimDate' in package '' which was not found
[2025-11-23T08:12:53.920+0000] {subprocess.py:93} INFO - [0m08:12:53  [[33mWARNING[0m]: Test 'test.ulemiste_city_insights_dbt.not_null_DimDate_Month.d364ef8dcb' (models/marts/schema.yml) depends on a node named 'DimDate' in package '' which was not found
[2025-11-23T08:12:53.922+0000] {subprocess.py:93} INFO - [0m08:12:53  [[33mWARNING[0m]: Test 'test.ulemiste_city_insights_dbt.not_null_DimDate_Date.2d0d7c6c29' (models/marts/schema.yml) depends on a node named 'DimDate' in package '' which was not found
[2025-11-23T08:12:53.923+0000] {subprocess.py:93} INFO - [0m08:12:53  [[33mWARNING[0m]: Test 'test.ulemiste_city_insights_dbt.not_null_DimDate_DayOfWeek.602256afa9' (models/marts/schema.yml) depends on a node named 'DimDate' in package '' which was not found
[2025-11-23T08:12:53.924+0000] {subprocess.py:93} INFO - [0m08:12:53  [[33mWARNING[0m]: Test 'test.ulemiste_city_insights_dbt.unique_DimTime_TimeKey.2c2cfb809a' (models/marts/schema.yml) depends on a node named 'DimTime' in package '' which was not found
[2025-11-23T08:12:53.925+0000] {subprocess.py:93} INFO - [0m08:12:53  [[33mWARNING[0m]: Test 'test.ulemiste_city_insights_dbt.not_null_DimTime_TimeKey.fcc168f097' (models/marts/schema.yml) depends on a node named 'DimTime' in package '' which was not found
[2025-11-23T08:12:53.926+0000] {subprocess.py:93} INFO - [0m08:12:53  [[33mWARNING[0m]: Test 'test.ulemiste_city_insights_dbt.not_null_DimTime_FullTime.4c28ed4430' (models/marts/schema.yml) depends on a node named 'DimTime' in package '' which was not found
[2025-11-23T08:12:53.927+0000] {subprocess.py:93} INFO - [0m08:12:53  [[33mWARNING[0m]: Test 'test.ulemiste_city_insights_dbt.not_null_DimTime_hour.b258f88304' (models/marts/schema.yml) depends on a node named 'DimTime' in package '' which was not found
[2025-11-23T08:12:53.927+0000] {subprocess.py:93} INFO - [0m08:12:53  [[33mWARNING[0m]: Test 'test.ulemiste_city_insights_dbt.not_null_DimTime_minute.e2d6c2a119' (models/marts/schema.yml) depends on a node named 'DimTime' in package '' which was not found
[2025-11-23T08:12:53.928+0000] {subprocess.py:93} INFO - [0m08:12:53  [[33mWARNING[0m]: Test 'test.ulemiste_city_insights_dbt.not_null_DimTime_second.dc83320f55' (models/marts/schema.yml) depends on a node named 'DimTime' in package '' which was not found
[2025-11-23T08:12:53.929+0000] {subprocess.py:93} INFO - [0m08:12:53  [[33mWARNING[0m]: Test 'test.ulemiste_city_insights_dbt.unique_DimBuilding_BuildingKey.d8f7a6f718' (models/marts/schema.yml) depends on a node named 'DimBuilding' in package '' which was not found
[2025-11-23T08:12:53.930+0000] {subprocess.py:93} INFO - [0m08:12:53  [[33mWARNING[0m]: Test 'test.ulemiste_city_insights_dbt.not_null_DimBuilding_BuildingKey.334cc7f6fb' (models/marts/schema.yml) depends on a node named 'DimBuilding' in package '' which was not found
[2025-11-23T08:12:53.930+0000] {subprocess.py:93} INFO - [0m08:12:53  [[33mWARNING[0m]: Test 'test.ulemiste_city_insights_dbt.not_null_DimBuilding_timestamp.55d9dc00c9' (models/marts/schema.yml) depends on a node named 'DimBuilding' in package '' which was not found
[2025-11-23T08:12:53.931+0000] {subprocess.py:93} INFO - [0m08:12:53  [[33mWARNING[0m]: Test 'test.ulemiste_city_insights_dbt.not_null_DimBuilding_name.f57259b18a' (models/marts/schema.yml) depends on a node named 'DimBuilding' in package '' which was not found
[2025-11-23T08:12:53.932+0000] {subprocess.py:93} INFO - [0m08:12:53  [[33mWARNING[0m]: Test 'test.ulemiste_city_insights_dbt.not_null_DimBuilding_out.ce6bbe0f71' (models/marts/schema.yml) depends on a node named 'DimBuilding' in package '' which was not found
[2025-11-23T08:12:53.933+0000] {subprocess.py:93} INFO - [0m08:12:53  [[33mWARNING[0m]: Test 'test.ulemiste_city_insights_dbt.not_null_DimBuilding_in.fb371f9f4c' (models/marts/schema.yml) depends on a node named 'DimBuilding' in package '' which was not found
[2025-11-23T08:12:53.933+0000] {subprocess.py:93} INFO - [0m08:12:53  [[33mWARNING[0m]: Test 'test.ulemiste_city_insights_dbt.unique_FactPeopleTraffic_PeopleTraffic.846277a84d' (models/marts/schema.yml) depends on a node named 'FactPeopleTraffic' in package '' which was not found
[2025-11-23T08:12:53.934+0000] {subprocess.py:93} INFO - [0m08:12:53  [[33mWARNING[0m]: Test 'test.ulemiste_city_insights_dbt.not_null_FactPeopleTraffic_PeopleTraffic.862e16664d' (models/marts/schema.yml) depends on a node named 'FactPeopleTraffic' in package '' which was not found
[2025-11-23T08:12:53.936+0000] {subprocess.py:93} INFO - [0m08:12:53  [[33mWARNING[0m]: Test 'test.ulemiste_city_insights_dbt.relationships_FactPeopleTraffic_DateKey__ref_DimDate_.fdf249bd57' (models/marts/schema.yml) depends on a node named 'DimDate' in package '' which was not found
[2025-11-23T08:12:53.936+0000] {subprocess.py:93} INFO - [0m08:12:53  [[33mWARNING[0m]: Test 'test.ulemiste_city_insights_dbt.relationships_FactPeopleTraffic_DateKey__ref_DimDate_.fdf249bd57' (models/marts/schema.yml) depends on a node named 'FactPeopleTraffic' in package '' which was not found
[2025-11-23T08:12:53.937+0000] {subprocess.py:93} INFO - [0m08:12:53  [[33mWARNING[0m]: Test 'test.ulemiste_city_insights_dbt.relationships_FactPeopleTraffic_TimeKey__ref_DimTime_.e5bf624e98' (models/marts/schema.yml) depends on a node named 'DimTime' in package '' which was not found
[2025-11-23T08:12:53.938+0000] {subprocess.py:93} INFO - [0m08:12:53  [[33mWARNING[0m]: Test 'test.ulemiste_city_insights_dbt.relationships_FactPeopleTraffic_TimeKey__ref_DimTime_.e5bf624e98' (models/marts/schema.yml) depends on a node named 'FactPeopleTraffic' in package '' which was not found
[2025-11-23T08:12:53.939+0000] {subprocess.py:93} INFO - [0m08:12:53  [[33mWARNING[0m]: Test 'test.ulemiste_city_insights_dbt.relationships_FactPeopleTraffic_BuildingKey__ref_DimBuilding_.0b00b7f414' (models/marts/schema.yml) depends on a node named 'DimBuilding' in package '' which was not found
[2025-11-23T08:12:53.940+0000] {subprocess.py:93} INFO - [0m08:12:53  [[33mWARNING[0m]: Test 'test.ulemiste_city_insights_dbt.relationships_FactPeopleTraffic_BuildingKey__ref_DimBuilding_.0b00b7f414' (models/marts/schema.yml) depends on a node named 'FactPeopleTraffic' in package '' which was not found
[2025-11-23T08:12:53.941+0000] {subprocess.py:93} INFO - [0m08:12:53  [[33mWARNING[0m]: Test 'test.ulemiste_city_insights_dbt.relationships_FactPeopleTraffic_WeatherKey__ref_DimWeather_.01c6e54c32' (models/marts/schema.yml) depends on a node named 'DimWeather' in package '' which was not found
[2025-11-23T08:12:53.941+0000] {subprocess.py:93} INFO - [0m08:12:53  [[33mWARNING[0m]: Test 'test.ulemiste_city_insights_dbt.relationships_FactPeopleTraffic_WeatherKey__ref_DimWeather_.01c6e54c32' (models/marts/schema.yml) depends on a node named 'FactPeopleTraffic' in package '' which was not found
[2025-11-23T08:12:53.942+0000] {subprocess.py:93} INFO - [0m08:12:53  [[33mWARNING[0m]: Test 'test.ulemiste_city_insights_dbt.unique_DimWeather_WeatherKey.b4e02f077a' (models/marts/schema.yml) depends on a node named 'DimWeather' in package '' which was not found
[2025-11-23T08:12:53.943+0000] {subprocess.py:93} INFO - [0m08:12:53  [[33mWARNING[0m]: Test 'test.ulemiste_city_insights_dbt.not_null_DimWeather_WeatherKey.e22711a26a' (models/marts/schema.yml) depends on a node named 'DimWeather' in package '' which was not found
[2025-11-23T08:12:53.944+0000] {subprocess.py:93} INFO - [0m08:12:53  [[33mWARNING[0m]: Test 'test.ulemiste_city_insights_dbt.not_null_DimWeather_timestamp.13ce388446' (models/marts/schema.yml) depends on a node named 'DimWeather' in package '' which was not found
[2025-11-23T08:12:53.944+0000] {subprocess.py:93} INFO - [0m08:12:53  [[33mWARNING[0m]: Test 'test.ulemiste_city_insights_dbt.not_null_DimWeather_temp.f0b34306d8' (models/marts/schema.yml) depends on a node named 'DimWeather' in package '' which was not found
[2025-11-23T08:12:53.945+0000] {subprocess.py:93} INFO - [0m08:12:53  [[33mWARNING[0m]: Test 'test.ulemiste_city_insights_dbt.not_null_DimWeather_prcp.390ec3a7f9' (models/marts/schema.yml) depends on a node named 'DimWeather' in package '' which was not found
[2025-11-23T08:12:54.186+0000] {subprocess.py:93} INFO - [0m08:12:54  Found 2 seeds, 4 models, 2 sources, 485 macros
[2025-11-23T08:12:54.193+0000] {subprocess.py:93} INFO - [0m08:12:54
[2025-11-23T08:12:54.194+0000] {subprocess.py:93} INFO - [0m08:12:54  Concurrency: 1 threads (target='dev')
[2025-11-23T08:12:54.196+0000] {subprocess.py:93} INFO - [0m08:12:54
[2025-11-23T08:12:54.866+0000] {subprocess.py:93} INFO - WARNING:urllib3.connectionpool:Retrying (Retry(total=0, connect=None, read=None, redirect=0, status=None)) after connection broken by 'NameResolutionError("<urllib3.connection.HTTPConnection object at 0x7f14f0fd2ad0>: Failed to resolve 'clickhouse-server' ([Errno -2] Name or service not known)")': /?
[2025-11-23T08:12:54.874+0000] {subprocess.py:93} INFO - WARNING:clickhouse_connect.driver.httpclient:Unexpected Http Driver Exception
[2025-11-23T08:12:55.896+0000] {subprocess.py:93} INFO - WARNING:urllib3.connectionpool:Retrying (Retry(total=0, connect=None, read=None, redirect=0, status=None)) after connection broken by 'NameResolutionError("<urllib3.connection.HTTPConnection object at 0x7f14f0fec510>: Failed to resolve 'clickhouse-server' ([Errno -2] Name or service not known)")': /?
[2025-11-23T08:12:55.908+0000] {subprocess.py:93} INFO - WARNING:clickhouse_connect.driver.httpclient:Unexpected Http Driver Exception
[2025-11-23T08:12:55.918+0000] {subprocess.py:93} INFO - [0m08:12:55
[2025-11-23T08:12:55.920+0000] {subprocess.py:93} INFO - [0m08:12:55  Finished running  in 0 hours 0 minutes and 1.72 seconds (1.72s).
[2025-11-23T08:12:55.923+0000] {subprocess.py:93} INFO - [0m08:12:55  Encountered an error:
[2025-11-23T08:12:55.923+0000] {subprocess.py:93} INFO - Database Error
[2025-11-23T08:12:55.924+0000] {subprocess.py:93} INFO -   Error HTTPConnectionPool(host='clickhouse-server', port=8123): Max retries exceeded with url: /? (Caused by NameResolutionError("<urllib3.connection.HTTPConnection object at 0x7f14f0fece90>: Failed to resolve 'clickhouse-server' ([Errno -2] Name or service not known)")) executing HTTP request attempt 1 (http://clickhouse-server:8123)
[2025-11-23T08:12:55.926+0000] {subprocess.py:93} INFO - [0m08:12:55  [[33mWARNING[0m][DeprecationsSummary]: Deprecated functionality
[2025-11-23T08:12:55.927+0000] {subprocess.py:93} INFO - Summary of encountered deprecations:
[2025-11-23T08:12:55.928+0000] {subprocess.py:93} INFO - - MissingArgumentsPropertyInGenericTestDeprecation: 4 occurrences
[2025-11-23T08:12:55.929+0000] {subprocess.py:93} INFO - To see all deprecation instances instead of just the first occurrence of each,
[2025-11-23T08:12:55.930+0000] {subprocess.py:93} INFO - run command again with the `--show-all-deprecations` flag. You may also need to
[2025-11-23T08:12:55.931+0000] {subprocess.py:93} INFO - run with `--no-partial-parse` as some deprecations are only encountered during
[2025-11-23T08:12:55.932+0000] {subprocess.py:93} INFO - parsing.
[2025-11-23T08:12:57.927+0000] {subprocess.py:97} INFO - Command exited with return code 2
[2025-11-23T08:12:57.984+0000] {taskinstance.py:2698} ERROR - Task failed with exception
Traceback (most recent call last):
  File "/home/airflow/.local/lib/python3.8/site-packages/airflow/models/taskinstance.py", line 433, in _execute_task
    result = execute_callable(context=context, **execute_callable_kwargs)
  File "/home/airflow/.local/lib/python3.8/site-packages/airflow/operators/bash.py", line 212, in execute
    raise AirflowException(
airflow.exceptions.AirflowException: Bash command failed. The command returned a non-zero exit code 2.
[2025-11-23T08:12:57.996+0000] {taskinstance.py:1138} INFO - Marking task as UP_FOR_RETRY. dag_id=fetch_data, task_id=run_dbt, execution_date=20251122T000000, start_date=20251123T081249, end_date=20251123T081257
[2025-11-23T08:12:58.041+0000] {standard_task_runner.py:107} ERROR - Failed to execute job 208 for task run_dbt (Bash command failed. The command returned a non-zero exit code 2.; 94875)
[2025-11-23T08:12:58.089+0000] {local_task_job_runner.py:234} INFO - Task exited with return code 1
[2025-11-23T08:12:58.152+0000] {taskinstance.py:3280} INFO - 0 downstream tasks scheduled from follow-on schedule check
[2025-11-23T08:23:31.780+0000] {taskinstance.py:1956} INFO - Dependencies all met for dep_context=non-requeueable deps ti=<TaskInstance: fetch_data.run_dbt scheduled__2025-11-22T00:00:00+00:00 [queued]>
[2025-11-23T08:23:31.800+0000] {taskinstance.py:1956} INFO - Dependencies all met for dep_context=requeueable deps ti=<TaskInstance: fetch_data.run_dbt scheduled__2025-11-22T00:00:00+00:00 [queued]>
[2025-11-23T08:23:31.801+0000] {taskinstance.py:2170} INFO - Starting attempt 1 of 2
[2025-11-23T08:23:31.827+0000] {taskinstance.py:2191} INFO - Executing <Task(BashOperator): run_dbt> on 2025-11-22 00:00:00+00:00
[2025-11-23T08:23:31.835+0000] {standard_task_runner.py:60} INFO - Started process 96456 to run task
[2025-11-23T08:23:31.842+0000] {standard_task_runner.py:87} INFO - Running: ['***', 'tasks', 'run', 'fetch_data', 'run_dbt', 'scheduled__2025-11-22T00:00:00+00:00', '--job-id', '218', '--raw', '--subdir', 'DAGS_FOLDER/dag_one.py', '--cfg-path', '/tmp/tmpz9_f7sad']
[2025-11-23T08:23:31.848+0000] {standard_task_runner.py:88} INFO - Job 218: Subtask run_dbt
[2025-11-23T08:23:31.986+0000] {task_command.py:423} INFO - Running <TaskInstance: fetch_data.run_dbt scheduled__2025-11-22T00:00:00+00:00 [running]> on host 5fa4049fde26
[2025-11-23T08:23:32.376+0000] {taskinstance.py:2480} INFO - Exporting env vars: AIRFLOW_CTX_DAG_OWNER='***' AIRFLOW_CTX_DAG_ID='fetch_data' AIRFLOW_CTX_TASK_ID='run_dbt' AIRFLOW_CTX_EXECUTION_DATE='2025-11-22T00:00:00+00:00' AIRFLOW_CTX_TRY_NUMBER='1' AIRFLOW_CTX_DAG_RUN_ID='scheduled__2025-11-22T00:00:00+00:00'
[2025-11-23T08:23:32.384+0000] {subprocess.py:63} INFO - Tmp dir root location: /tmp
[2025-11-23T08:23:32.387+0000] {subprocess.py:75} INFO - Running command: ['/usr/bin/bash', '-c', 'docker exec dbt dbt seed']
[2025-11-23T08:23:32.413+0000] {subprocess.py:86} INFO - Output:
[2025-11-23T08:23:34.656+0000] {subprocess.py:93} INFO - [0m08:23:34  Running with dbt=1.10.15
[2025-11-23T08:23:34.958+0000] {subprocess.py:93} INFO - [0m08:23:34  Registered adapter: clickhouse=1.9.6
[2025-11-23T08:23:35.468+0000] {subprocess.py:93} INFO - [0m08:23:35  Found 2 seeds, 4 models, 2 sources, 485 macros
[2025-11-23T08:23:35.473+0000] {subprocess.py:93} INFO - [0m08:23:35
[2025-11-23T08:23:35.474+0000] {subprocess.py:93} INFO - [0m08:23:35  Concurrency: 1 threads (target='dev')
[2025-11-23T08:23:35.475+0000] {subprocess.py:93} INFO - [0m08:23:35
[2025-11-23T08:23:36.054+0000] {subprocess.py:93} INFO - WARNING:urllib3.connectionpool:Retrying (Retry(total=0, connect=None, read=None, redirect=0, status=None)) after connection broken by 'NameResolutionError("<urllib3.connection.HTTPConnection object at 0x7fcac37dff50>: Failed to resolve 'clickhouse-server' ([Errno -2] Name or service not known)")': /?
[2025-11-23T08:23:36.062+0000] {subprocess.py:93} INFO - WARNING:clickhouse_connect.driver.httpclient:Unexpected Http Driver Exception
[2025-11-23T08:23:37.080+0000] {subprocess.py:93} INFO - WARNING:urllib3.connectionpool:Retrying (Retry(total=0, connect=None, read=None, redirect=0, status=None)) after connection broken by 'NameResolutionError("<urllib3.connection.HTTPConnection object at 0x7fcac37fd910>: Failed to resolve 'clickhouse-server' ([Errno -2] Name or service not known)")': /?
[2025-11-23T08:23:37.094+0000] {subprocess.py:93} INFO - WARNING:clickhouse_connect.driver.httpclient:Unexpected Http Driver Exception
[2025-11-23T08:23:37.109+0000] {subprocess.py:93} INFO - [0m08:23:37
[2025-11-23T08:23:37.114+0000] {subprocess.py:93} INFO - [0m08:23:37  Finished running  in 0 hours 0 minutes and 1.63 seconds (1.63s).
[2025-11-23T08:23:37.120+0000] {subprocess.py:93} INFO - [0m08:23:37  Encountered an error:
[2025-11-23T08:23:37.122+0000] {subprocess.py:93} INFO - Database Error
[2025-11-23T08:23:37.124+0000] {subprocess.py:93} INFO -   Error HTTPConnectionPool(host='clickhouse-server', port=8123): Max retries exceeded with url: /? (Caused by NameResolutionError("<urllib3.connection.HTTPConnection object at 0x7fcac37fe290>: Failed to resolve 'clickhouse-server' ([Errno -2] Name or service not known)")) executing HTTP request attempt 1 (http://clickhouse-server:8123)
[2025-11-23T08:23:38.872+0000] {subprocess.py:97} INFO - Command exited with return code 2
[2025-11-23T08:23:38.911+0000] {taskinstance.py:2698} ERROR - Task failed with exception
Traceback (most recent call last):
  File "/home/airflow/.local/lib/python3.8/site-packages/airflow/models/taskinstance.py", line 433, in _execute_task
    result = execute_callable(context=context, **execute_callable_kwargs)
  File "/home/airflow/.local/lib/python3.8/site-packages/airflow/operators/bash.py", line 212, in execute
    raise AirflowException(
airflow.exceptions.AirflowException: Bash command failed. The command returned a non-zero exit code 2.
[2025-11-23T08:23:38.919+0000] {taskinstance.py:1138} INFO - Marking task as UP_FOR_RETRY. dag_id=fetch_data, task_id=run_dbt, execution_date=20251122T000000, start_date=20251123T082331, end_date=20251123T082338
[2025-11-23T08:23:38.991+0000] {standard_task_runner.py:107} ERROR - Failed to execute job 218 for task run_dbt (Bash command failed. The command returned a non-zero exit code 2.; 96456)
[2025-11-23T08:23:39.049+0000] {local_task_job_runner.py:234} INFO - Task exited with return code 1
[2025-11-23T08:23:39.208+0000] {taskinstance.py:3280} INFO - 0 downstream tasks scheduled from follow-on schedule check
