[2025-11-20T12:15:03.248+0000] {taskinstance.py:1956} INFO - Dependencies all met for dep_context=non-requeueable deps ti=<TaskInstance: minio_to_duckdb_pipeline.upload_csv_to_minio manual__2025-11-20T12:15:02.216329+00:00 [queued]>
[2025-11-20T12:15:03.256+0000] {taskinstance.py:1956} INFO - Dependencies all met for dep_context=requeueable deps ti=<TaskInstance: minio_to_duckdb_pipeline.upload_csv_to_minio manual__2025-11-20T12:15:02.216329+00:00 [queued]>
[2025-11-20T12:15:03.257+0000] {taskinstance.py:2170} INFO - Starting attempt 1 of 1
[2025-11-20T12:15:03.270+0000] {taskinstance.py:2191} INFO - Executing <Task(PythonOperator): upload_csv_to_minio> on 2025-11-20 12:15:02.216329+00:00
[2025-11-20T12:15:03.273+0000] {standard_task_runner.py:60} INFO - Started process 6407 to run task
[2025-11-20T12:15:03.276+0000] {standard_task_runner.py:87} INFO - Running: ['***', 'tasks', 'run', 'minio_to_duckdb_pipeline', 'upload_csv_to_minio', 'manual__2025-11-20T12:15:02.216329+00:00', '--job-id', '44', '--raw', '--subdir', 'DAGS_FOLDER/dag_two.py', '--cfg-path', '/tmp/tmpqjuhdwzv']
[2025-11-20T12:15:03.278+0000] {standard_task_runner.py:88} INFO - Job 44: Subtask upload_csv_to_minio
[2025-11-20T12:15:03.332+0000] {task_command.py:423} INFO - Running <TaskInstance: minio_to_duckdb_pipeline.upload_csv_to_minio manual__2025-11-20T12:15:02.216329+00:00 [running]> on host 801760f054ff
[2025-11-20T12:15:03.412+0000] {taskinstance.py:2480} INFO - Exporting env vars: AIRFLOW_CTX_DAG_OWNER='***' AIRFLOW_CTX_DAG_ID='minio_to_duckdb_pipeline' AIRFLOW_CTX_TASK_ID='upload_csv_to_minio' AIRFLOW_CTX_EXECUTION_DATE='2025-11-20T12:15:02.216329+00:00' AIRFLOW_CTX_TRY_NUMBER='1' AIRFLOW_CTX_DAG_RUN_ID='manual__2025-11-20T12:15:02.216329+00:00'
[2025-11-20T12:15:03.421+0000] {logging_mixin.py:188} INFO - THIS IS LOCAL PATH:./dbt/seeds/bronze_mobility.csv
[2025-11-20T12:15:03.421+0000] {logging_mixin.py:188} INFO - THIS IS REMOTE PATH:bronze_mobility.csv
[2025-11-20T12:15:03.576+0000] {logging_mixin.py:188} INFO - Uploaded ./dbt/seeds/bronze_mobility.csv → s3://project-bucket/bronze_mobility.csv
[2025-11-20T12:15:03.576+0000] {logging_mixin.py:188} INFO - THIS IS LOCAL PATH:./dbt/seeds/bronze_weather.csv
[2025-11-20T12:15:03.577+0000] {logging_mixin.py:188} INFO - THIS IS REMOTE PATH:bronze_weather.csv
[2025-11-20T12:15:03.593+0000] {logging_mixin.py:188} INFO - Uploaded ./dbt/seeds/bronze_weather.csv → s3://project-bucket/bronze_weather.csv
[2025-11-20T12:15:03.594+0000] {logging_mixin.py:188} INFO - THIS IS LOCAL PATH:./dbt/seeds/bronze_infrared.csv
[2025-11-20T12:15:03.594+0000] {logging_mixin.py:188} INFO - THIS IS REMOTE PATH:bronze_infrared.csv
[2025-11-20T12:15:03.723+0000] {logging_mixin.py:188} INFO - Uploaded ./dbt/seeds/bronze_infrared.csv → s3://project-bucket/bronze_infrared.csv
[2025-11-20T12:15:03.724+0000] {python.py:201} INFO - Done. Returned value was: None
[2025-11-20T12:15:03.736+0000] {taskinstance.py:1138} INFO - Marking task as SUCCESS. dag_id=minio_to_duckdb_pipeline, task_id=upload_csv_to_minio, execution_date=20251120T121502, start_date=20251120T121503, end_date=20251120T121503
[2025-11-20T12:15:03.782+0000] {local_task_job_runner.py:234} INFO - Task exited with return code 0
[2025-11-20T12:15:03.807+0000] {taskinstance.py:3280} INFO - 1 downstream tasks scheduled from follow-on schedule check
