[2025-11-27T10:13:11.071+0000] {taskinstance.py:1956} INFO - Dependencies all met for dep_context=non-requeueable deps ti=<TaskInstance: fetch_data.run_dbt manual__2025-11-27T10:12:19.089534+00:00 [queued]>
[2025-11-27T10:13:11.108+0000] {taskinstance.py:1956} INFO - Dependencies all met for dep_context=requeueable deps ti=<TaskInstance: fetch_data.run_dbt manual__2025-11-27T10:12:19.089534+00:00 [queued]>
[2025-11-27T10:13:11.114+0000] {taskinstance.py:2170} INFO - Starting attempt 1 of 2
[2025-11-27T10:13:11.156+0000] {taskinstance.py:2191} INFO - Executing <Task(BashOperator): run_dbt> on 2025-11-27 10:12:19.089534+00:00
[2025-11-27T10:13:11.167+0000] {standard_task_runner.py:60} INFO - Started process 13883 to run task
[2025-11-27T10:13:11.178+0000] {standard_task_runner.py:87} INFO - Running: ['***', 'tasks', 'run', 'fetch_data', 'run_dbt', 'manual__2025-11-27T10:12:19.089534+00:00', '--job-id', '536', '--raw', '--subdir', 'DAGS_FOLDER/01_data_fetch_mkCHtbls.py', '--cfg-path', '/tmp/tmpjkky9d6i']
[2025-11-27T10:13:11.183+0000] {standard_task_runner.py:88} INFO - Job 536: Subtask run_dbt
[2025-11-27T10:13:11.342+0000] {task_command.py:423} INFO - Running <TaskInstance: fetch_data.run_dbt manual__2025-11-27T10:12:19.089534+00:00 [running]> on host 8e7e8c622b15
[2025-11-27T10:13:11.930+0000] {taskinstance.py:2480} INFO - Exporting env vars: AIRFLOW_CTX_DAG_OWNER='***' AIRFLOW_CTX_DAG_ID='fetch_data' AIRFLOW_CTX_TASK_ID='run_dbt' AIRFLOW_CTX_EXECUTION_DATE='2025-11-27T10:12:19.089534+00:00' AIRFLOW_CTX_TRY_NUMBER='1' AIRFLOW_CTX_DAG_RUN_ID='manual__2025-11-27T10:12:19.089534+00:00'
[2025-11-27T10:13:11.934+0000] {subprocess.py:63} INFO - Tmp dir root location: /tmp
[2025-11-27T10:13:11.938+0000] {subprocess.py:75} INFO - Running command: ['/usr/bin/bash', '-c', 'docker exec dbt dbt run']
[2025-11-27T10:13:11.976+0000] {subprocess.py:86} INFO - Output:
[2025-11-27T10:13:15.827+0000] {subprocess.py:93} INFO - [0m10:13:15  Running with dbt=1.10.15
[2025-11-27T10:13:16.259+0000] {subprocess.py:93} INFO - [0m10:13:16  Registered adapter: clickhouse=1.9.6
[2025-11-27T10:13:16.592+0000] {subprocess.py:93} INFO - [0m10:13:16  [[33mWARNING[0m]: Configuration paths exist in your dbt_project.yml file which do not apply to any resources.
[2025-11-27T10:13:16.593+0000] {subprocess.py:93} INFO - There are 3 unused configuration paths:
[2025-11-27T10:13:16.594+0000] {subprocess.py:93} INFO - - models.peopletraffic_uc.silver
[2025-11-27T10:13:16.595+0000] {subprocess.py:93} INFO - - models.peopletraffic_uc.gold
[2025-11-27T10:13:16.595+0000] {subprocess.py:93} INFO - - models.peopletraffic_uc.bronze
[2025-11-27T10:13:16.958+0000] {subprocess.py:93} INFO - [0m10:13:16  Found 7 models, 15 data tests, 2 sources, 485 macros
[2025-11-27T10:13:16.964+0000] {subprocess.py:93} INFO - [0m10:13:16
[2025-11-27T10:13:16.965+0000] {subprocess.py:93} INFO - [0m10:13:16  Concurrency: 1 threads (target='dev')
[2025-11-27T10:13:16.967+0000] {subprocess.py:93} INFO - [0m10:13:16
[2025-11-27T10:13:17.898+0000] {subprocess.py:93} INFO - [0m10:13:17  1 of 7 START sql incremental model `default`.`dim_time` ........................ [RUN]
[2025-11-27T10:13:18.189+0000] {subprocess.py:93} INFO - [0m10:13:18  1 of 7 OK created sql incremental model `default`.`dim_time` ................... [[32mOK[0m in 0.29s]
[2025-11-27T10:13:18.192+0000] {subprocess.py:93} INFO - [0m10:13:18  2 of 7 START sql view model `default`.`stg_dim_building` ....................... [RUN]
[2025-11-27T10:13:18.300+0000] {subprocess.py:93} INFO - [0m10:13:18  2 of 7 OK created sql view model `default`.`stg_dim_building` .................. [[32mOK[0m in 0.10s]
[2025-11-27T10:13:18.304+0000] {subprocess.py:93} INFO - [0m10:13:18  3 of 7 START sql view model `default`.`stg_dim_weather` ........................ [RUN]
[2025-11-27T10:13:18.358+0000] {subprocess.py:93} INFO - [0m10:13:18  3 of 7 OK created sql view model `default`.`stg_dim_weather` ................... [[32mOK[0m in 0.05s]
[2025-11-27T10:13:18.362+0000] {subprocess.py:93} INFO - [0m10:13:18  4 of 7 START sql incremental model `default`.`dim_building` .................... [RUN]
[2025-11-27T10:13:18.434+0000] {subprocess.py:93} INFO - [0m10:13:18  4 of 7 OK created sql incremental model `default`.`dim_building` ............... [[32mOK[0m in 0.07s]
[2025-11-27T10:13:18.439+0000] {subprocess.py:93} INFO - [0m10:13:18  5 of 7 START sql incremental model `default`.`dim_date` ........................ [RUN]
[2025-11-27T10:13:18.513+0000] {subprocess.py:93} INFO - [0m10:13:18  5 of 7 OK created sql incremental model `default`.`dim_date` ................... [[32mOK[0m in 0.07s]
[2025-11-27T10:13:18.517+0000] {subprocess.py:93} INFO - [0m10:13:18  6 of 7 START sql incremental model `default`.`dim_weather` ..................... [RUN]
[2025-11-27T10:13:18.571+0000] {subprocess.py:93} INFO - [0m10:13:18  6 of 7 OK created sql incremental model `default`.`dim_weather` ................ [[32mOK[0m in 0.05s]
[2025-11-27T10:13:18.576+0000] {subprocess.py:93} INFO - [0m10:13:18  7 of 7 START sql incremental model `default`.`fact_people_traffic` ............. [RUN]
[2025-11-27T10:13:18.669+0000] {subprocess.py:93} INFO - [0m10:13:18  7 of 7 ERROR creating sql incremental model `default`.`fact_people_traffic` .... [[31mERROR[0m in 0.09s]
[2025-11-27T10:13:18.681+0000] {subprocess.py:93} INFO - [0m10:13:18
[2025-11-27T10:13:18.686+0000] {subprocess.py:93} INFO - [0m10:13:18  Finished running 5 incremental models, 2 view models in 0 hours 0 minutes and 1.71 seconds (1.71s).
[2025-11-27T10:13:18.800+0000] {subprocess.py:93} INFO - [0m10:13:18
[2025-11-27T10:13:18.802+0000] {subprocess.py:93} INFO - [0m10:13:18  [31mCompleted with 1 error, 0 partial successes, and 0 warnings:[0m
[2025-11-27T10:13:18.805+0000] {subprocess.py:93} INFO - [0m10:13:18
[2025-11-27T10:13:18.807+0000] {subprocess.py:93} INFO - [0m10:13:18  [31mFailure in model fact_people_traffic (models/marts/fact_people_traffic.sql)[0m
[2025-11-27T10:13:18.809+0000] {subprocess.py:93} INFO - [0m10:13:18    Database Error in model fact_people_traffic (models/marts/fact_people_traffic.sql)
[2025-11-27T10:13:18.810+0000] {subprocess.py:93} INFO -   Received ClickHouse exception, code: 47, server response: Code: 47. DB::Exception: Unknown expression identifier `weather_key` in scope  f. (UNKNOWN_IDENTIFIER) (version 25.10.2.65 (official build)) (for url http://clickhouse-server:8123)
[2025-11-27T10:13:18.812+0000] {subprocess.py:93} INFO - [0m10:13:18
[2025-11-27T10:13:18.814+0000] {subprocess.py:93} INFO - [0m10:13:18    compiled code at target/compiled/peopletraffic/models/marts/fact_people_traffic.sql
[2025-11-27T10:13:18.818+0000] {subprocess.py:93} INFO - [0m10:13:18
[2025-11-27T10:13:18.820+0000] {subprocess.py:93} INFO - [0m10:13:18  Done. PASS=6 WARN=0 ERROR=1 SKIP=0 NO-OP=0 TOTAL=7
[2025-11-27T10:13:20.118+0000] {subprocess.py:97} INFO - Command exited with return code 1
[2025-11-27T10:13:20.150+0000] {taskinstance.py:2698} ERROR - Task failed with exception
Traceback (most recent call last):
  File "/home/airflow/.local/lib/python3.8/site-packages/airflow/models/taskinstance.py", line 433, in _execute_task
    result = execute_callable(context=context, **execute_callable_kwargs)
  File "/home/airflow/.local/lib/python3.8/site-packages/airflow/operators/bash.py", line 212, in execute
    raise AirflowException(
airflow.exceptions.AirflowException: Bash command failed. The command returned a non-zero exit code 1.
[2025-11-27T10:13:20.156+0000] {taskinstance.py:1138} INFO - Marking task as UP_FOR_RETRY. dag_id=fetch_data, task_id=run_dbt, execution_date=20251127T101219, start_date=20251127T101311, end_date=20251127T101320
[2025-11-27T10:13:20.192+0000] {standard_task_runner.py:107} ERROR - Failed to execute job 536 for task run_dbt (Bash command failed. The command returned a non-zero exit code 1.; 13883)
[2025-11-27T10:13:20.223+0000] {local_task_job_runner.py:234} INFO - Task exited with return code 1
[2025-11-27T10:13:20.271+0000] {taskinstance.py:3280} INFO - 0 downstream tasks scheduled from follow-on schedule check
