[2025-11-27T10:18:28.353+0000] {taskinstance.py:1956} INFO - Dependencies all met for dep_context=non-requeueable deps ti=<TaskInstance: fetch_data.run_dbt manual__2025-11-27T10:12:19.089534+00:00 [queued]>
[2025-11-27T10:18:28.369+0000] {taskinstance.py:1956} INFO - Dependencies all met for dep_context=requeueable deps ti=<TaskInstance: fetch_data.run_dbt manual__2025-11-27T10:12:19.089534+00:00 [queued]>
[2025-11-27T10:18:28.370+0000] {taskinstance.py:2170} INFO - Starting attempt 2 of 2
[2025-11-27T10:18:28.403+0000] {taskinstance.py:2191} INFO - Executing <Task(BashOperator): run_dbt> on 2025-11-27 10:12:19.089534+00:00
[2025-11-27T10:18:28.412+0000] {standard_task_runner.py:60} INFO - Started process 14972 to run task
[2025-11-27T10:18:28.418+0000] {standard_task_runner.py:87} INFO - Running: ['***', 'tasks', 'run', 'fetch_data', 'run_dbt', 'manual__2025-11-27T10:12:19.089534+00:00', '--job-id', '547', '--raw', '--subdir', 'DAGS_FOLDER/01_data_fetch_mkCHtbls.py', '--cfg-path', '/tmp/tmpt1gxyceh']
[2025-11-27T10:18:28.422+0000] {standard_task_runner.py:88} INFO - Job 547: Subtask run_dbt
[2025-11-27T10:18:28.549+0000] {task_command.py:423} INFO - Running <TaskInstance: fetch_data.run_dbt manual__2025-11-27T10:12:19.089534+00:00 [running]> on host 8e7e8c622b15
[2025-11-27T10:18:29.093+0000] {taskinstance.py:2480} INFO - Exporting env vars: AIRFLOW_CTX_DAG_OWNER='***' AIRFLOW_CTX_DAG_ID='fetch_data' AIRFLOW_CTX_TASK_ID='run_dbt' AIRFLOW_CTX_EXECUTION_DATE='2025-11-27T10:12:19.089534+00:00' AIRFLOW_CTX_TRY_NUMBER='2' AIRFLOW_CTX_DAG_RUN_ID='manual__2025-11-27T10:12:19.089534+00:00'
[2025-11-27T10:18:29.097+0000] {subprocess.py:63} INFO - Tmp dir root location: /tmp
[2025-11-27T10:18:29.100+0000] {subprocess.py:75} INFO - Running command: ['/usr/bin/bash', '-c', 'docker exec dbt dbt run']
[2025-11-27T10:18:29.125+0000] {subprocess.py:86} INFO - Output:
[2025-11-27T10:18:32.369+0000] {subprocess.py:93} INFO - [0m10:18:32  Running with dbt=1.10.15
[2025-11-27T10:18:32.834+0000] {subprocess.py:93} INFO - [0m10:18:32  Registered adapter: clickhouse=1.9.6
[2025-11-27T10:18:33.339+0000] {subprocess.py:93} INFO - [0m10:18:33  [[33mWARNING[0m]: Configuration paths exist in your dbt_project.yml file which do not apply to any resources.
[2025-11-27T10:18:33.341+0000] {subprocess.py:93} INFO - There are 3 unused configuration paths:
[2025-11-27T10:18:33.341+0000] {subprocess.py:93} INFO - - models.peopletraffic_uc.bronze
[2025-11-27T10:18:33.342+0000] {subprocess.py:93} INFO - - models.peopletraffic_uc.gold
[2025-11-27T10:18:33.343+0000] {subprocess.py:93} INFO - - models.peopletraffic_uc.silver
[2025-11-27T10:18:33.729+0000] {subprocess.py:93} INFO - [0m10:18:33  Found 7 models, 15 data tests, 2 sources, 485 macros
[2025-11-27T10:18:33.737+0000] {subprocess.py:93} INFO - [0m10:18:33
[2025-11-27T10:18:33.738+0000] {subprocess.py:93} INFO - [0m10:18:33  Concurrency: 1 threads (target='dev')
[2025-11-27T10:18:33.739+0000] {subprocess.py:93} INFO - [0m10:18:33
[2025-11-27T10:18:35.241+0000] {subprocess.py:93} INFO - [0m10:18:35  1 of 7 START sql incremental model `default`.`dim_time` ........................ [RUN]
[2025-11-27T10:18:35.546+0000] {subprocess.py:93} INFO - [0m10:18:35  1 of 7 OK created sql incremental model `default`.`dim_time` ................... [[32mOK[0m in 0.30s]
[2025-11-27T10:18:35.554+0000] {subprocess.py:93} INFO - [0m10:18:35  2 of 7 START sql view model `default`.`stg_dim_building` ....................... [RUN]
[2025-11-27T10:18:35.679+0000] {subprocess.py:93} INFO - [0m10:18:35  2 of 7 OK created sql view model `default`.`stg_dim_building` .................. [[32mOK[0m in 0.12s]
[2025-11-27T10:18:35.683+0000] {subprocess.py:93} INFO - [0m10:18:35  3 of 7 START sql view model `default`.`stg_dim_weather` ........................ [RUN]
[2025-11-27T10:18:35.737+0000] {subprocess.py:93} INFO - [0m10:18:35  3 of 7 OK created sql view model `default`.`stg_dim_weather` ................... [[32mOK[0m in 0.05s]
[2025-11-27T10:18:35.741+0000] {subprocess.py:93} INFO - [0m10:18:35  4 of 7 START sql incremental model `default`.`dim_building` .................... [RUN]
[2025-11-27T10:18:35.825+0000] {subprocess.py:93} INFO - [0m10:18:35  4 of 7 OK created sql incremental model `default`.`dim_building` ............... [[32mOK[0m in 0.08s]
[2025-11-27T10:18:35.829+0000] {subprocess.py:93} INFO - [0m10:18:35  5 of 7 START sql incremental model `default`.`dim_date` ........................ [RUN]
[2025-11-27T10:18:35.903+0000] {subprocess.py:93} INFO - [0m10:18:35  5 of 7 OK created sql incremental model `default`.`dim_date` ................... [[32mOK[0m in 0.07s]
[2025-11-27T10:18:35.907+0000] {subprocess.py:93} INFO - [0m10:18:35  6 of 7 START sql incremental model `default`.`dim_weather` ..................... [RUN]
[2025-11-27T10:18:35.963+0000] {subprocess.py:93} INFO - [0m10:18:35  6 of 7 OK created sql incremental model `default`.`dim_weather` ................ [[32mOK[0m in 0.05s]
[2025-11-27T10:18:35.968+0000] {subprocess.py:93} INFO - [0m10:18:35  7 of 7 START sql incremental model `default`.`fact_people_traffic` ............. [RUN]
[2025-11-27T10:18:36.062+0000] {subprocess.py:93} INFO - [0m10:18:36  7 of 7 ERROR creating sql incremental model `default`.`fact_people_traffic` .... [[31mERROR[0m in 0.09s]
[2025-11-27T10:18:36.089+0000] {subprocess.py:93} INFO - [0m10:18:36
[2025-11-27T10:18:36.090+0000] {subprocess.py:93} INFO - [0m10:18:36  Finished running 5 incremental models, 2 view models in 0 hours 0 minutes and 2.35 seconds (2.35s).
[2025-11-27T10:18:36.183+0000] {subprocess.py:93} INFO - [0m10:18:36
[2025-11-27T10:18:36.184+0000] {subprocess.py:93} INFO - [0m10:18:36  [31mCompleted with 1 error, 0 partial successes, and 0 warnings:[0m
[2025-11-27T10:18:36.185+0000] {subprocess.py:93} INFO - [0m10:18:36
[2025-11-27T10:18:36.187+0000] {subprocess.py:93} INFO - [0m10:18:36  [31mFailure in model fact_people_traffic (models/marts/fact_people_traffic.sql)[0m
[2025-11-27T10:18:36.189+0000] {subprocess.py:93} INFO - [0m10:18:36    Database Error in model fact_people_traffic (models/marts/fact_people_traffic.sql)
[2025-11-27T10:18:36.189+0000] {subprocess.py:93} INFO -   Received ClickHouse exception, code: 47, server response: Code: 47. DB::Exception: Unknown expression identifier `weather_key` in scope  f. (UNKNOWN_IDENTIFIER) (version 25.10.2.65 (official build)) (for url http://clickhouse-server:8123)
[2025-11-27T10:18:36.190+0000] {subprocess.py:93} INFO - [0m10:18:36
[2025-11-27T10:18:36.190+0000] {subprocess.py:93} INFO - [0m10:18:36    compiled code at target/compiled/peopletraffic/models/marts/fact_people_traffic.sql
[2025-11-27T10:18:36.191+0000] {subprocess.py:93} INFO - [0m10:18:36
[2025-11-27T10:18:36.192+0000] {subprocess.py:93} INFO - [0m10:18:36  Done. PASS=6 WARN=0 ERROR=1 SKIP=0 NO-OP=0 TOTAL=7
[2025-11-27T10:18:37.897+0000] {subprocess.py:97} INFO - Command exited with return code 1
[2025-11-27T10:18:37.931+0000] {taskinstance.py:2698} ERROR - Task failed with exception
Traceback (most recent call last):
  File "/home/airflow/.local/lib/python3.8/site-packages/airflow/models/taskinstance.py", line 433, in _execute_task
    result = execute_callable(context=context, **execute_callable_kwargs)
  File "/home/airflow/.local/lib/python3.8/site-packages/airflow/operators/bash.py", line 212, in execute
    raise AirflowException(
airflow.exceptions.AirflowException: Bash command failed. The command returned a non-zero exit code 1.
[2025-11-27T10:18:37.937+0000] {taskinstance.py:1138} INFO - Marking task as FAILED. dag_id=fetch_data, task_id=run_dbt, execution_date=20251127T101219, start_date=20251127T101828, end_date=20251127T101837
[2025-11-27T10:18:37.989+0000] {standard_task_runner.py:107} ERROR - Failed to execute job 547 for task run_dbt (Bash command failed. The command returned a non-zero exit code 1.; 14972)
[2025-11-27T10:18:38.030+0000] {local_task_job_runner.py:234} INFO - Task exited with return code 1
[2025-11-27T10:18:38.074+0000] {taskinstance.py:3280} INFO - 0 downstream tasks scheduled from follow-on schedule check
