[2025-11-21T11:05:39.819+0000] {taskinstance.py:1956} INFO - Dependencies all met for dep_context=non-requeueable deps ti=<TaskInstance: duckdb_to_iceberg_dynamic.fetch_duckdb_arrow manual__2025-11-21T11:05:36.527974+00:00 [queued]>
[2025-11-21T11:05:39.826+0000] {taskinstance.py:1956} INFO - Dependencies all met for dep_context=requeueable deps ti=<TaskInstance: duckdb_to_iceberg_dynamic.fetch_duckdb_arrow manual__2025-11-21T11:05:36.527974+00:00 [queued]>
[2025-11-21T11:05:39.827+0000] {taskinstance.py:2170} INFO - Starting attempt 1 of 1
[2025-11-21T11:05:39.839+0000] {taskinstance.py:2191} INFO - Executing <Task(PythonOperator): fetch_duckdb_arrow> on 2025-11-21 11:05:36.527974+00:00
[2025-11-21T11:05:39.845+0000] {standard_task_runner.py:60} INFO - Started process 10641 to run task
[2025-11-21T11:05:39.848+0000] {standard_task_runner.py:87} INFO - Running: ['***', 'tasks', 'run', 'duckdb_to_iceberg_dynamic', 'fetch_duckdb_arrow', 'manual__2025-11-21T11:05:36.527974+00:00', '--job-id', '79', '--raw', '--subdir', 'DAGS_FOLDER/dag_three.py', '--cfg-path', '/tmp/tmpse6twq5c']
[2025-11-21T11:05:39.851+0000] {standard_task_runner.py:88} INFO - Job 79: Subtask fetch_duckdb_arrow
[2025-11-21T11:05:39.915+0000] {task_command.py:423} INFO - Running <TaskInstance: duckdb_to_iceberg_dynamic.fetch_duckdb_arrow manual__2025-11-21T11:05:36.527974+00:00 [running]> on host 5fa4049fde26
[2025-11-21T11:05:40.056+0000] {taskinstance.py:2480} INFO - Exporting env vars: AIRFLOW_CTX_DAG_OWNER='***' AIRFLOW_CTX_DAG_ID='duckdb_to_iceberg_dynamic' AIRFLOW_CTX_TASK_ID='fetch_duckdb_arrow' AIRFLOW_CTX_EXECUTION_DATE='2025-11-21T11:05:36.527974+00:00' AIRFLOW_CTX_TRY_NUMBER='1' AIRFLOW_CTX_DAG_RUN_ID='manual__2025-11-21T11:05:36.527974+00:00'
[2025-11-21T11:05:40.080+0000] {logging_mixin.py:188} INFO - Using DuckDB source table: bronze_infrared
[2025-11-21T11:05:40.124+0000] {taskinstance.py:2698} ERROR - Task failed with exception
Traceback (most recent call last):
  File "/home/airflow/.local/lib/python3.8/site-packages/airflow/models/taskinstance.py", line 433, in _execute_task
    result = execute_callable(context=context, **execute_callable_kwargs)
  File "/home/airflow/.local/lib/python3.8/site-packages/airflow/operators/python.py", line 199, in execute
    return_value = self.execute_callable()
  File "/home/airflow/.local/lib/python3.8/site-packages/airflow/operators/python.py", line 216, in execute_callable
    return self.python_callable(*self.op_args, **self.op_kwargs)
  File "/opt/airflow/dags/dag_three.py", line 270, in fetch_duckdb_arrow
    context["ti"].xcom_push(key="arrow_data", value=arrow_table, serialize_json=False)
  File "/home/airflow/.local/lib/python3.8/site-packages/airflow/utils/session.py", line 79, in wrapper
    return func(*args, session=session, **kwargs)
TypeError: xcom_push() got an unexpected keyword argument 'serialize_json'
[2025-11-21T11:05:40.137+0000] {taskinstance.py:1138} INFO - Marking task as FAILED. dag_id=duckdb_to_iceberg_dynamic, task_id=fetch_duckdb_arrow, execution_date=20251121T110536, start_date=20251121T110539, end_date=20251121T110540
[2025-11-21T11:05:40.159+0000] {standard_task_runner.py:107} ERROR - Failed to execute job 79 for task fetch_duckdb_arrow (xcom_push() got an unexpected keyword argument 'serialize_json'; 10641)
[2025-11-21T11:05:40.191+0000] {local_task_job_runner.py:234} INFO - Task exited with return code 1
[2025-11-21T11:05:40.230+0000] {taskinstance.py:3280} INFO - 0 downstream tasks scheduled from follow-on schedule check
