[2025-11-24T07:43:40.255+0000] {taskinstance.py:1956} INFO - Dependencies all met for dep_context=non-requeueable deps ti=<TaskInstance: duckdb_to_iceberg_registerCH.register_iceberg_in_clickhouse manual__2025-11-24T07:43:35.535420+00:00 [queued]>
[2025-11-24T07:43:40.261+0000] {taskinstance.py:1956} INFO - Dependencies all met for dep_context=requeueable deps ti=<TaskInstance: duckdb_to_iceberg_registerCH.register_iceberg_in_clickhouse manual__2025-11-24T07:43:35.535420+00:00 [queued]>
[2025-11-24T07:43:40.262+0000] {taskinstance.py:2170} INFO - Starting attempt 1 of 1
[2025-11-24T07:43:40.273+0000] {taskinstance.py:2191} INFO - Executing <Task(PythonOperator): register_iceberg_in_clickhouse> on 2025-11-24 07:43:35.535420+00:00
[2025-11-24T07:43:40.278+0000] {standard_task_runner.py:60} INFO - Started process 3778 to run task
[2025-11-24T07:43:40.283+0000] {standard_task_runner.py:87} INFO - Running: ['***', 'tasks', 'run', 'duckdb_to_iceberg_registerCH', 'register_iceberg_in_clickhouse', 'manual__2025-11-24T07:43:35.535420+00:00', '--job-id', '301', '--raw', '--subdir', 'DAGS_FOLDER/dag_four.py', '--cfg-path', '/tmp/tmp6jhezrgi']
[2025-11-24T07:43:40.287+0000] {standard_task_runner.py:88} INFO - Job 301: Subtask register_iceberg_in_clickhouse
[2025-11-24T07:43:40.360+0000] {task_command.py:423} INFO - Running <TaskInstance: duckdb_to_iceberg_registerCH.register_iceberg_in_clickhouse manual__2025-11-24T07:43:35.535420+00:00 [running]> on host b8d844055de8
[2025-11-24T07:43:40.445+0000] {taskinstance.py:2480} INFO - Exporting env vars: AIRFLOW_CTX_DAG_OWNER='***' AIRFLOW_CTX_DAG_ID='duckdb_to_iceberg_registerCH' AIRFLOW_CTX_TASK_ID='register_iceberg_in_clickhouse' AIRFLOW_CTX_EXECUTION_DATE='2025-11-24T07:43:35.535420+00:00' AIRFLOW_CTX_TRY_NUMBER='1' AIRFLOW_CTX_DAG_RUN_ID='manual__2025-11-24T07:43:35.535420+00:00'
[2025-11-24T07:43:40.472+0000] {logging_mixin.py:188} INFO - Executing ClickHouse SQL: 
        CREATE TABLE IF NOT EXISTS default.default_bronze_infrared
        ENGINE = Iceberg(
            catalog = 'rest',
            namespace = 'default',
            table = 'bronze_infrared'
        )
        SETTINGS
            s3_endpoint = 'http://minio:9000',
            s3_access_key_id = 'minioadmin',
            s3_secret_access_key = 'minioadmin',
            s3_region = 'us-east-1',
            s3_use_https = 0;
    
[2025-11-24T07:43:40.476+0000] {taskinstance.py:2698} ERROR - Task failed with exception
Traceback (most recent call last):
  File "/home/airflow/.local/lib/python3.8/site-packages/airflow/models/taskinstance.py", line 433, in _execute_task
    result = execute_callable(context=context, **execute_callable_kwargs)
  File "/home/airflow/.local/lib/python3.8/site-packages/airflow/operators/python.py", line 199, in execute
    return_value = self.execute_callable()
  File "/home/airflow/.local/lib/python3.8/site-packages/airflow/operators/python.py", line 216, in execute_callable
    return self.python_callable(*self.op_args, **self.op_kwargs)
  File "/opt/airflow/dags/dag_four.py", line 163, in register_iceberg_in_clickhouse
    client.command(create_sql)
  File "/home/airflow/.local/lib/python3.8/site-packages/clickhouse_connect/driver/httpclient.py", line 329, in command
    response = self._raw_request(payload, params, headers, method, fields=fields)
  File "/home/airflow/.local/lib/python3.8/site-packages/clickhouse_connect/driver/httpclient.py", line 425, in _raw_request
    self._error_handler(response)
  File "/home/airflow/.local/lib/python3.8/site-packages/clickhouse_connect/driver/httpclient.py", line 350, in _error_handler
    raise OperationalError(err_str) if retried else DatabaseError(err_str) from None
clickhouse_connect.driver.exceptions.DatabaseError: :HTTPDriver for http://clickhouse-server:8123 returned response code 404)
 Code: 115. DB::Exception: Unknown setting 's3_endpoint'. (UNKNOWN_SETTING) (version 25.10.2.65 (official build))

[2025-11-24T07:43:40.484+0000] {taskinstance.py:1138} INFO - Marking task as FAILED. dag_id=duckdb_to_iceberg_registerCH, task_id=register_iceberg_in_clickhouse, execution_date=20251124T074335, start_date=20251124T074340, end_date=20251124T074340
[2025-11-24T07:43:40.495+0000] {standard_task_runner.py:107} ERROR - Failed to execute job 301 for task register_iceberg_in_clickhouse (:HTTPDriver for http://clickhouse-server:8123 returned response code 404)
 Code: 115. DB::Exception: Unknown setting 's3_endpoint'. (UNKNOWN_SETTING) (version 25.10.2.65 (official build))
; 3778)
[2025-11-24T07:43:40.541+0000] {local_task_job_runner.py:234} INFO - Task exited with return code 1
[2025-11-24T07:43:40.574+0000] {taskinstance.py:3280} INFO - 0 downstream tasks scheduled from follow-on schedule check
