[2025-11-21T13:55:04.886+0000] {taskinstance.py:1956} INFO - Dependencies all met for dep_context=non-requeueable deps ti=<TaskInstance: duckdb_to_iceberg_dynamic.create_and_append_iceberg manual__2025-11-21T13:54:59.468661+00:00 [queued]>
[2025-11-21T13:55:04.900+0000] {taskinstance.py:1956} INFO - Dependencies all met for dep_context=requeueable deps ti=<TaskInstance: duckdb_to_iceberg_dynamic.create_and_append_iceberg manual__2025-11-21T13:54:59.468661+00:00 [queued]>
[2025-11-21T13:55:04.901+0000] {taskinstance.py:2170} INFO - Starting attempt 1 of 1
[2025-11-21T13:55:04.924+0000] {taskinstance.py:2191} INFO - Executing <Task(PythonOperator): create_and_append_iceberg> on 2025-11-21 13:54:59.468661+00:00
[2025-11-21T13:55:04.932+0000] {standard_task_runner.py:60} INFO - Started process 34609 to run task
[2025-11-21T13:55:04.939+0000] {standard_task_runner.py:87} INFO - Running: ['***', 'tasks', 'run', 'duckdb_to_iceberg_dynamic', 'create_and_append_iceberg', 'manual__2025-11-21T13:54:59.468661+00:00', '--job-id', '168', '--raw', '--subdir', 'DAGS_FOLDER/dag_three.py', '--cfg-path', '/tmp/tmpw64t0jm1']
[2025-11-21T13:55:04.943+0000] {standard_task_runner.py:88} INFO - Job 168: Subtask create_and_append_iceberg
[2025-11-21T13:55:05.043+0000] {task_command.py:423} INFO - Running <TaskInstance: duckdb_to_iceberg_dynamic.create_and_append_iceberg manual__2025-11-21T13:54:59.468661+00:00 [running]> on host 5fa4049fde26
[2025-11-21T13:55:05.208+0000] {taskinstance.py:2480} INFO - Exporting env vars: AIRFLOW_CTX_DAG_OWNER='***' AIRFLOW_CTX_DAG_ID='duckdb_to_iceberg_dynamic' AIRFLOW_CTX_TASK_ID='create_and_append_iceberg' AIRFLOW_CTX_EXECUTION_DATE='2025-11-21T13:54:59.468661+00:00' AIRFLOW_CTX_TRY_NUMBER='1' AIRFLOW_CTX_DAG_RUN_ID='manual__2025-11-21T13:54:59.468661+00:00'
[2025-11-21T13:55:05.349+0000] {logging_mixin.py:188} INFO - Fetched table bronze_infrared from DuckDB
[2025-11-21T13:55:05.376+0000] {__init__.py:348} INFO - Defaulting to PyArrow FileIO
[2025-11-21T13:55:05.630+0000] {logging_mixin.py:188} INFO - Table default.bronze_infrared already exists, loading it
[2025-11-21T13:55:05.631+0000] {taskinstance.py:2698} ERROR - Task failed with exception
Traceback (most recent call last):
  File "/home/airflow/.local/lib/python3.8/site-packages/airflow/models/taskinstance.py", line 433, in _execute_task
    result = execute_callable(context=context, **execute_callable_kwargs)
  File "/home/airflow/.local/lib/python3.8/site-packages/airflow/operators/python.py", line 199, in execute
    return_value = self.execute_callable()
  File "/home/airflow/.local/lib/python3.8/site-packages/airflow/operators/python.py", line 216, in execute_callable
    return self.python_callable(*self.op_args, **self.op_kwargs)
  File "/opt/airflow/dags/dag_three.py", line 306, in create_and_append_iceberg
    for f in table.schema.fields
AttributeError: 'function' object has no attribute 'fields'
[2025-11-21T13:55:05.645+0000] {taskinstance.py:1138} INFO - Marking task as FAILED. dag_id=duckdb_to_iceberg_dynamic, task_id=create_and_append_iceberg, execution_date=20251121T135459, start_date=20251121T135504, end_date=20251121T135505
[2025-11-21T13:55:05.674+0000] {standard_task_runner.py:107} ERROR - Failed to execute job 168 for task create_and_append_iceberg ('function' object has no attribute 'fields'; 34609)
[2025-11-21T13:55:05.732+0000] {local_task_job_runner.py:234} INFO - Task exited with return code 1
[2025-11-21T13:55:05.774+0000] {taskinstance.py:3280} INFO - 0 downstream tasks scheduled from follow-on schedule check
