[2025-11-20T11:19:44.900+0000] {taskinstance.py:1956} INFO - Dependencies all met for dep_context=non-requeueable deps ti=<TaskInstance: minio_to_duckdb_pipeline.setup_duckdb manual__2025-11-20T11:19:42.807648+00:00 [queued]>
[2025-11-20T11:19:44.906+0000] {taskinstance.py:1956} INFO - Dependencies all met for dep_context=requeueable deps ti=<TaskInstance: minio_to_duckdb_pipeline.setup_duckdb manual__2025-11-20T11:19:42.807648+00:00 [queued]>
[2025-11-20T11:19:44.906+0000] {taskinstance.py:2170} INFO - Starting attempt 1 of 1
[2025-11-20T11:19:44.918+0000] {taskinstance.py:2191} INFO - Executing <Task(PythonOperator): setup_duckdb> on 2025-11-20 11:19:42.807648+00:00
[2025-11-20T11:19:44.922+0000] {standard_task_runner.py:60} INFO - Started process 1000 to run task
[2025-11-20T11:19:44.928+0000] {standard_task_runner.py:87} INFO - Running: ['***', 'tasks', 'run', 'minio_to_duckdb_pipeline', 'setup_duckdb', 'manual__2025-11-20T11:19:42.807648+00:00', '--job-id', '33', '--raw', '--subdir', 'DAGS_FOLDER/dag_two.py', '--cfg-path', '/tmp/tmp38tb4_ic']
[2025-11-20T11:19:44.931+0000] {standard_task_runner.py:88} INFO - Job 33: Subtask setup_duckdb
[2025-11-20T11:19:44.978+0000] {task_command.py:423} INFO - Running <TaskInstance: minio_to_duckdb_pipeline.setup_duckdb manual__2025-11-20T11:19:42.807648+00:00 [running]> on host 801760f054ff
[2025-11-20T11:19:45.068+0000] {taskinstance.py:2480} INFO - Exporting env vars: AIRFLOW_CTX_DAG_OWNER='***' AIRFLOW_CTX_DAG_ID='minio_to_duckdb_pipeline' AIRFLOW_CTX_TASK_ID='setup_duckdb' AIRFLOW_CTX_EXECUTION_DATE='2025-11-20T11:19:42.807648+00:00' AIRFLOW_CTX_TRY_NUMBER='1' AIRFLOW_CTX_DAG_RUN_ID='manual__2025-11-20T11:19:42.807648+00:00'
[2025-11-20T11:19:45.080+0000] {taskinstance.py:2698} ERROR - Task failed with exception
Traceback (most recent call last):
  File "/home/airflow/.local/lib/python3.8/site-packages/airflow/models/taskinstance.py", line 433, in _execute_task
    result = execute_callable(context=context, **execute_callable_kwargs)
  File "/home/airflow/.local/lib/python3.8/site-packages/airflow/operators/python.py", line 199, in execute
    return_value = self.execute_callable()
  File "/home/airflow/.local/lib/python3.8/site-packages/airflow/operators/python.py", line 216, in execute_callable
    return self.python_callable(*self.op_args, **self.op_kwargs)
  File "/opt/airflow/dags/dag_two.py", line 61, in setup_duckdb
    conn.install_extension("httpfs")
NameError: name 'conn' is not defined
[2025-11-20T11:19:45.096+0000] {taskinstance.py:1138} INFO - Marking task as FAILED. dag_id=minio_to_duckdb_pipeline, task_id=setup_duckdb, execution_date=20251120T111942, start_date=20251120T111944, end_date=20251120T111945
[2025-11-20T11:19:45.114+0000] {standard_task_runner.py:107} ERROR - Failed to execute job 33 for task setup_duckdb (name 'conn' is not defined; 1000)
[2025-11-20T11:19:45.147+0000] {local_task_job_runner.py:234} INFO - Task exited with return code 1
[2025-11-20T11:19:45.187+0000] {taskinstance.py:3280} INFO - 0 downstream tasks scheduled from follow-on schedule check
