[2025-11-21T14:21:57.832+0000] {taskinstance.py:1956} INFO - Dependencies all met for dep_context=non-requeueable deps ti=<TaskInstance: duckdb_to_iceberg_bronze.push_iceberg_table_data_xcom manual__2025-11-21T14:21:48.666002+00:00 [queued]>
[2025-11-21T14:21:57.849+0000] {taskinstance.py:1956} INFO - Dependencies all met for dep_context=requeueable deps ti=<TaskInstance: duckdb_to_iceberg_bronze.push_iceberg_table_data_xcom manual__2025-11-21T14:21:48.666002+00:00 [queued]>
[2025-11-21T14:21:57.850+0000] {taskinstance.py:2170} INFO - Starting attempt 1 of 1
[2025-11-21T14:21:57.878+0000] {taskinstance.py:2191} INFO - Executing <Task(PythonOperator): push_iceberg_table_data_xcom> on 2025-11-21 14:21:48.666002+00:00
[2025-11-21T14:21:57.887+0000] {standard_task_runner.py:60} INFO - Started process 38612 to run task
[2025-11-21T14:21:57.892+0000] {standard_task_runner.py:87} INFO - Running: ['***', 'tasks', 'run', 'duckdb_to_iceberg_bronze', 'push_iceberg_table_data_xcom', 'manual__2025-11-21T14:21:48.666002+00:00', '--job-id', '191', '--raw', '--subdir', 'DAGS_FOLDER/dag_three.py', '--cfg-path', '/tmp/tmpogn50_54']
[2025-11-21T14:21:57.896+0000] {standard_task_runner.py:88} INFO - Job 191: Subtask push_iceberg_table_data_xcom
[2025-11-21T14:21:58.010+0000] {task_command.py:423} INFO - Running <TaskInstance: duckdb_to_iceberg_bronze.push_iceberg_table_data_xcom manual__2025-11-21T14:21:48.666002+00:00 [running]> on host 5fa4049fde26
[2025-11-21T14:21:58.186+0000] {taskinstance.py:2480} INFO - Exporting env vars: AIRFLOW_CTX_DAG_OWNER='***' AIRFLOW_CTX_DAG_ID='duckdb_to_iceberg_bronze' AIRFLOW_CTX_TASK_ID='push_iceberg_table_data_xcom' AIRFLOW_CTX_EXECUTION_DATE='2025-11-21T14:21:48.666002+00:00' AIRFLOW_CTX_TRY_NUMBER='1' AIRFLOW_CTX_DAG_RUN_ID='manual__2025-11-21T14:21:48.666002+00:00'
[2025-11-21T14:21:58.259+0000] {__init__.py:348} INFO - Defaulting to PyArrow FileIO
[2025-11-21T14:21:58.503+0000] {taskinstance.py:2698} ERROR - Task failed with exception
Traceback (most recent call last):
  File "/home/airflow/.local/lib/python3.8/site-packages/airflow/models/taskinstance.py", line 433, in _execute_task
    result = execute_callable(context=context, **execute_callable_kwargs)
  File "/home/airflow/.local/lib/python3.8/site-packages/airflow/operators/python.py", line 199, in execute
    return_value = self.execute_callable()
  File "/home/airflow/.local/lib/python3.8/site-packages/airflow/operators/python.py", line 216, in execute_callable
    return self.python_callable(*self.op_args, **self.op_kwargs)
  File "/opt/airflow/dags/dag_three.py", line 136, in push_iceberg_table_data_to_xcom
    arrow_table = table.to_pyarrow_table()
AttributeError: 'Table' object has no attribute 'to_pyarrow_table'
[2025-11-21T14:21:58.518+0000] {taskinstance.py:1138} INFO - Marking task as FAILED. dag_id=duckdb_to_iceberg_bronze, task_id=push_iceberg_table_data_xcom, execution_date=20251121T142148, start_date=20251121T142157, end_date=20251121T142158
[2025-11-21T14:21:58.544+0000] {standard_task_runner.py:107} ERROR - Failed to execute job 191 for task push_iceberg_table_data_xcom ('Table' object has no attribute 'to_pyarrow_table'; 38612)
[2025-11-21T14:21:58.567+0000] {local_task_job_runner.py:234} INFO - Task exited with return code 1
[2025-11-21T14:21:58.612+0000] {taskinstance.py:3280} INFO - 0 downstream tasks scheduled from follow-on schedule check
