[2025-11-23T12:40:14.395+0000] {taskinstance.py:1956} INFO - Dependencies all met for dep_context=non-requeueable deps ti=<TaskInstance: fetch_data.run_dbt manual__2025-11-23T12:34:49.610369+00:00 [queued]>
[2025-11-23T12:40:14.401+0000] {taskinstance.py:1956} INFO - Dependencies all met for dep_context=requeueable deps ti=<TaskInstance: fetch_data.run_dbt manual__2025-11-23T12:34:49.610369+00:00 [queued]>
[2025-11-23T12:40:14.401+0000] {taskinstance.py:2170} INFO - Starting attempt 2 of 2
[2025-11-23T12:40:14.410+0000] {taskinstance.py:2191} INFO - Executing <Task(BashOperator): run_dbt> on 2025-11-23 12:34:49.610369+00:00
[2025-11-23T12:40:14.414+0000] {standard_task_runner.py:60} INFO - Started process 1372 to run task
[2025-11-23T12:40:14.419+0000] {standard_task_runner.py:87} INFO - Running: ['***', 'tasks', 'run', 'fetch_data', 'run_dbt', 'manual__2025-11-23T12:34:49.610369+00:00', '--job-id', '278', '--raw', '--subdir', 'DAGS_FOLDER/dag_one.py', '--cfg-path', '/tmp/tmpncvazzj1']
[2025-11-23T12:40:14.421+0000] {standard_task_runner.py:88} INFO - Job 278: Subtask run_dbt
[2025-11-23T12:40:14.467+0000] {task_command.py:423} INFO - Running <TaskInstance: fetch_data.run_dbt manual__2025-11-23T12:34:49.610369+00:00 [running]> on host 7d9ddaa833c7
[2025-11-23T12:40:14.660+0000] {taskinstance.py:2480} INFO - Exporting env vars: AIRFLOW_CTX_DAG_OWNER='***' AIRFLOW_CTX_DAG_ID='fetch_data' AIRFLOW_CTX_TASK_ID='run_dbt' AIRFLOW_CTX_EXECUTION_DATE='2025-11-23T12:34:49.610369+00:00' AIRFLOW_CTX_TRY_NUMBER='2' AIRFLOW_CTX_DAG_RUN_ID='manual__2025-11-23T12:34:49.610369+00:00'
[2025-11-23T12:40:14.662+0000] {subprocess.py:63} INFO - Tmp dir root location: /tmp
[2025-11-23T12:40:14.662+0000] {subprocess.py:75} INFO - Running command: ['/usr/bin/bash', '-c', 'docker exec dbt dbt seed']
[2025-11-23T12:40:14.671+0000] {subprocess.py:86} INFO - Output:
[2025-11-23T12:40:15.770+0000] {subprocess.py:93} INFO - [0m12:40:15  Running with dbt=1.10.15
[2025-11-23T12:40:15.937+0000] {subprocess.py:93} INFO - [0m12:40:15  Registered adapter: clickhouse=1.9.6
[2025-11-23T12:40:16.053+0000] {subprocess.py:93} INFO - [0m12:40:16  Unable to do partial parsing because profile has changed
[2025-11-23T12:40:17.090+0000] {subprocess.py:93} INFO - [0m12:40:17  Encountered an error:
[2025-11-23T12:40:17.091+0000] {subprocess.py:93} INFO - Compilation Error
[2025-11-23T12:40:17.091+0000] {subprocess.py:93} INFO -   Model 'model.ulemiste_city_insights_dbt.dim_time' (models/marts/dim_time.sql) depends on a node named 'stg_dim_time' which was not found
[2025-11-23T12:40:18.641+0000] {subprocess.py:97} INFO - Command exited with return code 2
[2025-11-23T12:40:18.655+0000] {taskinstance.py:2698} ERROR - Task failed with exception
Traceback (most recent call last):
  File "/home/airflow/.local/lib/python3.8/site-packages/airflow/models/taskinstance.py", line 433, in _execute_task
    result = execute_callable(context=context, **execute_callable_kwargs)
  File "/home/airflow/.local/lib/python3.8/site-packages/airflow/operators/bash.py", line 212, in execute
    raise AirflowException(
airflow.exceptions.AirflowException: Bash command failed. The command returned a non-zero exit code 2.
[2025-11-23T12:40:18.657+0000] {taskinstance.py:1138} INFO - Marking task as FAILED. dag_id=fetch_data, task_id=run_dbt, execution_date=20251123T123449, start_date=20251123T124014, end_date=20251123T124018
[2025-11-23T12:40:18.677+0000] {standard_task_runner.py:107} ERROR - Failed to execute job 278 for task run_dbt (Bash command failed. The command returned a non-zero exit code 2.; 1372)
[2025-11-23T12:40:18.694+0000] {local_task_job_runner.py:234} INFO - Task exited with return code 1
[2025-11-23T12:40:18.731+0000] {taskinstance.py:3280} INFO - 0 downstream tasks scheduled from follow-on schedule check
