[2025-11-24T07:45:58.827+0000] {taskinstance.py:1956} INFO - Dependencies all met for dep_context=non-requeueable deps ti=<TaskInstance: duckdb_to_iceberg_registerCH.register_iceberg_in_clickhouse manual__2025-11-24T07:45:53.087897+00:00 [queued]>
[2025-11-24T07:45:58.833+0000] {taskinstance.py:1956} INFO - Dependencies all met for dep_context=requeueable deps ti=<TaskInstance: duckdb_to_iceberg_registerCH.register_iceberg_in_clickhouse manual__2025-11-24T07:45:53.087897+00:00 [queued]>
[2025-11-24T07:45:58.834+0000] {taskinstance.py:2170} INFO - Starting attempt 1 of 1
[2025-11-24T07:45:58.844+0000] {taskinstance.py:2191} INFO - Executing <Task(PythonOperator): register_iceberg_in_clickhouse> on 2025-11-24 07:45:53.087897+00:00
[2025-11-24T07:45:58.848+0000] {standard_task_runner.py:60} INFO - Started process 4316 to run task
[2025-11-24T07:45:58.851+0000] {standard_task_runner.py:87} INFO - Running: ['***', 'tasks', 'run', 'duckdb_to_iceberg_registerCH', 'register_iceberg_in_clickhouse', 'manual__2025-11-24T07:45:53.087897+00:00', '--job-id', '307', '--raw', '--subdir', 'DAGS_FOLDER/dag_four.py', '--cfg-path', '/tmp/tmpynz6bu06']
[2025-11-24T07:45:58.853+0000] {standard_task_runner.py:88} INFO - Job 307: Subtask register_iceberg_in_clickhouse
[2025-11-24T07:45:58.903+0000] {task_command.py:423} INFO - Running <TaskInstance: duckdb_to_iceberg_registerCH.register_iceberg_in_clickhouse manual__2025-11-24T07:45:53.087897+00:00 [running]> on host b8d844055de8
[2025-11-24T07:45:59.009+0000] {taskinstance.py:2480} INFO - Exporting env vars: AIRFLOW_CTX_DAG_OWNER='***' AIRFLOW_CTX_DAG_ID='duckdb_to_iceberg_registerCH' AIRFLOW_CTX_TASK_ID='register_iceberg_in_clickhouse' AIRFLOW_CTX_EXECUTION_DATE='2025-11-24T07:45:53.087897+00:00' AIRFLOW_CTX_TRY_NUMBER='1' AIRFLOW_CTX_DAG_RUN_ID='manual__2025-11-24T07:45:53.087897+00:00'
[2025-11-24T07:45:59.038+0000] {logging_mixin.py:188} INFO - Executing ClickHouse SQL: 
    CREATE TABLE IF NOT EXISTS default.default_bronze_infrared
    ENGINE = Iceberg
    SETTINGS
        catalog = 'rest',
        namespace = 'default',
        table = 'bronze_infrared'
[2025-11-24T07:45:59.040+0000] {taskinstance.py:2698} ERROR - Task failed with exception
Traceback (most recent call last):
  File "/home/airflow/.local/lib/python3.8/site-packages/airflow/models/taskinstance.py", line 433, in _execute_task
    result = execute_callable(context=context, **execute_callable_kwargs)
  File "/home/airflow/.local/lib/python3.8/site-packages/airflow/operators/python.py", line 199, in execute
    return_value = self.execute_callable()
  File "/home/airflow/.local/lib/python3.8/site-packages/airflow/operators/python.py", line 216, in execute_callable
    return self.python_callable(*self.op_args, **self.op_kwargs)
  File "/opt/airflow/dags/dag_four.py", line 157, in register_iceberg_in_clickhouse
    client.command(create_sql)
  File "/home/airflow/.local/lib/python3.8/site-packages/clickhouse_connect/driver/httpclient.py", line 329, in command
    response = self._raw_request(payload, params, headers, method, fields=fields)
  File "/home/airflow/.local/lib/python3.8/site-packages/clickhouse_connect/driver/httpclient.py", line 425, in _raw_request
    self._error_handler(response)
  File "/home/airflow/.local/lib/python3.8/site-packages/clickhouse_connect/driver/httpclient.py", line 350, in _error_handler
    raise OperationalError(err_str) if retried else DatabaseError(err_str) from None
clickhouse_connect.driver.exceptions.DatabaseError: :HTTPDriver for http://clickhouse-server:8123 returned response code 404)
 Code: 115. DB::Exception: Unknown setting 'catalog'. (UNKNOWN_SETTING) (version 25.10.2.65 (official build))

[2025-11-24T07:45:59.052+0000] {taskinstance.py:1138} INFO - Marking task as FAILED. dag_id=duckdb_to_iceberg_registerCH, task_id=register_iceberg_in_clickhouse, execution_date=20251124T074553, start_date=20251124T074558, end_date=20251124T074559
[2025-11-24T07:45:59.065+0000] {standard_task_runner.py:107} ERROR - Failed to execute job 307 for task register_iceberg_in_clickhouse (:HTTPDriver for http://clickhouse-server:8123 returned response code 404)
 Code: 115. DB::Exception: Unknown setting 'catalog'. (UNKNOWN_SETTING) (version 25.10.2.65 (official build))
; 4316)
[2025-11-24T07:45:59.112+0000] {local_task_job_runner.py:234} INFO - Task exited with return code 1
[2025-11-24T07:45:59.144+0000] {taskinstance.py:3280} INFO - 0 downstream tasks scheduled from follow-on schedule check
