[2025-11-27T07:23:46.734+0000] {taskinstance.py:1956} INFO - Dependencies all met for dep_context=non-requeueable deps ti=<TaskInstance: fetch_data.run_create_tables scheduled__2025-11-26T00:00:00+00:00 [queued]>
[2025-11-27T07:23:46.763+0000] {taskinstance.py:1956} INFO - Dependencies all met for dep_context=requeueable deps ti=<TaskInstance: fetch_data.run_create_tables scheduled__2025-11-26T00:00:00+00:00 [queued]>
[2025-11-27T07:23:46.764+0000] {taskinstance.py:2170} INFO - Starting attempt 2 of 2
[2025-11-27T07:23:46.801+0000] {taskinstance.py:2191} INFO - Executing <Task(BashOperator): run_create_tables> on 2025-11-26 00:00:00+00:00
[2025-11-27T07:23:46.811+0000] {standard_task_runner.py:60} INFO - Started process 1035 to run task
[2025-11-27T07:23:46.821+0000] {standard_task_runner.py:87} INFO - Running: ['***', 'tasks', 'run', 'fetch_data', 'run_create_tables', 'scheduled__2025-11-26T00:00:00+00:00', '--job-id', '516', '--raw', '--subdir', 'DAGS_FOLDER/01_data_fetch_mkCHtbls.py', '--cfg-path', '/tmp/tmppia9oh9u']
[2025-11-27T07:23:46.826+0000] {standard_task_runner.py:88} INFO - Job 516: Subtask run_create_tables
[2025-11-27T07:23:47.129+0000] {task_command.py:423} INFO - Running <TaskInstance: fetch_data.run_create_tables scheduled__2025-11-26T00:00:00+00:00 [running]> on host 5946e1145463
[2025-11-27T07:23:50.589+0000] {taskinstance.py:2480} INFO - Exporting env vars: AIRFLOW_CTX_DAG_OWNER='***' AIRFLOW_CTX_DAG_ID='fetch_data' AIRFLOW_CTX_TASK_ID='run_create_tables' AIRFLOW_CTX_EXECUTION_DATE='2025-11-26T00:00:00+00:00' AIRFLOW_CTX_TRY_NUMBER='2' AIRFLOW_CTX_DAG_RUN_ID='scheduled__2025-11-26T00:00:00+00:00'
[2025-11-27T07:23:50.625+0000] {subprocess.py:63} INFO - Tmp dir root location: /tmp
[2025-11-27T07:23:50.630+0000] {subprocess.py:75} INFO - Running command: ['/usr/bin/bash', '-c', 'docker exec clickhouse-server-omdviz clickhouse-client --multiquery --queries-file=/sql/01_create_DB_and_tables.sql']
[2025-11-27T07:23:52.414+0000] {subprocess.py:86} INFO - Output:
[2025-11-27T07:23:52.660+0000] {subprocess.py:93} INFO - Error response from daemon: No such container: clickhouse-server-omdviz
[2025-11-27T07:23:52.667+0000] {subprocess.py:97} INFO - Command exited with return code 1
[2025-11-27T07:23:52.761+0000] {taskinstance.py:2698} ERROR - Task failed with exception
Traceback (most recent call last):
  File "/home/airflow/.local/lib/python3.8/site-packages/airflow/models/taskinstance.py", line 433, in _execute_task
    result = execute_callable(context=context, **execute_callable_kwargs)
  File "/home/airflow/.local/lib/python3.8/site-packages/airflow/operators/bash.py", line 212, in execute
    raise AirflowException(
airflow.exceptions.AirflowException: Bash command failed. The command returned a non-zero exit code 1.
[2025-11-27T07:23:52.782+0000] {taskinstance.py:1138} INFO - Marking task as FAILED. dag_id=fetch_data, task_id=run_create_tables, execution_date=20251126T000000, start_date=20251127T072346, end_date=20251127T072352
[2025-11-27T07:23:52.874+0000] {standard_task_runner.py:107} ERROR - Failed to execute job 516 for task run_create_tables (Bash command failed. The command returned a non-zero exit code 1.; 1035)
[2025-11-27T07:23:52.958+0000] {local_task_job_runner.py:234} INFO - Task exited with return code 1
[2025-11-27T07:23:53.091+0000] {taskinstance.py:3280} INFO - 0 downstream tasks scheduled from follow-on schedule check
