[2025-11-21T14:27:53.542+0000] {taskinstance.py:1956} INFO - Dependencies all met for dep_context=non-requeueable deps ti=<TaskInstance: duckdb_to_iceberg_bronze.push_iceberg_table_data_xcom manual__2025-11-21T14:27:46.297760+00:00 [queued]>
[2025-11-21T14:27:53.567+0000] {taskinstance.py:1956} INFO - Dependencies all met for dep_context=requeueable deps ti=<TaskInstance: duckdb_to_iceberg_bronze.push_iceberg_table_data_xcom manual__2025-11-21T14:27:46.297760+00:00 [queued]>
[2025-11-21T14:27:53.573+0000] {taskinstance.py:2170} INFO - Starting attempt 1 of 1
[2025-11-21T14:27:53.605+0000] {taskinstance.py:2191} INFO - Executing <Task(PythonOperator): push_iceberg_table_data_xcom> on 2025-11-21 14:27:46.297760+00:00
[2025-11-21T14:27:53.619+0000] {standard_task_runner.py:60} INFO - Started process 39581 to run task
[2025-11-21T14:27:53.631+0000] {standard_task_runner.py:87} INFO - Running: ['***', 'tasks', 'run', 'duckdb_to_iceberg_bronze', 'push_iceberg_table_data_xcom', 'manual__2025-11-21T14:27:46.297760+00:00', '--job-id', '198', '--raw', '--subdir', 'DAGS_FOLDER/dag_three.py', '--cfg-path', '/tmp/tmpqfu58og_']
[2025-11-21T14:27:53.639+0000] {standard_task_runner.py:88} INFO - Job 198: Subtask push_iceberg_table_data_xcom
[2025-11-21T14:27:53.768+0000] {task_command.py:423} INFO - Running <TaskInstance: duckdb_to_iceberg_bronze.push_iceberg_table_data_xcom manual__2025-11-21T14:27:46.297760+00:00 [running]> on host 5fa4049fde26
[2025-11-21T14:27:54.003+0000] {taskinstance.py:2480} INFO - Exporting env vars: AIRFLOW_CTX_DAG_OWNER='***' AIRFLOW_CTX_DAG_ID='duckdb_to_iceberg_bronze' AIRFLOW_CTX_TASK_ID='push_iceberg_table_data_xcom' AIRFLOW_CTX_EXECUTION_DATE='2025-11-21T14:27:46.297760+00:00' AIRFLOW_CTX_TRY_NUMBER='1' AIRFLOW_CTX_DAG_RUN_ID='manual__2025-11-21T14:27:46.297760+00:00'
[2025-11-21T14:27:54.127+0000] {taskinstance.py:2698} ERROR - Task failed with exception
Traceback (most recent call last):
  File "/home/airflow/.local/lib/python3.8/site-packages/airflow/models/taskinstance.py", line 433, in _execute_task
    result = execute_callable(context=context, **execute_callable_kwargs)
  File "/home/airflow/.local/lib/python3.8/site-packages/airflow/operators/python.py", line 199, in execute
    return_value = self.execute_callable()
  File "/home/airflow/.local/lib/python3.8/site-packages/airflow/operators/python.py", line 216, in execute_callable
    return self.python_callable(*self.op_args, **self.op_kwargs)
  File "/opt/airflow/dags/dag_three.py", line 126, in push_iceberg_table_data_to_xcom
    con.execute(f"CALL iceberg.catalog_register('rest', 'http://iceberg_rest:8181');")
duckdb.duckdb.CatalogException: Catalog Error: Table Function with name catalog_register does not exist!
Did you mean "main.pragma_user_agent"?
[2025-11-21T14:27:54.153+0000] {taskinstance.py:1138} INFO - Marking task as FAILED. dag_id=duckdb_to_iceberg_bronze, task_id=push_iceberg_table_data_xcom, execution_date=20251121T142746, start_date=20251121T142753, end_date=20251121T142754
[2025-11-21T14:27:54.191+0000] {standard_task_runner.py:107} ERROR - Failed to execute job 198 for task push_iceberg_table_data_xcom (Catalog Error: Table Function with name catalog_register does not exist!
Did you mean "main.pragma_user_agent"?; 39581)
[2025-11-21T14:27:54.216+0000] {local_task_job_runner.py:234} INFO - Task exited with return code 1
[2025-11-21T14:27:54.264+0000] {taskinstance.py:3280} INFO - 0 downstream tasks scheduled from follow-on schedule check
