[2025-11-21T10:21:16.330+0000] {taskinstance.py:1956} INFO - Dependencies all met for dep_context=non-requeueable deps ti=<TaskInstance: duckdb_to_iceberg_dynamic.create_iceberg_namespace manual__2025-11-21T10:21:13.746010+00:00 [queued]>
[2025-11-21T10:21:16.336+0000] {taskinstance.py:1956} INFO - Dependencies all met for dep_context=requeueable deps ti=<TaskInstance: duckdb_to_iceberg_dynamic.create_iceberg_namespace manual__2025-11-21T10:21:13.746010+00:00 [queued]>
[2025-11-21T10:21:16.337+0000] {taskinstance.py:2170} INFO - Starting attempt 1 of 1
[2025-11-21T10:21:16.349+0000] {taskinstance.py:2191} INFO - Executing <Task(PythonOperator): create_iceberg_namespace> on 2025-11-21 10:21:13.746010+00:00
[2025-11-21T10:21:16.353+0000] {standard_task_runner.py:60} INFO - Started process 4201 to run task
[2025-11-21T10:21:16.356+0000] {standard_task_runner.py:87} INFO - Running: ['***', 'tasks', 'run', 'duckdb_to_iceberg_dynamic', 'create_iceberg_namespace', 'manual__2025-11-21T10:21:13.746010+00:00', '--job-id', '58', '--raw', '--subdir', 'DAGS_FOLDER/dag_three.py', '--cfg-path', '/tmp/tmpht8_85eg']
[2025-11-21T10:21:16.357+0000] {standard_task_runner.py:88} INFO - Job 58: Subtask create_iceberg_namespace
[2025-11-21T10:21:16.453+0000] {task_command.py:423} INFO - Running <TaskInstance: duckdb_to_iceberg_dynamic.create_iceberg_namespace manual__2025-11-21T10:21:13.746010+00:00 [running]> on host 5fa4049fde26
[2025-11-21T10:21:16.575+0000] {taskinstance.py:2480} INFO - Exporting env vars: AIRFLOW_CTX_DAG_OWNER='***' AIRFLOW_CTX_DAG_ID='duckdb_to_iceberg_dynamic' AIRFLOW_CTX_TASK_ID='create_iceberg_namespace' AIRFLOW_CTX_EXECUTION_DATE='2025-11-21T10:21:13.746010+00:00' AIRFLOW_CTX_TRY_NUMBER='1' AIRFLOW_CTX_DAG_RUN_ID='manual__2025-11-21T10:21:13.746010+00:00'
[2025-11-21T10:21:16.644+0000] {taskinstance.py:2698} ERROR - Task failed with exception
Traceback (most recent call last):
  File "/home/airflow/.local/lib/python3.8/site-packages/urllib3/connection.py", line 174, in _new_conn
    conn = connection.create_connection(
  File "/home/airflow/.local/lib/python3.8/site-packages/urllib3/util/connection.py", line 72, in create_connection
    for res in socket.getaddrinfo(host, port, family, socket.SOCK_STREAM):
  File "/usr/local/lib/python3.8/socket.py", line 918, in getaddrinfo
    for res in _socket.getaddrinfo(host, port, family, type, proto, flags):
socket.gaierror: [Errno -2] Name or service not known

During handling of the above exception, another exception occurred:

Traceback (most recent call last):
  File "/home/airflow/.local/lib/python3.8/site-packages/urllib3/connectionpool.py", line 715, in urlopen
    httplib_response = self._make_request(
  File "/home/airflow/.local/lib/python3.8/site-packages/urllib3/connectionpool.py", line 416, in _make_request
    conn.request(method, url, **httplib_request_kw)
  File "/home/airflow/.local/lib/python3.8/site-packages/urllib3/connection.py", line 244, in request
    super(HTTPConnection, self).request(method, url, body=body, headers=headers)
  File "/usr/local/lib/python3.8/http/client.py", line 1256, in request
    self._send_request(method, url, body, headers, encode_chunked)
  File "/usr/local/lib/python3.8/http/client.py", line 1302, in _send_request
    self.endheaders(body, encode_chunked=encode_chunked)
  File "/usr/local/lib/python3.8/http/client.py", line 1251, in endheaders
    self._send_output(message_body, encode_chunked=encode_chunked)
  File "/usr/local/lib/python3.8/http/client.py", line 1011, in _send_output
    self.send(msg)
  File "/usr/local/lib/python3.8/http/client.py", line 951, in send
    self.connect()
  File "/home/airflow/.local/lib/python3.8/site-packages/urllib3/connection.py", line 205, in connect
    conn = self._new_conn()
  File "/home/airflow/.local/lib/python3.8/site-packages/urllib3/connection.py", line 186, in _new_conn
    raise NewConnectionError(
urllib3.exceptions.NewConnectionError: <urllib3.connection.HTTPConnection object at 0x7f3aa0674880>: Failed to establish a new connection: [Errno -2] Name or service not known

During handling of the above exception, another exception occurred:

Traceback (most recent call last):
  File "/home/airflow/.local/lib/python3.8/site-packages/requests/adapters.py", line 486, in send
    resp = conn.urlopen(
  File "/home/airflow/.local/lib/python3.8/site-packages/urllib3/connectionpool.py", line 799, in urlopen
    retries = retries.increment(
  File "/home/airflow/.local/lib/python3.8/site-packages/urllib3/util/retry.py", line 592, in increment
    raise MaxRetryError(_pool, url, error or ResponseError(cause))
urllib3.exceptions.MaxRetryError: HTTPConnectionPool(host='rest', port=8181): Max retries exceeded with url: /v1/config (Caused by NewConnectionError('<urllib3.connection.HTTPConnection object at 0x7f3aa0674880>: Failed to establish a new connection: [Errno -2] Name or service not known'))

During handling of the above exception, another exception occurred:

Traceback (most recent call last):
  File "/home/airflow/.local/lib/python3.8/site-packages/airflow/models/taskinstance.py", line 433, in _execute_task
    result = execute_callable(context=context, **execute_callable_kwargs)
  File "/home/airflow/.local/lib/python3.8/site-packages/airflow/operators/python.py", line 199, in execute
    return_value = self.execute_callable()
  File "/home/airflow/.local/lib/python3.8/site-packages/airflow/operators/python.py", line 216, in execute_callable
    return self.python_callable(*self.op_args, **self.op_kwargs)
  File "/opt/airflow/dags/dag_three.py", line 42, in create_iceberg_namespace
    catalog = load_catalog(name=CATALOG_NAME, uri=CATALOG_URI)
  File "/home/airflow/.local/lib/python3.8/site-packages/pyiceberg/catalog/__init__.py", line 258, in load_catalog
    return AVAILABLE_CATALOGS[catalog_type](name, cast(Dict[str, str], conf))
  File "/home/airflow/.local/lib/python3.8/site-packages/pyiceberg/catalog/__init__.py", line 133, in load_rest
    return RestCatalog(name, **conf)
  File "/home/airflow/.local/lib/python3.8/site-packages/pyiceberg/catalog/rest.py", line 237, in __init__
    self._fetch_config()
  File "/home/airflow/.local/lib/python3.8/site-packages/pyiceberg/catalog/rest.py", line 334, in _fetch_config
    response = session.get(self.url(Endpoints.get_config, prefixed=False), params=params)
  File "/home/airflow/.local/lib/python3.8/site-packages/requests/sessions.py", line 602, in get
    return self.request("GET", url, **kwargs)
  File "/home/airflow/.local/lib/python3.8/site-packages/requests/sessions.py", line 589, in request
    resp = self.send(prep, **send_kwargs)
  File "/home/airflow/.local/lib/python3.8/site-packages/requests/sessions.py", line 703, in send
    r = adapter.send(request, **kwargs)
  File "/home/airflow/.local/lib/python3.8/site-packages/requests/adapters.py", line 519, in send
    raise ConnectionError(e, request=request)
requests.exceptions.ConnectionError: HTTPConnectionPool(host='rest', port=8181): Max retries exceeded with url: /v1/config (Caused by NewConnectionError('<urllib3.connection.HTTPConnection object at 0x7f3aa0674880>: Failed to establish a new connection: [Errno -2] Name or service not known'))
[2025-11-21T10:21:16.672+0000] {taskinstance.py:1138} INFO - Marking task as FAILED. dag_id=duckdb_to_iceberg_dynamic, task_id=create_iceberg_namespace, execution_date=20251121T102113, start_date=20251121T102116, end_date=20251121T102116
[2025-11-21T10:21:16.695+0000] {standard_task_runner.py:107} ERROR - Failed to execute job 58 for task create_iceberg_namespace (HTTPConnectionPool(host='rest', port=8181): Max retries exceeded with url: /v1/config (Caused by NewConnectionError('<urllib3.connection.HTTPConnection object at 0x7f3aa0674880>: Failed to establish a new connection: [Errno -2] Name or service not known')); 4201)
[2025-11-21T10:21:16.701+0000] {local_task_job_runner.py:234} INFO - Task exited with return code 1
[2025-11-21T10:21:16.740+0000] {taskinstance.py:3280} INFO - 0 downstream tasks scheduled from follow-on schedule check
