[2025-11-24T12:47:41.656+0000] {taskinstance.py:1956} INFO - Dependencies all met for dep_context=non-requeueable deps ti=<TaskInstance: fetch_data.run_dbt manual__2025-11-24T12:42:20.362421+00:00 [queued]>
[2025-11-24T12:47:41.663+0000] {taskinstance.py:1956} INFO - Dependencies all met for dep_context=requeueable deps ti=<TaskInstance: fetch_data.run_dbt manual__2025-11-24T12:42:20.362421+00:00 [queued]>
[2025-11-24T12:47:41.663+0000] {taskinstance.py:2170} INFO - Starting attempt 2 of 2
[2025-11-24T12:47:41.673+0000] {taskinstance.py:2191} INFO - Executing <Task(BashOperator): run_dbt> on 2025-11-24 12:42:20.362421+00:00
[2025-11-24T12:47:41.677+0000] {standard_task_runner.py:60} INFO - Started process 1712 to run task
[2025-11-24T12:47:41.681+0000] {standard_task_runner.py:87} INFO - Running: ['***', 'tasks', 'run', 'fetch_data', 'run_dbt', 'manual__2025-11-24T12:42:20.362421+00:00', '--job-id', '348', '--raw', '--subdir', 'DAGS_FOLDER/dag_one.py', '--cfg-path', '/tmp/tmptkhtrpey']
[2025-11-24T12:47:41.683+0000] {standard_task_runner.py:88} INFO - Job 348: Subtask run_dbt
[2025-11-24T12:47:41.754+0000] {task_command.py:423} INFO - Running <TaskInstance: fetch_data.run_dbt manual__2025-11-24T12:42:20.362421+00:00 [running]> on host 805992059eae
[2025-11-24T12:47:41.972+0000] {taskinstance.py:2480} INFO - Exporting env vars: AIRFLOW_CTX_DAG_OWNER='***' AIRFLOW_CTX_DAG_ID='fetch_data' AIRFLOW_CTX_TASK_ID='run_dbt' AIRFLOW_CTX_EXECUTION_DATE='2025-11-24T12:42:20.362421+00:00' AIRFLOW_CTX_TRY_NUMBER='2' AIRFLOW_CTX_DAG_RUN_ID='manual__2025-11-24T12:42:20.362421+00:00'
[2025-11-24T12:47:41.973+0000] {subprocess.py:63} INFO - Tmp dir root location: /tmp
[2025-11-24T12:47:41.974+0000] {subprocess.py:75} INFO - Running command: ['/usr/bin/bash', '-c', 'docker exec dbt dbt seed']
[2025-11-24T12:47:41.990+0000] {subprocess.py:86} INFO - Output:
[2025-11-24T12:47:43.103+0000] {subprocess.py:93} INFO - [0m12:47:43  Running with dbt=1.10.15
[2025-11-24T12:47:43.275+0000] {subprocess.py:93} INFO - [0m12:47:43  Registered adapter: clickhouse=1.9.6
[2025-11-24T12:47:43.392+0000] {subprocess.py:93} INFO - [0m12:47:43  Unable to do partial parsing because profile has changed
[2025-11-24T12:47:44.360+0000] {subprocess.py:93} INFO - [0m12:47:44  Encountered an error:
[2025-11-24T12:47:44.361+0000] {subprocess.py:93} INFO - Compilation Error
[2025-11-24T12:47:44.361+0000] {subprocess.py:93} INFO -   Model 'model.ulemiste_city_insights_dbt.dim_time' (models/marts/dim_time.sql) depends on a node named 'stg_dim_time' which was not found
[2025-11-24T12:47:45.245+0000] {subprocess.py:97} INFO - Command exited with return code 2
[2025-11-24T12:47:45.257+0000] {taskinstance.py:2698} ERROR - Task failed with exception
Traceback (most recent call last):
  File "/home/airflow/.local/lib/python3.8/site-packages/airflow/models/taskinstance.py", line 433, in _execute_task
    result = execute_callable(context=context, **execute_callable_kwargs)
  File "/home/airflow/.local/lib/python3.8/site-packages/airflow/operators/bash.py", line 212, in execute
    raise AirflowException(
airflow.exceptions.AirflowException: Bash command failed. The command returned a non-zero exit code 2.
[2025-11-24T12:47:45.259+0000] {taskinstance.py:1138} INFO - Marking task as FAILED. dag_id=fetch_data, task_id=run_dbt, execution_date=20251124T124220, start_date=20251124T124741, end_date=20251124T124745
[2025-11-24T12:47:45.280+0000] {standard_task_runner.py:107} ERROR - Failed to execute job 348 for task run_dbt (Bash command failed. The command returned a non-zero exit code 2.; 1712)
[2025-11-24T12:47:45.314+0000] {local_task_job_runner.py:234} INFO - Task exited with return code 1
[2025-11-24T12:47:45.363+0000] {taskinstance.py:3280} INFO - 0 downstream tasks scheduled from follow-on schedule check
