[2025-11-24T12:42:34.192+0000] {taskinstance.py:1956} INFO - Dependencies all met for dep_context=non-requeueable deps ti=<TaskInstance: fetch_data.run_dbt manual__2025-11-24T12:42:20.362421+00:00 [queued]>
[2025-11-24T12:42:34.210+0000] {taskinstance.py:1956} INFO - Dependencies all met for dep_context=requeueable deps ti=<TaskInstance: fetch_data.run_dbt manual__2025-11-24T12:42:20.362421+00:00 [queued]>
[2025-11-24T12:42:34.210+0000] {taskinstance.py:2170} INFO - Starting attempt 1 of 2
[2025-11-24T12:42:34.240+0000] {taskinstance.py:2191} INFO - Executing <Task(BashOperator): run_dbt> on 2025-11-24 12:42:20.362421+00:00
[2025-11-24T12:42:34.244+0000] {standard_task_runner.py:60} INFO - Started process 581 to run task
[2025-11-24T12:42:34.249+0000] {standard_task_runner.py:87} INFO - Running: ['***', 'tasks', 'run', 'fetch_data', 'run_dbt', 'manual__2025-11-24T12:42:20.362421+00:00', '--job-id', '342', '--raw', '--subdir', 'DAGS_FOLDER/dag_one.py', '--cfg-path', '/tmp/tmp7hd5bldp']
[2025-11-24T12:42:34.251+0000] {standard_task_runner.py:88} INFO - Job 342: Subtask run_dbt
[2025-11-24T12:42:34.343+0000] {task_command.py:423} INFO - Running <TaskInstance: fetch_data.run_dbt manual__2025-11-24T12:42:20.362421+00:00 [running]> on host 805992059eae
[2025-11-24T12:42:34.653+0000] {taskinstance.py:2480} INFO - Exporting env vars: AIRFLOW_CTX_DAG_OWNER='***' AIRFLOW_CTX_DAG_ID='fetch_data' AIRFLOW_CTX_TASK_ID='run_dbt' AIRFLOW_CTX_EXECUTION_DATE='2025-11-24T12:42:20.362421+00:00' AIRFLOW_CTX_TRY_NUMBER='1' AIRFLOW_CTX_DAG_RUN_ID='manual__2025-11-24T12:42:20.362421+00:00'
[2025-11-24T12:42:34.656+0000] {subprocess.py:63} INFO - Tmp dir root location: /tmp
[2025-11-24T12:42:34.658+0000] {subprocess.py:75} INFO - Running command: ['/usr/bin/bash', '-c', 'docker exec dbt dbt seed']
[2025-11-24T12:42:34.676+0000] {subprocess.py:86} INFO - Output:
[2025-11-24T12:42:36.102+0000] {subprocess.py:93} INFO - [0m12:42:36  Running with dbt=1.10.15
[2025-11-24T12:42:36.273+0000] {subprocess.py:93} INFO - [0m12:42:36  Registered adapter: clickhouse=1.9.6
[2025-11-24T12:42:36.424+0000] {subprocess.py:93} INFO - [0m12:42:36  Unable to do partial parsing because profile has changed
[2025-11-24T12:42:37.378+0000] {subprocess.py:93} INFO - [0m12:42:37  Encountered an error:
[2025-11-24T12:42:37.379+0000] {subprocess.py:93} INFO - Compilation Error
[2025-11-24T12:42:37.379+0000] {subprocess.py:93} INFO -   Model 'model.ulemiste_city_insights_dbt.dim_time' (models/marts/dim_time.sql) depends on a node named 'stg_dim_time' which was not found
[2025-11-24T12:42:38.251+0000] {subprocess.py:97} INFO - Command exited with return code 2
[2025-11-24T12:42:38.273+0000] {taskinstance.py:2698} ERROR - Task failed with exception
Traceback (most recent call last):
  File "/home/airflow/.local/lib/python3.8/site-packages/airflow/models/taskinstance.py", line 433, in _execute_task
    result = execute_callable(context=context, **execute_callable_kwargs)
  File "/home/airflow/.local/lib/python3.8/site-packages/airflow/operators/bash.py", line 212, in execute
    raise AirflowException(
airflow.exceptions.AirflowException: Bash command failed. The command returned a non-zero exit code 2.
[2025-11-24T12:42:38.279+0000] {taskinstance.py:1138} INFO - Marking task as UP_FOR_RETRY. dag_id=fetch_data, task_id=run_dbt, execution_date=20251124T124220, start_date=20251124T124234, end_date=20251124T124238
[2025-11-24T12:42:38.322+0000] {standard_task_runner.py:107} ERROR - Failed to execute job 342 for task run_dbt (Bash command failed. The command returned a non-zero exit code 2.; 581)
[2025-11-24T12:42:38.361+0000] {local_task_job_runner.py:234} INFO - Task exited with return code 1
[2025-11-24T12:42:38.410+0000] {taskinstance.py:3280} INFO - 0 downstream tasks scheduled from follow-on schedule check
