[2025-11-22T06:45:34.944+0000] {taskinstance.py:1956} INFO - Dependencies all met for dep_context=non-requeueable deps ti=<TaskInstance: fetch_data.run_dbt scheduled__2025-11-21T00:00:00+00:00 [queued]>
[2025-11-22T06:45:34.952+0000] {taskinstance.py:1956} INFO - Dependencies all met for dep_context=requeueable deps ti=<TaskInstance: fetch_data.run_dbt scheduled__2025-11-21T00:00:00+00:00 [queued]>
[2025-11-22T06:45:34.953+0000] {taskinstance.py:2170} INFO - Starting attempt 1 of 2
[2025-11-22T06:45:34.965+0000] {taskinstance.py:2191} INFO - Executing <Task(BashOperator): run_dbt> on 2025-11-21 00:00:00+00:00
[2025-11-22T06:45:34.969+0000] {standard_task_runner.py:60} INFO - Started process 49023 to run task
[2025-11-22T06:45:34.972+0000] {standard_task_runner.py:87} INFO - Running: ['***', 'tasks', 'run', 'fetch_data', 'run_dbt', 'scheduled__2025-11-21T00:00:00+00:00', '--job-id', '205', '--raw', '--subdir', 'DAGS_FOLDER/dag_one.py', '--cfg-path', '/tmp/tmp96redox1']
[2025-11-22T06:45:34.974+0000] {standard_task_runner.py:88} INFO - Job 205: Subtask run_dbt
[2025-11-22T06:45:35.045+0000] {task_command.py:423} INFO - Running <TaskInstance: fetch_data.run_dbt scheduled__2025-11-21T00:00:00+00:00 [running]> on host 5fa4049fde26
[2025-11-22T06:45:35.299+0000] {taskinstance.py:2480} INFO - Exporting env vars: AIRFLOW_CTX_DAG_OWNER='***' AIRFLOW_CTX_DAG_ID='fetch_data' AIRFLOW_CTX_TASK_ID='run_dbt' AIRFLOW_CTX_EXECUTION_DATE='2025-11-21T00:00:00+00:00' AIRFLOW_CTX_TRY_NUMBER='1' AIRFLOW_CTX_DAG_RUN_ID='scheduled__2025-11-21T00:00:00+00:00'
[2025-11-22T06:45:35.301+0000] {subprocess.py:63} INFO - Tmp dir root location: /tmp
[2025-11-22T06:45:35.303+0000] {subprocess.py:75} INFO - Running command: ['/usr/bin/bash', '-c', 'docker exec dbt dbt seed']
[2025-11-22T06:45:35.322+0000] {subprocess.py:86} INFO - Output:
[2025-11-22T06:45:37.398+0000] {subprocess.py:93} INFO - [0m06:45:37  Running with dbt=1.10.15
[2025-11-22T06:45:37.606+0000] {subprocess.py:93} INFO - [0m06:45:37  Registered adapter: clickhouse=1.9.6
[2025-11-22T06:45:37.748+0000] {subprocess.py:93} INFO - [0m06:45:37  [[33mWARNING[0m]: Configuration paths exist in your dbt_project.yml file which do not apply to any resources.
[2025-11-22T06:45:37.749+0000] {subprocess.py:93} INFO - There are 1 unused configuration paths:
[2025-11-22T06:45:37.749+0000] {subprocess.py:93} INFO - - models
[2025-11-22T06:45:37.847+0000] {subprocess.py:93} INFO - [0m06:45:37  Found 3 seeds, 3 sources, 485 macros
[2025-11-22T06:45:37.851+0000] {subprocess.py:93} INFO - [0m06:45:37
[2025-11-22T06:45:37.851+0000] {subprocess.py:93} INFO - [0m06:45:37  Concurrency: 1 threads (target='dev')
[2025-11-22T06:45:37.852+0000] {subprocess.py:93} INFO - [0m06:45:37
[2025-11-22T06:45:38.813+0000] {subprocess.py:93} INFO - [0m06:45:38  1 of 3 START seed file `default`.`bronze_infrared` ............................. [RUN]
[2025-11-22T06:45:42.751+0000] {subprocess.py:93} INFO - [0m06:45:42  1 of 3 OK loaded seed file default.bronze_infrared ............................. [[32mINSERT 410395[0m in 3.94s]
[2025-11-22T06:45:42.752+0000] {subprocess.py:93} INFO - [0m06:45:42  2 of 3 START seed file `default`.`bronze_mobility` ............................. [RUN]
[2025-11-22T06:45:47.967+0000] {subprocess.py:93} INFO - [0m06:45:47  2 of 3 OK loaded seed file default.bronze_mobility ............................. [[32mINSERT 489414[0m in 5.21s]
[2025-11-22T06:45:47.969+0000] {subprocess.py:93} INFO - [0m06:45:47  3 of 3 START seed file `default`.`bronze_weather` .............................. [RUN]
[2025-11-22T06:45:48.027+0000] {subprocess.py:93} INFO - [0m06:45:48  3 of 3 OK loaded seed file default.bronze_weather .............................. [[32mINSERT 2785[0m in 0.06s]
[2025-11-22T06:45:48.035+0000] {subprocess.py:93} INFO - [0m06:45:48
[2025-11-22T06:45:48.036+0000] {subprocess.py:93} INFO - [0m06:45:48  Finished running 3 seeds in 0 hours 0 minutes and 10.18 seconds (10.18s).
[2025-11-22T06:45:48.095+0000] {subprocess.py:93} INFO - [0m06:45:48
[2025-11-22T06:45:48.096+0000] {subprocess.py:93} INFO - [0m06:45:48  [32mCompleted successfully[0m
[2025-11-22T06:45:48.097+0000] {subprocess.py:93} INFO - [0m06:45:48
[2025-11-22T06:45:48.097+0000] {subprocess.py:93} INFO - [0m06:45:48  Done. PASS=3 WARN=0 ERROR=0 SKIP=0 NO-OP=0 TOTAL=3
[2025-11-22T06:45:49.615+0000] {subprocess.py:97} INFO - Command exited with return code 0
[2025-11-22T06:45:49.644+0000] {taskinstance.py:1138} INFO - Marking task as SUCCESS. dag_id=fetch_data, task_id=run_dbt, execution_date=20251121T000000, start_date=20251122T064534, end_date=20251122T064549
[2025-11-22T06:45:49.680+0000] {local_task_job_runner.py:234} INFO - Task exited with return code 0
[2025-11-22T06:45:49.710+0000] {taskinstance.py:3280} INFO - 0 downstream tasks scheduled from follow-on schedule check
