[2025-11-21T13:28:55.028+0000] {taskinstance.py:1956} INFO - Dependencies all met for dep_context=non-requeueable deps ti=<TaskInstance: duckdb_to_iceberg_dynamic.create_and_append_iceberg manual__2025-11-21T13:28:49.699816+00:00 [queued]>
[2025-11-21T13:28:55.042+0000] {taskinstance.py:1956} INFO - Dependencies all met for dep_context=requeueable deps ti=<TaskInstance: duckdb_to_iceberg_dynamic.create_and_append_iceberg manual__2025-11-21T13:28:49.699816+00:00 [queued]>
[2025-11-21T13:28:55.043+0000] {taskinstance.py:2170} INFO - Starting attempt 1 of 1
[2025-11-21T13:28:55.073+0000] {taskinstance.py:2191} INFO - Executing <Task(PythonOperator): create_and_append_iceberg> on 2025-11-21 13:28:49.699816+00:00
[2025-11-21T13:28:55.083+0000] {standard_task_runner.py:60} INFO - Started process 30676 to run task
[2025-11-21T13:28:55.089+0000] {standard_task_runner.py:87} INFO - Running: ['***', 'tasks', 'run', 'duckdb_to_iceberg_dynamic', 'create_and_append_iceberg', 'manual__2025-11-21T13:28:49.699816+00:00', '--job-id', '147', '--raw', '--subdir', 'DAGS_FOLDER/dag_three.py', '--cfg-path', '/tmp/tmpfu454nlm']
[2025-11-21T13:28:55.092+0000] {standard_task_runner.py:88} INFO - Job 147: Subtask create_and_append_iceberg
[2025-11-21T13:28:55.200+0000] {task_command.py:423} INFO - Running <TaskInstance: duckdb_to_iceberg_dynamic.create_and_append_iceberg manual__2025-11-21T13:28:49.699816+00:00 [running]> on host 5fa4049fde26
[2025-11-21T13:28:55.379+0000] {taskinstance.py:2480} INFO - Exporting env vars: AIRFLOW_CTX_DAG_OWNER='***' AIRFLOW_CTX_DAG_ID='duckdb_to_iceberg_dynamic' AIRFLOW_CTX_TASK_ID='create_and_append_iceberg' AIRFLOW_CTX_EXECUTION_DATE='2025-11-21T13:28:49.699816+00:00' AIRFLOW_CTX_TRY_NUMBER='1' AIRFLOW_CTX_DAG_RUN_ID='manual__2025-11-21T13:28:49.699816+00:00'
[2025-11-21T13:28:55.534+0000] {logging_mixin.py:188} INFO - Fetched table bronze_infrared from DuckDB
[2025-11-21T13:28:55.536+0000] {taskinstance.py:2698} ERROR - Task failed with exception
Traceback (most recent call last):
  File "/home/airflow/.local/lib/python3.8/site-packages/airflow/models/taskinstance.py", line 433, in _execute_task
    result = execute_callable(context=context, **execute_callable_kwargs)
  File "/home/airflow/.local/lib/python3.8/site-packages/airflow/operators/python.py", line 199, in execute
    return_value = self.execute_callable()
  File "/home/airflow/.local/lib/python3.8/site-packages/airflow/operators/python.py", line 216, in execute_callable
    return self.python_callable(*self.op_args, **self.op_kwargs)
  File "/opt/airflow/dags/dag_three.py", line 122, in create_and_append_iceberg
    iceberg_type = TimestampType()     # naive timestamp
NameError: name 'TimestampType' is not defined
[2025-11-21T13:28:55.557+0000] {taskinstance.py:1138} INFO - Marking task as FAILED. dag_id=duckdb_to_iceberg_dynamic, task_id=create_and_append_iceberg, execution_date=20251121T132849, start_date=20251121T132855, end_date=20251121T132855
[2025-11-21T13:28:55.600+0000] {standard_task_runner.py:107} ERROR - Failed to execute job 147 for task create_and_append_iceberg (name 'TimestampType' is not defined; 30676)
[2025-11-21T13:28:55.638+0000] {local_task_job_runner.py:234} INFO - Task exited with return code 1
[2025-11-21T13:28:55.680+0000] {taskinstance.py:3280} INFO - 0 downstream tasks scheduled from follow-on schedule check
