[2025-11-30T14:06:14.082+0000] {taskinstance.py:1956} INFO - Dependencies all met for dep_context=non-requeueable deps ti=<TaskInstance: fetch_data.run_dbt manual__2025-11-30T14:05:35.406180+00:00 [queued]>
[2025-11-30T14:06:14.090+0000] {taskinstance.py:1956} INFO - Dependencies all met for dep_context=requeueable deps ti=<TaskInstance: fetch_data.run_dbt manual__2025-11-30T14:05:35.406180+00:00 [queued]>
[2025-11-30T14:06:14.095+0000] {taskinstance.py:2170} INFO - Starting attempt 1 of 2
[2025-11-30T14:06:14.116+0000] {taskinstance.py:2191} INFO - Executing <Task(BashOperator): run_dbt> on 2025-11-30 14:05:35.406180+00:00
[2025-11-30T14:06:14.123+0000] {standard_task_runner.py:60} INFO - Started process 2086 to run task
[2025-11-30T14:06:14.129+0000] {standard_task_runner.py:87} INFO - Running: ['***', 'tasks', 'run', 'fetch_data', 'run_dbt', 'manual__2025-11-30T14:05:35.406180+00:00', '--job-id', '603', '--raw', '--subdir', 'DAGS_FOLDER/01_data_fetch_mkCHtbls.py', '--cfg-path', '/tmp/tmpkvh9_l0x']
[2025-11-30T14:06:14.132+0000] {standard_task_runner.py:88} INFO - Job 603: Subtask run_dbt
[2025-11-30T14:06:14.206+0000] {task_command.py:423} INFO - Running <TaskInstance: fetch_data.run_dbt manual__2025-11-30T14:05:35.406180+00:00 [running]> on host bdd74c86aa21
[2025-11-30T14:06:14.513+0000] {taskinstance.py:2480} INFO - Exporting env vars: AIRFLOW_CTX_DAG_OWNER='***' AIRFLOW_CTX_DAG_ID='fetch_data' AIRFLOW_CTX_TASK_ID='run_dbt' AIRFLOW_CTX_EXECUTION_DATE='2025-11-30T14:05:35.406180+00:00' AIRFLOW_CTX_TRY_NUMBER='1' AIRFLOW_CTX_DAG_RUN_ID='manual__2025-11-30T14:05:35.406180+00:00'
[2025-11-30T14:06:14.521+0000] {subprocess.py:63} INFO - Tmp dir root location: /tmp
[2025-11-30T14:06:14.522+0000] {subprocess.py:75} INFO - Running command: ['/usr/bin/bash', '-c', 'docker exec dbt dbt run']
[2025-11-30T14:06:14.532+0000] {subprocess.py:86} INFO - Output:
[2025-11-30T14:06:16.527+0000] {subprocess.py:93} INFO - [0m14:06:16  Running with dbt=1.10.15
[2025-11-30T14:06:16.786+0000] {subprocess.py:93} INFO - [0m14:06:16  Registered adapter: clickhouse=1.9.6
[2025-11-30T14:06:17.146+0000] {subprocess.py:93} INFO - [0m14:06:17  [[33mWARNING[0m]: Configuration paths exist in your dbt_project.yml file which do not apply to any resources.
[2025-11-30T14:06:17.150+0000] {subprocess.py:93} INFO - There are 1 unused configuration paths:
[2025-11-30T14:06:17.150+0000] {subprocess.py:93} INFO - - models.peopletraffic.silver
[2025-11-30T14:06:17.443+0000] {subprocess.py:93} INFO - [0m14:06:17  Found 7 models, 15 data tests, 2 sources, 485 macros
[2025-11-30T14:06:17.450+0000] {subprocess.py:93} INFO - [0m14:06:17
[2025-11-30T14:06:17.451+0000] {subprocess.py:93} INFO - [0m14:06:17  Concurrency: 1 threads (target='dev')
[2025-11-30T14:06:17.453+0000] {subprocess.py:93} INFO - [0m14:06:17
[2025-11-30T14:06:20.147+0000] {subprocess.py:93} INFO - [0m14:06:20  1 of 7 START sql incremental model `default_gold`.`dim_time` ................... [RUN]
[2025-11-30T14:06:21.163+0000] {subprocess.py:93} INFO - [0m14:06:21  1 of 7 OK created sql incremental model `default_gold`.`dim_time` .............. [[32mOK[0m in 1.02s]
[2025-11-30T14:06:21.166+0000] {subprocess.py:93} INFO - [0m14:06:21  2 of 7 START sql view model `default_bronze`.`stg_dim_building` ................ [RUN]
[2025-11-30T14:06:21.310+0000] {subprocess.py:93} INFO - [0m14:06:21  2 of 7 OK created sql view model `default_bronze`.`stg_dim_building` ........... [[32mOK[0m in 0.14s]
[2025-11-30T14:06:21.316+0000] {subprocess.py:93} INFO - [0m14:06:21  3 of 7 START sql view model `default_bronze`.`stg_dim_weather` ................. [RUN]
[2025-11-30T14:06:21.622+0000] {subprocess.py:93} INFO - [0m14:06:21  3 of 7 OK created sql view model `default_bronze`.`stg_dim_weather` ............ [[32mOK[0m in 0.29s]
[2025-11-30T14:06:21.628+0000] {subprocess.py:93} INFO - [0m14:06:21  4 of 7 START sql incremental model `default_gold`.`dim_building` ............... [RUN]
[2025-11-30T14:06:26.199+0000] {subprocess.py:93} INFO - [0m14:06:26  4 of 7 OK created sql incremental model `default_gold`.`dim_building` .......... [[32mOK[0m in 4.48s]
[2025-11-30T14:06:26.236+0000] {subprocess.py:93} INFO - [0m14:06:26  5 of 7 START sql incremental model `default_gold`.`dim_date` ................... [RUN]
[2025-11-30T14:06:28.336+0000] {subprocess.py:93} INFO - [0m14:06:28  5 of 7 OK created sql incremental model `default_gold`.`dim_date` .............. [[32mOK[0m in 2.12s]
[2025-11-30T14:06:28.342+0000] {subprocess.py:93} INFO - [0m14:06:28  6 of 7 START sql incremental model `default_gold`.`dim_weather` ................ [RUN]
[2025-11-30T14:06:28.806+0000] {subprocess.py:93} INFO - [0m14:06:28  6 of 7 OK created sql incremental model `default_gold`.`dim_weather` ........... [[32mOK[0m in 0.46s]
[2025-11-30T14:06:28.807+0000] {subprocess.py:93} INFO - [0m14:06:28  7 of 7 START sql incremental model `default_gold`.`fact_people_traffic` ........ [RUN]
[2025-11-30T14:06:29.483+0000] {subprocess.py:93} INFO - [0m14:06:29  7 of 7 OK created sql incremental model `default_gold`.`fact_people_traffic` ... [[32mOK[0m in 0.64s]
[2025-11-30T14:06:29.509+0000] {subprocess.py:93} INFO - [0m14:06:29
[2025-11-30T14:06:29.514+0000] {subprocess.py:93} INFO - [0m14:06:29  Finished running 5 incremental models, 2 view models in 0 hours 0 minutes and 12.04 seconds (12.04s).
[2025-11-30T14:06:29.608+0000] {subprocess.py:93} INFO - [0m14:06:29
[2025-11-30T14:06:29.613+0000] {subprocess.py:93} INFO - [0m14:06:29  [32mCompleted successfully[0m
[2025-11-30T14:06:29.613+0000] {subprocess.py:93} INFO - [0m14:06:29
[2025-11-30T14:06:29.614+0000] {subprocess.py:93} INFO - [0m14:06:29  Done. PASS=7 WARN=0 ERROR=0 SKIP=0 NO-OP=0 TOTAL=7
[2025-11-30T14:06:33.100+0000] {subprocess.py:97} INFO - Command exited with return code 0
[2025-11-30T14:06:33.208+0000] {taskinstance.py:1138} INFO - Marking task as SUCCESS. dag_id=fetch_data, task_id=run_dbt, execution_date=20251130T140535, start_date=20251130T140614, end_date=20251130T140633
[2025-11-30T14:06:33.294+0000] {local_task_job_runner.py:234} INFO - Task exited with return code 0
[2025-11-30T14:06:33.331+0000] {taskinstance.py:3280} INFO - 0 downstream tasks scheduled from follow-on schedule check
