[2025-11-21T10:55:16.577+0000] {taskinstance.py:1956} INFO - Dependencies all met for dep_context=non-requeueable deps ti=<TaskInstance: duckdb_to_iceberg_dynamic.fetch_duckdb_arrow manual__2025-11-21T10:55:13.995148+00:00 [queued]>
[2025-11-21T10:55:16.585+0000] {taskinstance.py:1956} INFO - Dependencies all met for dep_context=requeueable deps ti=<TaskInstance: duckdb_to_iceberg_dynamic.fetch_duckdb_arrow manual__2025-11-21T10:55:13.995148+00:00 [queued]>
[2025-11-21T10:55:16.586+0000] {taskinstance.py:2170} INFO - Starting attempt 1 of 1
[2025-11-21T10:55:16.604+0000] {taskinstance.py:2191} INFO - Executing <Task(PythonOperator): fetch_duckdb_arrow> on 2025-11-21 10:55:13.995148+00:00
[2025-11-21T10:55:16.609+0000] {standard_task_runner.py:60} INFO - Started process 8952 to run task
[2025-11-21T10:55:16.613+0000] {standard_task_runner.py:87} INFO - Running: ['***', 'tasks', 'run', 'duckdb_to_iceberg_dynamic', 'fetch_duckdb_arrow', 'manual__2025-11-21T10:55:13.995148+00:00', '--job-id', '68', '--raw', '--subdir', 'DAGS_FOLDER/dag_three.py', '--cfg-path', '/tmp/tmpw_zfnrom']
[2025-11-21T10:55:16.615+0000] {standard_task_runner.py:88} INFO - Job 68: Subtask fetch_duckdb_arrow
[2025-11-21T10:55:16.671+0000] {task_command.py:423} INFO - Running <TaskInstance: duckdb_to_iceberg_dynamic.fetch_duckdb_arrow manual__2025-11-21T10:55:13.995148+00:00 [running]> on host 5fa4049fde26
[2025-11-21T10:55:16.762+0000] {taskinstance.py:2480} INFO - Exporting env vars: AIRFLOW_CTX_DAG_OWNER='***' AIRFLOW_CTX_DAG_ID='duckdb_to_iceberg_dynamic' AIRFLOW_CTX_TASK_ID='fetch_duckdb_arrow' AIRFLOW_CTX_EXECUTION_DATE='2025-11-21T10:55:13.995148+00:00' AIRFLOW_CTX_TRY_NUMBER='1' AIRFLOW_CTX_DAG_RUN_ID='manual__2025-11-21T10:55:13.995148+00:00'
[2025-11-21T10:55:16.778+0000] {logging_mixin.py:188} INFO - Using DuckDB source table: bronze_infrared
[2025-11-21T10:55:16.828+0000] {logging_mixin.py:188} INFO - Loaded Arrow Table: rows=410395, cols=4
[2025-11-21T10:55:16.837+0000] {xcom.py:664} ERROR - Object of type Table is not JSON serializable. If you are using pickle instead of JSON for XCom, then you need to enable pickle support for XCom in your *** config or make sure to decorate your object with attr.
[2025-11-21T10:55:16.839+0000] {taskinstance.py:2698} ERROR - Task failed with exception
Traceback (most recent call last):
  File "/home/airflow/.local/lib/python3.8/site-packages/airflow/utils/json.py", line 91, in default
    return serialize(o)
  File "/home/airflow/.local/lib/python3.8/site-packages/airflow/serialization/serde.py", line 180, in serialize
    raise TypeError(f"cannot serialize object of type {cls}")
TypeError: cannot serialize object of type <class 'pyarrow.lib.Table'>

During handling of the above exception, another exception occurred:

Traceback (most recent call last):
  File "/home/airflow/.local/lib/python3.8/site-packages/airflow/models/taskinstance.py", line 433, in _execute_task
    result = execute_callable(context=context, **execute_callable_kwargs)
  File "/home/airflow/.local/lib/python3.8/site-packages/airflow/operators/python.py", line 199, in execute
    return_value = self.execute_callable()
  File "/home/airflow/.local/lib/python3.8/site-packages/airflow/operators/python.py", line 216, in execute_callable
    return self.python_callable(*self.op_args, **self.op_kwargs)
  File "/opt/airflow/dags/dag_three.py", line 58, in fetch_duckdb_arrow
    context["ti"].xcom_push(key="arrow_data", value=arrow_table)
  File "/home/airflow/.local/lib/python3.8/site-packages/airflow/utils/session.py", line 79, in wrapper
    return func(*args, session=session, **kwargs)
  File "/home/airflow/.local/lib/python3.8/site-packages/airflow/models/taskinstance.py", line 2980, in xcom_push
    XCom.set(
  File "/home/airflow/.local/lib/python3.8/site-packages/airflow/utils/session.py", line 76, in wrapper
    return func(*args, **kwargs)
  File "/home/airflow/.local/lib/python3.8/site-packages/airflow/models/xcom.py", line 247, in set
    value = cls.serialize_value(
  File "/home/airflow/.local/lib/python3.8/site-packages/airflow/models/xcom.py", line 662, in serialize_value
    return json.dumps(value, cls=XComEncoder).encode("UTF-8")
  File "/usr/local/lib/python3.8/json/__init__.py", line 234, in dumps
    return cls(
  File "/home/airflow/.local/lib/python3.8/site-packages/airflow/utils/json.py", line 104, in encode
    return super().encode(o)
  File "/usr/local/lib/python3.8/json/encoder.py", line 199, in encode
    chunks = self.iterencode(o, _one_shot=True)
  File "/usr/local/lib/python3.8/json/encoder.py", line 257, in iterencode
    return _iterencode(o, 0)
  File "/home/airflow/.local/lib/python3.8/site-packages/airflow/utils/json.py", line 93, in default
    return super().default(o)
  File "/usr/local/lib/python3.8/json/encoder.py", line 179, in default
    raise TypeError(f'Object of type {o.__class__.__name__} '
TypeError: Object of type Table is not JSON serializable
[2025-11-21T10:55:16.850+0000] {taskinstance.py:1138} INFO - Marking task as FAILED. dag_id=duckdb_to_iceberg_dynamic, task_id=fetch_duckdb_arrow, execution_date=20251121T105513, start_date=20251121T105516, end_date=20251121T105516
[2025-11-21T10:55:16.862+0000] {standard_task_runner.py:107} ERROR - Failed to execute job 68 for task fetch_duckdb_arrow (Object of type Table is not JSON serializable; 8952)
[2025-11-21T10:55:16.872+0000] {local_task_job_runner.py:234} INFO - Task exited with return code 1
[2025-11-21T10:55:16.903+0000] {taskinstance.py:3280} INFO - 0 downstream tasks scheduled from follow-on schedule check
