[2025-11-21T13:36:56.027+0000] {taskinstance.py:1956} INFO - Dependencies all met for dep_context=non-requeueable deps ti=<TaskInstance: duckdb_to_iceberg_dynamic.create_and_append_iceberg manual__2025-11-21T13:36:51.203394+00:00 [queued]>
[2025-11-21T13:36:56.042+0000] {taskinstance.py:1956} INFO - Dependencies all met for dep_context=requeueable deps ti=<TaskInstance: duckdb_to_iceberg_dynamic.create_and_append_iceberg manual__2025-11-21T13:36:51.203394+00:00 [queued]>
[2025-11-21T13:36:56.042+0000] {taskinstance.py:2170} INFO - Starting attempt 1 of 1
[2025-11-21T13:36:56.072+0000] {taskinstance.py:2191} INFO - Executing <Task(PythonOperator): create_and_append_iceberg> on 2025-11-21 13:36:51.203394+00:00
[2025-11-21T13:36:56.083+0000] {standard_task_runner.py:60} INFO - Started process 31878 to run task
[2025-11-21T13:36:56.089+0000] {standard_task_runner.py:87} INFO - Running: ['***', 'tasks', 'run', 'duckdb_to_iceberg_dynamic', 'create_and_append_iceberg', 'manual__2025-11-21T13:36:51.203394+00:00', '--job-id', '153', '--raw', '--subdir', 'DAGS_FOLDER/dag_three.py', '--cfg-path', '/tmp/tmpgf89xrd2']
[2025-11-21T13:36:56.093+0000] {standard_task_runner.py:88} INFO - Job 153: Subtask create_and_append_iceberg
[2025-11-21T13:36:56.181+0000] {task_command.py:423} INFO - Running <TaskInstance: duckdb_to_iceberg_dynamic.create_and_append_iceberg manual__2025-11-21T13:36:51.203394+00:00 [running]> on host 5fa4049fde26
[2025-11-21T13:36:56.358+0000] {taskinstance.py:2480} INFO - Exporting env vars: AIRFLOW_CTX_DAG_OWNER='***' AIRFLOW_CTX_DAG_ID='duckdb_to_iceberg_dynamic' AIRFLOW_CTX_TASK_ID='create_and_append_iceberg' AIRFLOW_CTX_EXECUTION_DATE='2025-11-21T13:36:51.203394+00:00' AIRFLOW_CTX_TRY_NUMBER='1' AIRFLOW_CTX_DAG_RUN_ID='manual__2025-11-21T13:36:51.203394+00:00'
[2025-11-21T13:36:56.509+0000] {logging_mixin.py:188} INFO - Fetched table bronze_infrared from DuckDB
[2025-11-21T13:36:56.511+0000] {taskinstance.py:2698} ERROR - Task failed with exception
Traceback (most recent call last):
  File "/home/airflow/.local/lib/python3.8/site-packages/airflow/models/taskinstance.py", line 433, in _execute_task
    result = execute_callable(context=context, **execute_callable_kwargs)
  File "/home/airflow/.local/lib/python3.8/site-packages/airflow/operators/python.py", line 199, in execute
    return_value = self.execute_callable()
  File "/home/airflow/.local/lib/python3.8/site-packages/airflow/operators/python.py", line 216, in execute_callable
    return self.python_callable(*self.op_args, **self.op_kwargs)
  File "/opt/airflow/dags/dag_three.py", line 149, in create_and_append_iceberg
    iceberg_schema = Schema(fields)
  File "/home/airflow/.local/lib/python3.8/site-packages/pyiceberg/schema.py", line 97, in __init__
    super().__init__(**data)
  File "/home/airflow/.local/lib/python3.8/site-packages/pydantic/main.py", line 164, in __init__
    __pydantic_self__.__pydantic_validator__.validate_python(data, self_instance=__pydantic_self__)
pydantic_core._pydantic_core.ValidationError: 1 validation error for Schema
fields.0
  Input should be a valid dictionary or instance of NestedField [type=model_type, input_value=[NestedField(field_id=1, ...Type(), required=False)], input_type=list]
    For further information visit https://errors.pydantic.dev/2.5/v/model_type
[2025-11-21T13:36:56.534+0000] {taskinstance.py:1138} INFO - Marking task as FAILED. dag_id=duckdb_to_iceberg_dynamic, task_id=create_and_append_iceberg, execution_date=20251121T133651, start_date=20251121T133656, end_date=20251121T133656
[2025-11-21T13:36:56.568+0000] {standard_task_runner.py:107} ERROR - Failed to execute job 153 for task create_and_append_iceberg (1 validation error for Schema
fields.0
  Input should be a valid dictionary or instance of NestedField [type=model_type, input_value=[NestedField(field_id=1, ...Type(), required=False)], input_type=list]
    For further information visit https://errors.pydantic.dev/2.5/v/model_type; 31878)
[2025-11-21T13:36:56.594+0000] {local_task_job_runner.py:234} INFO - Task exited with return code 1
[2025-11-21T13:36:56.634+0000] {taskinstance.py:3280} INFO - 0 downstream tasks scheduled from follow-on schedule check
