[2025-11-24T07:31:21.625+0000] {taskinstance.py:1956} INFO - Dependencies all met for dep_context=non-requeueable deps ti=<TaskInstance: duckdb_to_iceberg_clickhouse.register_iceberg_clickhouse manual__2025-11-24T07:31:15.486161+00:00 [queued]>
[2025-11-24T07:31:21.632+0000] {taskinstance.py:1956} INFO - Dependencies all met for dep_context=requeueable deps ti=<TaskInstance: duckdb_to_iceberg_clickhouse.register_iceberg_clickhouse manual__2025-11-24T07:31:15.486161+00:00 [queued]>
[2025-11-24T07:31:21.633+0000] {taskinstance.py:2170} INFO - Starting attempt 1 of 1
[2025-11-24T07:31:21.644+0000] {taskinstance.py:2191} INFO - Executing <Task(PythonOperator): register_iceberg_clickhouse> on 2025-11-24 07:31:15.486161+00:00
[2025-11-24T07:31:21.651+0000] {standard_task_runner.py:60} INFO - Started process 1190 to run task
[2025-11-24T07:31:21.653+0000] {standard_task_runner.py:87} INFO - Running: ['***', 'tasks', 'run', 'duckdb_to_iceberg_clickhouse', 'register_iceberg_clickhouse', 'manual__2025-11-24T07:31:15.486161+00:00', '--job-id', '287', '--raw', '--subdir', 'DAGS_FOLDER/dag_four.py', '--cfg-path', '/tmp/tmpehwfxgya']
[2025-11-24T07:31:21.655+0000] {standard_task_runner.py:88} INFO - Job 287: Subtask register_iceberg_clickhouse
[2025-11-24T07:31:21.702+0000] {task_command.py:423} INFO - Running <TaskInstance: duckdb_to_iceberg_clickhouse.register_iceberg_clickhouse manual__2025-11-24T07:31:15.486161+00:00 [running]> on host b8d844055de8
[2025-11-24T07:31:21.779+0000] {taskinstance.py:2480} INFO - Exporting env vars: AIRFLOW_CTX_DAG_OWNER='***' AIRFLOW_CTX_DAG_ID='duckdb_to_iceberg_clickhouse' AIRFLOW_CTX_TASK_ID='register_iceberg_clickhouse' AIRFLOW_CTX_EXECUTION_DATE='2025-11-24T07:31:15.486161+00:00' AIRFLOW_CTX_TRY_NUMBER='1' AIRFLOW_CTX_DAG_RUN_ID='manual__2025-11-24T07:31:15.486161+00:00'
[2025-11-24T07:31:21.819+0000] {taskinstance.py:2698} ERROR - Task failed with exception
Traceback (most recent call last):
  File "/home/airflow/.local/lib/python3.8/site-packages/airflow/models/taskinstance.py", line 433, in _execute_task
    result = execute_callable(context=context, **execute_callable_kwargs)
  File "/home/airflow/.local/lib/python3.8/site-packages/airflow/operators/python.py", line 199, in execute
    return_value = self.execute_callable()
  File "/home/airflow/.local/lib/python3.8/site-packages/airflow/operators/python.py", line 216, in execute_callable
    return self.python_callable(*self.op_args, **self.op_kwargs)
  File "/opt/airflow/dags/dag_four.py", line 148, in register_iceberg_in_clickhouse
    client.command(create_sql)
  File "/home/airflow/.local/lib/python3.8/site-packages/clickhouse_connect/driver/httpclient.py", line 329, in command
    response = self._raw_request(payload, params, headers, method, fields=fields)
  File "/home/airflow/.local/lib/python3.8/site-packages/clickhouse_connect/driver/httpclient.py", line 425, in _raw_request
    self._error_handler(response)
  File "/home/airflow/.local/lib/python3.8/site-packages/clickhouse_connect/driver/httpclient.py", line 350, in _error_handler
    raise OperationalError(err_str) if retried else DatabaseError(err_str) from None
clickhouse_connect.driver.exceptions.DatabaseError: :HTTPDriver for http://clickhouse-server:8123 returned response code 400)
 Code: 36. DB::Exception: Host is empty in S3 URI. (BAD_ARGUMENTS) (version 25.10.2.65 (official build))

[2025-11-24T07:31:21.829+0000] {taskinstance.py:1138} INFO - Marking task as FAILED. dag_id=duckdb_to_iceberg_clickhouse, task_id=register_iceberg_clickhouse, execution_date=20251124T073115, start_date=20251124T073121, end_date=20251124T073121
[2025-11-24T07:31:21.841+0000] {standard_task_runner.py:107} ERROR - Failed to execute job 287 for task register_iceberg_clickhouse (:HTTPDriver for http://clickhouse-server:8123 returned response code 400)
 Code: 36. DB::Exception: Host is empty in S3 URI. (BAD_ARGUMENTS) (version 25.10.2.65 (official build))
; 1190)
[2025-11-24T07:31:21.875+0000] {local_task_job_runner.py:234} INFO - Task exited with return code 1
[2025-11-24T07:31:21.895+0000] {taskinstance.py:3280} INFO - 0 downstream tasks scheduled from follow-on schedule check
