[2025-11-21T14:00:15.728+0000] {taskinstance.py:1956} INFO - Dependencies all met for dep_context=non-requeueable deps ti=<TaskInstance: duckdb_to_iceberg_dynamic.create_and_append_iceberg manual__2025-11-21T14:00:10.593177+00:00 [queued]>
[2025-11-21T14:00:15.743+0000] {taskinstance.py:1956} INFO - Dependencies all met for dep_context=requeueable deps ti=<TaskInstance: duckdb_to_iceberg_dynamic.create_and_append_iceberg manual__2025-11-21T14:00:10.593177+00:00 [queued]>
[2025-11-21T14:00:15.744+0000] {taskinstance.py:2170} INFO - Starting attempt 1 of 1
[2025-11-21T14:00:15.770+0000] {taskinstance.py:2191} INFO - Executing <Task(PythonOperator): create_and_append_iceberg> on 2025-11-21 14:00:10.593177+00:00
[2025-11-21T14:00:15.780+0000] {standard_task_runner.py:60} INFO - Started process 35465 to run task
[2025-11-21T14:00:15.788+0000] {standard_task_runner.py:87} INFO - Running: ['***', 'tasks', 'run', 'duckdb_to_iceberg_dynamic', 'create_and_append_iceberg', 'manual__2025-11-21T14:00:10.593177+00:00', '--job-id', '174', '--raw', '--subdir', 'DAGS_FOLDER/dag_three.py', '--cfg-path', '/tmp/tmp61sgsocn']
[2025-11-21T14:00:15.792+0000] {standard_task_runner.py:88} INFO - Job 174: Subtask create_and_append_iceberg
[2025-11-21T14:00:15.896+0000] {task_command.py:423} INFO - Running <TaskInstance: duckdb_to_iceberg_dynamic.create_and_append_iceberg manual__2025-11-21T14:00:10.593177+00:00 [running]> on host 5fa4049fde26
[2025-11-21T14:00:16.079+0000] {taskinstance.py:2480} INFO - Exporting env vars: AIRFLOW_CTX_DAG_OWNER='***' AIRFLOW_CTX_DAG_ID='duckdb_to_iceberg_dynamic' AIRFLOW_CTX_TASK_ID='create_and_append_iceberg' AIRFLOW_CTX_EXECUTION_DATE='2025-11-21T14:00:10.593177+00:00' AIRFLOW_CTX_TRY_NUMBER='1' AIRFLOW_CTX_DAG_RUN_ID='manual__2025-11-21T14:00:10.593177+00:00'
[2025-11-21T14:00:16.210+0000] {logging_mixin.py:188} INFO - Fetched bronze_infrared from DuckDB
[2025-11-21T14:00:16.233+0000] {__init__.py:348} INFO - Defaulting to PyArrow FileIO
[2025-11-21T14:00:16.528+0000] {logging_mixin.py:188} INFO - Loaded existing table: default.bronze_infrared
[2025-11-21T14:00:16.531+0000] {taskinstance.py:2698} ERROR - Task failed with exception
Traceback (most recent call last):
  File "/home/airflow/.local/lib/python3.8/site-packages/airflow/models/taskinstance.py", line 433, in _execute_task
    result = execute_callable(context=context, **execute_callable_kwargs)
  File "/home/airflow/.local/lib/python3.8/site-packages/airflow/operators/python.py", line 199, in execute
    return_value = self.execute_callable()
  File "/home/airflow/.local/lib/python3.8/site-packages/airflow/operators/python.py", line 216, in execute_callable
    return self.python_callable(*self.op_args, **self.op_kwargs)
  File "/opt/airflow/dags/dag_three.py", line 164, in create_and_append_iceberg
    arrow_table = cast_arrow_to_iceberg_schema(arrow_table, table.schema)
  File "/opt/airflow/dags/dag_three.py", line 79, in cast_arrow_to_iceberg_schema
    for field in iceberg_schema.fields:
AttributeError: 'function' object has no attribute 'fields'
[2025-11-21T14:00:16.546+0000] {taskinstance.py:1138} INFO - Marking task as FAILED. dag_id=duckdb_to_iceberg_dynamic, task_id=create_and_append_iceberg, execution_date=20251121T140010, start_date=20251121T140015, end_date=20251121T140016
[2025-11-21T14:00:16.573+0000] {standard_task_runner.py:107} ERROR - Failed to execute job 174 for task create_and_append_iceberg ('function' object has no attribute 'fields'; 35465)
[2025-11-21T14:00:16.619+0000] {local_task_job_runner.py:234} INFO - Task exited with return code 1
[2025-11-21T14:00:16.645+0000] {taskinstance.py:3280} INFO - 0 downstream tasks scheduled from follow-on schedule check
