[2025-11-20T09:58:24.053+0000] {taskinstance.py:1956} INFO - Dependencies all met for dep_context=non-requeueable deps ti=<TaskInstance: fetch_data.ingest_infrared_csv manual__2025-11-20T09:58:14.609749+00:00 [queued]>
[2025-11-20T09:58:24.060+0000] {taskinstance.py:1956} INFO - Dependencies all met for dep_context=requeueable deps ti=<TaskInstance: fetch_data.ingest_infrared_csv manual__2025-11-20T09:58:14.609749+00:00 [queued]>
[2025-11-20T09:58:24.060+0000] {taskinstance.py:2170} INFO - Starting attempt 1 of 2
[2025-11-20T09:58:24.069+0000] {taskinstance.py:2191} INFO - Executing <Task(PythonOperator): ingest_infrared_csv> on 2025-11-20 09:58:14.609749+00:00
[2025-11-20T09:58:24.072+0000] {standard_task_runner.py:60} INFO - Started process 3369 to run task
[2025-11-20T09:58:24.076+0000] {standard_task_runner.py:87} INFO - Running: ['***', 'tasks', 'run', 'fetch_data', 'ingest_infrared_csv', 'manual__2025-11-20T09:58:14.609749+00:00', '--job-id', '8', '--raw', '--subdir', 'DAGS_FOLDER/dag_one.py', '--cfg-path', '/tmp/tmpl7hdk21k']
[2025-11-20T09:58:24.078+0000] {standard_task_runner.py:88} INFO - Job 8: Subtask ingest_infrared_csv
[2025-11-20T09:58:24.124+0000] {task_command.py:423} INFO - Running <TaskInstance: fetch_data.ingest_infrared_csv manual__2025-11-20T09:58:14.609749+00:00 [running]> on host f8832a2bf6ed
[2025-11-20T09:58:24.359+0000] {taskinstance.py:2480} INFO - Exporting env vars: AIRFLOW_CTX_DAG_OWNER='***' AIRFLOW_CTX_DAG_ID='fetch_data' AIRFLOW_CTX_TASK_ID='ingest_infrared_csv' AIRFLOW_CTX_EXECUTION_DATE='2025-11-20T09:58:14.609749+00:00' AIRFLOW_CTX_TRY_NUMBER='1' AIRFLOW_CTX_DAG_RUN_ID='manual__2025-11-20T09:58:14.609749+00:00'
[2025-11-20T09:58:24.553+0000] {taskinstance.py:2698} ERROR - Task failed with exception
Traceback (most recent call last):
  File "/home/airflow/.local/lib/python3.8/site-packages/airflow/models/taskinstance.py", line 433, in _execute_task
    result = execute_callable(context=context, **execute_callable_kwargs)
  File "/home/airflow/.local/lib/python3.8/site-packages/airflow/operators/python.py", line 199, in execute
    return_value = self.execute_callable()
  File "/home/airflow/.local/lib/python3.8/site-packages/airflow/operators/python.py", line 216, in execute_callable
    return self.python_callable(*self.op_args, **self.op_kwargs)
  File "/opt/airflow/dags/dag_one.py", line 43, in ingest_csv
    df = pd.read_csv(cp)
  File "/home/airflow/.local/lib/python3.8/site-packages/pandas/io/parsers/readers.py", line 912, in read_csv
    return _read(filepath_or_buffer, kwds)
  File "/home/airflow/.local/lib/python3.8/site-packages/pandas/io/parsers/readers.py", line 577, in _read
    parser = TextFileReader(filepath_or_buffer, **kwds)
  File "/home/airflow/.local/lib/python3.8/site-packages/pandas/io/parsers/readers.py", line 1407, in __init__
    self._engine = self._make_engine(f, self.engine)
  File "/home/airflow/.local/lib/python3.8/site-packages/pandas/io/parsers/readers.py", line 1661, in _make_engine
    self.handles = get_handle(
  File "/home/airflow/.local/lib/python3.8/site-packages/pandas/io/common.py", line 716, in get_handle
    ioargs = _get_filepath_or_buffer(
  File "/home/airflow/.local/lib/python3.8/site-packages/pandas/io/common.py", line 368, in _get_filepath_or_buffer
    with urlopen(req_info) as req:
  File "/home/airflow/.local/lib/python3.8/site-packages/pandas/io/common.py", line 270, in urlopen
    return urllib.request.urlopen(*args, **kwargs)
  File "/usr/local/lib/python3.8/urllib/request.py", line 222, in urlopen
    return opener.open(url, data, timeout)
  File "/usr/local/lib/python3.8/urllib/request.py", line 531, in open
    response = meth(req, response)
  File "/usr/local/lib/python3.8/urllib/request.py", line 640, in http_response
    response = self.parent.error(
  File "/usr/local/lib/python3.8/urllib/request.py", line 569, in error
    return self._call_chain(*args)
  File "/usr/local/lib/python3.8/urllib/request.py", line 502, in _call_chain
    result = func(*args)
  File "/usr/local/lib/python3.8/urllib/request.py", line 649, in http_error_default
    raise HTTPError(req.full_url, code, msg, hdrs, fp)
urllib.error.HTTPError: HTTP Error 404: Not Found
[2025-11-20T09:58:24.587+0000] {taskinstance.py:1138} INFO - Marking task as UP_FOR_RETRY. dag_id=fetch_data, task_id=ingest_infrared_csv, execution_date=20251120T095814, start_date=20251120T095824, end_date=20251120T095824
[2025-11-20T09:58:24.605+0000] {standard_task_runner.py:107} ERROR - Failed to execute job 8 for task ingest_infrared_csv (HTTP Error 404: Not Found; 3369)
[2025-11-20T09:58:24.624+0000] {local_task_job_runner.py:234} INFO - Task exited with return code 1
[2025-11-20T09:58:24.672+0000] {taskinstance.py:3280} INFO - 0 downstream tasks scheduled from follow-on schedule check
