[2025-11-26T16:52:17.511+0000] {taskinstance.py:1956} INFO - Dependencies all met for dep_context=non-requeueable deps ti=<TaskInstance: duckdb_to_iceberg_registerCH.register_iceberg_in_clickhouse manual__2025-11-26T16:51:55.535376+00:00 [queued]>
[2025-11-26T16:52:17.539+0000] {taskinstance.py:1956} INFO - Dependencies all met for dep_context=requeueable deps ti=<TaskInstance: duckdb_to_iceberg_registerCH.register_iceberg_in_clickhouse manual__2025-11-26T16:51:55.535376+00:00 [queued]>
[2025-11-26T16:52:17.541+0000] {taskinstance.py:2170} INFO - Starting attempt 1 of 1
[2025-11-26T16:52:17.576+0000] {taskinstance.py:2191} INFO - Executing <Task(PythonOperator): register_iceberg_in_clickhouse> on 2025-11-26 16:51:55.535376+00:00
[2025-11-26T16:52:17.587+0000] {standard_task_runner.py:60} INFO - Started process 1900 to run task
[2025-11-26T16:52:17.596+0000] {standard_task_runner.py:87} INFO - Running: ['***', 'tasks', 'run', 'duckdb_to_iceberg_registerCH', 'register_iceberg_in_clickhouse', 'manual__2025-11-26T16:51:55.535376+00:00', '--job-id', '509', '--raw', '--subdir', 'DAGS_FOLDER/dag_four.py', '--cfg-path', '/tmp/tmpc9k1nhdc']
[2025-11-26T16:52:17.604+0000] {standard_task_runner.py:88} INFO - Job 509: Subtask register_iceberg_in_clickhouse
[2025-11-26T16:52:17.721+0000] {task_command.py:423} INFO - Running <TaskInstance: duckdb_to_iceberg_registerCH.register_iceberg_in_clickhouse manual__2025-11-26T16:51:55.535376+00:00 [running]> on host 776aa681496a
[2025-11-26T16:52:17.916+0000] {taskinstance.py:2480} INFO - Exporting env vars: AIRFLOW_CTX_DAG_OWNER='***' AIRFLOW_CTX_DAG_ID='duckdb_to_iceberg_registerCH' AIRFLOW_CTX_TASK_ID='register_iceberg_in_clickhouse' AIRFLOW_CTX_EXECUTION_DATE='2025-11-26T16:51:55.535376+00:00' AIRFLOW_CTX_TRY_NUMBER='1' AIRFLOW_CTX_DAG_RUN_ID='manual__2025-11-26T16:51:55.535376+00:00'
[2025-11-26T16:52:17.973+0000] {taskinstance.py:2698} ERROR - Task failed with exception
Traceback (most recent call last):
  File "/home/airflow/.local/lib/python3.8/site-packages/airflow/models/taskinstance.py", line 433, in _execute_task
    result = execute_callable(context=context, **execute_callable_kwargs)
  File "/home/airflow/.local/lib/python3.8/site-packages/airflow/operators/python.py", line 199, in execute
    return_value = self.execute_callable()
  File "/home/airflow/.local/lib/python3.8/site-packages/airflow/operators/python.py", line 216, in execute_callable
    return self.python_callable(*self.op_args, **self.op_kwargs)
  File "/opt/airflow/dags/dag_four.py", line 140, in register_iceberg_in_clickhouse
    client.command(create_sql)
  File "/home/airflow/.local/lib/python3.8/site-packages/clickhouse_connect/driver/httpclient.py", line 329, in command
    response = self._raw_request(payload, params, headers, method, fields=fields)
  File "/home/airflow/.local/lib/python3.8/site-packages/clickhouse_connect/driver/httpclient.py", line 425, in _raw_request
    self._error_handler(response)
  File "/home/airflow/.local/lib/python3.8/site-packages/clickhouse_connect/driver/httpclient.py", line 350, in _error_handler
    raise OperationalError(err_str) if retried else DatabaseError(err_str) from None
clickhouse_connect.driver.exceptions.DatabaseError: :HTTPDriver for http://clickhouse-server:8123 returned response code 404)
 Code: 115. DB::Exception: Unknown setting 'catalog_type'. (UNKNOWN_SETTING) (version 25.10.2.65 (official build))

[2025-11-26T16:52:17.998+0000] {taskinstance.py:1138} INFO - Marking task as FAILED. dag_id=duckdb_to_iceberg_registerCH, task_id=register_iceberg_in_clickhouse, execution_date=20251126T165155, start_date=20251126T165217, end_date=20251126T165217
[2025-11-26T16:52:18.029+0000] {standard_task_runner.py:107} ERROR - Failed to execute job 509 for task register_iceberg_in_clickhouse (:HTTPDriver for http://clickhouse-server:8123 returned response code 404)
 Code: 115. DB::Exception: Unknown setting 'catalog_type'. (UNKNOWN_SETTING) (version 25.10.2.65 (official build))
; 1900)
[2025-11-26T16:52:18.060+0000] {local_task_job_runner.py:234} INFO - Task exited with return code 1
[2025-11-26T16:52:18.105+0000] {taskinstance.py:3280} INFO - 0 downstream tasks scheduled from follow-on schedule check
