[2025-11-20T10:03:37.514+0000] {taskinstance.py:1956} INFO - Dependencies all met for dep_context=non-requeueable deps ti=<TaskInstance: fetch_data.run_dbt manual__2025-11-20T09:58:14.609749+00:00 [queued]>
[2025-11-20T10:03:37.521+0000] {taskinstance.py:1956} INFO - Dependencies all met for dep_context=requeueable deps ti=<TaskInstance: fetch_data.run_dbt manual__2025-11-20T09:58:14.609749+00:00 [queued]>
[2025-11-20T10:03:37.521+0000] {taskinstance.py:2170} INFO - Starting attempt 1 of 2
[2025-11-20T10:03:37.532+0000] {taskinstance.py:2191} INFO - Executing <Task(BashOperator): run_dbt> on 2025-11-20 09:58:14.609749+00:00
[2025-11-20T10:03:37.536+0000] {standard_task_runner.py:60} INFO - Started process 4085 to run task
[2025-11-20T10:03:37.538+0000] {standard_task_runner.py:87} INFO - Running: ['***', 'tasks', 'run', 'fetch_data', 'run_dbt', 'manual__2025-11-20T09:58:14.609749+00:00', '--job-id', '20', '--raw', '--subdir', 'DAGS_FOLDER/dag_one.py', '--cfg-path', '/tmp/tmpigw0jr0j']
[2025-11-20T10:03:37.540+0000] {standard_task_runner.py:88} INFO - Job 20: Subtask run_dbt
[2025-11-20T10:03:37.585+0000] {task_command.py:423} INFO - Running <TaskInstance: fetch_data.run_dbt manual__2025-11-20T09:58:14.609749+00:00 [running]> on host f8832a2bf6ed
[2025-11-20T10:03:37.780+0000] {taskinstance.py:2480} INFO - Exporting env vars: AIRFLOW_CTX_DAG_OWNER='***' AIRFLOW_CTX_DAG_ID='fetch_data' AIRFLOW_CTX_TASK_ID='run_dbt' AIRFLOW_CTX_EXECUTION_DATE='2025-11-20T09:58:14.609749+00:00' AIRFLOW_CTX_TRY_NUMBER='1' AIRFLOW_CTX_DAG_RUN_ID='manual__2025-11-20T09:58:14.609749+00:00'
[2025-11-20T10:03:37.781+0000] {subprocess.py:63} INFO - Tmp dir root location: /tmp
[2025-11-20T10:03:37.782+0000] {subprocess.py:75} INFO - Running command: ['/usr/bin/bash', '-c', 'docker exec dbt dbt seed']
[2025-11-20T10:03:37.793+0000] {subprocess.py:86} INFO - Output:
[2025-11-20T10:03:38.900+0000] {subprocess.py:93} INFO - [0m10:03:38  Running with dbt=1.10.15
[2025-11-20T10:03:39.149+0000] {subprocess.py:93} INFO - [0m10:03:39  Registered adapter: clickhouse=1.9.6
[2025-11-20T10:03:39.275+0000] {subprocess.py:93} INFO - [0m10:03:39  [[33mWARNING[0m]: Configuration paths exist in your dbt_project.yml file which do not apply to any resources.
[2025-11-20T10:03:39.276+0000] {subprocess.py:93} INFO - There are 1 unused configuration paths:
[2025-11-20T10:03:39.276+0000] {subprocess.py:93} INFO - - models
[2025-11-20T10:03:39.366+0000] {subprocess.py:93} INFO - [0m10:03:39  Found 3 seeds, 3 sources, 485 macros
[2025-11-20T10:03:39.369+0000] {subprocess.py:93} INFO - [0m10:03:39
[2025-11-20T10:03:39.370+0000] {subprocess.py:93} INFO - [0m10:03:39  Concurrency: 1 threads (target='dev')
[2025-11-20T10:03:39.370+0000] {subprocess.py:93} INFO - [0m10:03:39
[2025-11-20T10:03:39.856+0000] {subprocess.py:93} INFO - [0m10:03:39  1 of 3 START seed file `default`.`bronze_infrared` ............................. [RUN]
[2025-11-20T10:03:43.515+0000] {subprocess.py:93} INFO - [0m10:03:43  1 of 3 OK loaded seed file default.bronze_infrared ............................. [[32mINSERT 410395[0m in 3.66s]
[2025-11-20T10:03:43.516+0000] {subprocess.py:93} INFO - [0m10:03:43  2 of 3 START seed file `default`.`bronze_mobility` ............................. [RUN]
[2025-11-20T10:03:48.463+0000] {subprocess.py:93} INFO - [0m10:03:48  2 of 3 OK loaded seed file default.bronze_mobility ............................. [[32mINSERT 489414[0m in 4.95s]
[2025-11-20T10:03:48.464+0000] {subprocess.py:93} INFO - [0m10:03:48  3 of 3 START seed file `default`.`bronze_weather` .............................. [RUN]
[2025-11-20T10:03:48.510+0000] {subprocess.py:93} INFO - [0m10:03:48  3 of 3 OK loaded seed file default.bronze_weather .............................. [[32mINSERT 2785[0m in 0.05s]
[2025-11-20T10:03:48.521+0000] {subprocess.py:93} INFO - [0m10:03:48
[2025-11-20T10:03:48.522+0000] {subprocess.py:93} INFO - [0m10:03:48  Finished running 3 seeds in 0 hours 0 minutes and 9.15 seconds (9.15s).
[2025-11-20T10:03:48.550+0000] {subprocess.py:93} INFO - [0m10:03:48
[2025-11-20T10:03:48.550+0000] {subprocess.py:93} INFO - [0m10:03:48  [32mCompleted successfully[0m
[2025-11-20T10:03:48.551+0000] {subprocess.py:93} INFO - [0m10:03:48
[2025-11-20T10:03:48.552+0000] {subprocess.py:93} INFO - [0m10:03:48  Done. PASS=3 WARN=0 ERROR=0 SKIP=0 NO-OP=0 TOTAL=3
[2025-11-20T10:03:49.711+0000] {subprocess.py:97} INFO - Command exited with return code 0
[2025-11-20T10:03:49.742+0000] {taskinstance.py:1138} INFO - Marking task as SUCCESS. dag_id=fetch_data, task_id=run_dbt, execution_date=20251120T095814, start_date=20251120T100337, end_date=20251120T100349
[2025-11-20T10:03:49.786+0000] {local_task_job_runner.py:234} INFO - Task exited with return code 0
[2025-11-20T10:03:49.808+0000] {taskinstance.py:3280} INFO - 1 downstream tasks scheduled from follow-on schedule check
