[2025-11-20T11:51:06.413+0000] {taskinstance.py:1956} INFO - Dependencies all met for dep_context=non-requeueable deps ti=<TaskInstance: minio_to_duckdb_pipeline.upload_csv_to_minio manual__2025-11-20T11:51:05.446948+00:00 [queued]>
[2025-11-20T11:51:06.424+0000] {taskinstance.py:1956} INFO - Dependencies all met for dep_context=requeueable deps ti=<TaskInstance: minio_to_duckdb_pipeline.upload_csv_to_minio manual__2025-11-20T11:51:05.446948+00:00 [queued]>
[2025-11-20T11:51:06.425+0000] {taskinstance.py:2170} INFO - Starting attempt 1 of 1
[2025-11-20T11:51:06.448+0000] {taskinstance.py:2191} INFO - Executing <Task(PythonOperator): upload_csv_to_minio> on 2025-11-20 11:51:05.446948+00:00
[2025-11-20T11:51:06.456+0000] {standard_task_runner.py:60} INFO - Started process 3997 to run task
[2025-11-20T11:51:06.462+0000] {standard_task_runner.py:87} INFO - Running: ['***', 'tasks', 'run', 'minio_to_duckdb_pipeline', 'upload_csv_to_minio', 'manual__2025-11-20T11:51:05.446948+00:00', '--job-id', '39', '--raw', '--subdir', 'DAGS_FOLDER/dag_two.py', '--cfg-path', '/tmp/tmpxnf9hh_w']
[2025-11-20T11:51:06.466+0000] {standard_task_runner.py:88} INFO - Job 39: Subtask upload_csv_to_minio
[2025-11-20T11:51:06.552+0000] {task_command.py:423} INFO - Running <TaskInstance: minio_to_duckdb_pipeline.upload_csv_to_minio manual__2025-11-20T11:51:05.446948+00:00 [running]> on host 801760f054ff
[2025-11-20T11:51:06.661+0000] {taskinstance.py:2480} INFO - Exporting env vars: AIRFLOW_CTX_DAG_OWNER='***' AIRFLOW_CTX_DAG_ID='minio_to_duckdb_pipeline' AIRFLOW_CTX_TASK_ID='upload_csv_to_minio' AIRFLOW_CTX_EXECUTION_DATE='2025-11-20T11:51:05.446948+00:00' AIRFLOW_CTX_TRY_NUMBER='1' AIRFLOW_CTX_DAG_RUN_ID='manual__2025-11-20T11:51:05.446948+00:00'
[2025-11-20T11:51:06.672+0000] {logging_mixin.py:188} INFO - THIS IS LOCAL PATH:./dbt/seeds/bronze_mobility.csv
[2025-11-20T11:51:06.672+0000] {logging_mixin.py:188} INFO - THIS IS REMOTE PATH:bronze_mobility.csv
[2025-11-20T11:51:06.827+0000] {logging_mixin.py:188} INFO - Uploaded ./dbt/seeds/bronze_mobility.csv → s3://project-bucket/bronze_mobility.csv
[2025-11-20T11:51:06.828+0000] {logging_mixin.py:188} INFO - THIS IS LOCAL PATH:./dbt/seeds/bronze_weather.csv
[2025-11-20T11:51:06.828+0000] {logging_mixin.py:188} INFO - THIS IS REMOTE PATH:bronze_weather.csv
[2025-11-20T11:51:06.852+0000] {logging_mixin.py:188} INFO - Uploaded ./dbt/seeds/bronze_weather.csv → s3://project-bucket/bronze_weather.csv
[2025-11-20T11:51:06.852+0000] {logging_mixin.py:188} INFO - THIS IS LOCAL PATH:./dbt/seeds/bronze_infrared.csv
[2025-11-20T11:51:06.853+0000] {logging_mixin.py:188} INFO - THIS IS REMOTE PATH:bronze_infrared.csv
[2025-11-20T11:51:06.986+0000] {logging_mixin.py:188} INFO - Uploaded ./dbt/seeds/bronze_infrared.csv → s3://project-bucket/bronze_infrared.csv
[2025-11-20T11:51:06.987+0000] {python.py:201} INFO - Done. Returned value was: None
[2025-11-20T11:51:07.000+0000] {taskinstance.py:1138} INFO - Marking task as SUCCESS. dag_id=minio_to_duckdb_pipeline, task_id=upload_csv_to_minio, execution_date=20251120T115105, start_date=20251120T115106, end_date=20251120T115107
[2025-11-20T11:51:07.050+0000] {local_task_job_runner.py:234} INFO - Task exited with return code 0
[2025-11-20T11:51:07.080+0000] {taskinstance.py:3280} INFO - 1 downstream tasks scheduled from follow-on schedule check
