[2025-11-29T14:22:02.367+0000] {taskinstance.py:1956} INFO - Dependencies all met for dep_context=non-requeueable deps ti=<TaskInstance: fetch_data.run_dbt manual__2025-11-29T14:20:46.640711+00:00 [queued]>
[2025-11-29T14:22:02.376+0000] {taskinstance.py:1956} INFO - Dependencies all met for dep_context=requeueable deps ti=<TaskInstance: fetch_data.run_dbt manual__2025-11-29T14:20:46.640711+00:00 [queued]>
[2025-11-29T14:22:02.377+0000] {taskinstance.py:2170} INFO - Starting attempt 1 of 2
[2025-11-29T14:22:02.390+0000] {taskinstance.py:2191} INFO - Executing <Task(BashOperator): run_dbt> on 2025-11-29 14:20:46.640711+00:00
[2025-11-29T14:22:02.395+0000] {standard_task_runner.py:60} INFO - Started process 29155 to run task
[2025-11-29T14:22:02.400+0000] {standard_task_runner.py:87} INFO - Running: ['***', 'tasks', 'run', 'fetch_data', 'run_dbt', 'manual__2025-11-29T14:20:46.640711+00:00', '--job-id', '573', '--raw', '--subdir', 'DAGS_FOLDER/01_data_fetch_mkCHtbls.py', '--cfg-path', '/tmp/tmpxu6d03hv']
[2025-11-29T14:22:02.404+0000] {standard_task_runner.py:88} INFO - Job 573: Subtask run_dbt
[2025-11-29T14:22:02.470+0000] {task_command.py:423} INFO - Running <TaskInstance: fetch_data.run_dbt manual__2025-11-29T14:20:46.640711+00:00 [running]> on host 9aa8f904c520
[2025-11-29T14:22:02.754+0000] {taskinstance.py:2480} INFO - Exporting env vars: AIRFLOW_CTX_DAG_OWNER='***' AIRFLOW_CTX_DAG_ID='fetch_data' AIRFLOW_CTX_TASK_ID='run_dbt' AIRFLOW_CTX_EXECUTION_DATE='2025-11-29T14:20:46.640711+00:00' AIRFLOW_CTX_TRY_NUMBER='1' AIRFLOW_CTX_DAG_RUN_ID='manual__2025-11-29T14:20:46.640711+00:00'
[2025-11-29T14:22:02.762+0000] {subprocess.py:63} INFO - Tmp dir root location: /tmp
[2025-11-29T14:22:02.763+0000] {subprocess.py:75} INFO - Running command: ['/usr/bin/bash', '-c', 'docker exec dbt dbt run']
[2025-11-29T14:22:02.790+0000] {subprocess.py:86} INFO - Output:
[2025-11-29T14:22:05.417+0000] {subprocess.py:93} INFO - [0m14:22:05  Running with dbt=1.10.15
[2025-11-29T14:22:05.752+0000] {subprocess.py:93} INFO - [0m14:22:05  Registered adapter: clickhouse=1.9.6
[2025-11-29T14:22:06.089+0000] {subprocess.py:93} INFO - [0m14:22:06  [[33mWARNING[0m]: Configuration paths exist in your dbt_project.yml file which do not apply to any resources.
[2025-11-29T14:22:06.093+0000] {subprocess.py:93} INFO - There are 1 unused configuration paths:
[2025-11-29T14:22:06.093+0000] {subprocess.py:93} INFO - - models.peopletraffic.silver
[2025-11-29T14:22:06.357+0000] {subprocess.py:93} INFO - [0m14:22:06  Found 7 models, 15 data tests, 2 sources, 485 macros
[2025-11-29T14:22:06.360+0000] {subprocess.py:93} INFO - [0m14:22:06
[2025-11-29T14:22:06.361+0000] {subprocess.py:93} INFO - [0m14:22:06  Concurrency: 1 threads (target='dev')
[2025-11-29T14:22:06.361+0000] {subprocess.py:93} INFO - [0m14:22:06
[2025-11-29T14:22:47.900+0000] {subprocess.py:93} INFO - [0m14:22:47  1 of 7 START sql incremental model `default_gold`.`dim_time` ................... [RUN]
[2025-11-29T14:22:48.446+0000] {subprocess.py:93} INFO - [0m14:22:48  1 of 7 OK created sql incremental model `default_gold`.`dim_time` .............. [[32mOK[0m in 0.38s]
[2025-11-29T14:22:48.459+0000] {subprocess.py:93} INFO - [0m14:22:48  2 of 7 START sql view model `default_bronze`.`stg_dim_building` ................ [RUN]
[2025-11-29T14:22:48.467+0000] {subprocess.py:93} INFO - [0m14:22:48  2 of 7 OK created sql view model `default_bronze`.`stg_dim_building` ........... [[32mOK[0m in 0.18s]
[2025-11-29T14:22:48.474+0000] {subprocess.py:93} INFO - [0m14:22:48  3 of 7 START sql view model `default_bronze`.`stg_dim_weather` ................. [RUN]
[2025-11-29T14:22:48.556+0000] {subprocess.py:93} INFO - [0m14:22:48  3 of 7 OK created sql view model `default_bronze`.`stg_dim_weather` ............ [[32mOK[0m in 0.08s]
[2025-11-29T14:22:48.566+0000] {subprocess.py:93} INFO - [0m14:22:48  4 of 7 START sql incremental model `default_gold`.`dim_building` ............... [RUN]
[2025-11-29T14:22:48.810+0000] {subprocess.py:93} INFO - [0m14:22:48  4 of 7 OK created sql incremental model `default_gold`.`dim_building` .......... [[32mOK[0m in 0.24s]
[2025-11-29T14:22:48.822+0000] {subprocess.py:93} INFO - [0m14:22:48  5 of 7 START sql incremental model `default_gold`.`dim_date` ................... [RUN]
[2025-11-29T14:22:48.947+0000] {subprocess.py:93} INFO - [0m14:22:48  5 of 7 OK created sql incremental model `default_gold`.`dim_date` .............. [[32mOK[0m in 0.12s]
[2025-11-29T14:22:48.950+0000] {subprocess.py:93} INFO - [0m14:22:48  6 of 7 START sql incremental model `default_gold`.`dim_weather` ................ [RUN]
[2025-11-29T14:22:49.034+0000] {subprocess.py:93} INFO - [0m14:22:49  6 of 7 OK created sql incremental model `default_gold`.`dim_weather` ........... [[32mOK[0m in 0.08s]
[2025-11-29T14:22:49.042+0000] {subprocess.py:93} INFO - [0m14:22:49  7 of 7 START sql incremental model `default_gold`.`fact_people_traffic` ........ [RUN]
[2025-11-29T14:22:49.169+0000] {subprocess.py:93} INFO - [0m14:22:49  7 of 7 OK created sql incremental model `default_gold`.`fact_people_traffic` ... [[32mOK[0m in 0.12s]
[2025-11-29T14:22:49.179+0000] {subprocess.py:93} INFO - [0m14:22:49
[2025-11-29T14:22:49.180+0000] {subprocess.py:93} INFO - [0m14:22:49  Finished running 5 incremental models, 2 view models in 0 hours 0 minutes and 42.82 seconds (42.82s).
[2025-11-29T14:22:49.258+0000] {subprocess.py:93} INFO - [0m14:22:49
[2025-11-29T14:22:49.259+0000] {subprocess.py:93} INFO - [0m14:22:49  [32mCompleted successfully[0m
[2025-11-29T14:22:49.260+0000] {subprocess.py:93} INFO - [0m14:22:49
[2025-11-29T14:22:49.261+0000] {subprocess.py:93} INFO - [0m14:22:49  Done. PASS=7 WARN=0 ERROR=0 SKIP=0 NO-OP=0 TOTAL=7
[2025-11-29T14:22:50.844+0000] {subprocess.py:97} INFO - Command exited with return code 0
[2025-11-29T14:22:50.892+0000] {taskinstance.py:1138} INFO - Marking task as SUCCESS. dag_id=fetch_data, task_id=run_dbt, execution_date=20251129T142046, start_date=20251129T142202, end_date=20251129T142250
[2025-11-29T14:22:50.917+0000] {local_task_job_runner.py:234} INFO - Task exited with return code 0
[2025-11-29T14:22:50.940+0000] {taskinstance.py:3280} INFO - 0 downstream tasks scheduled from follow-on schedule check
