[2025-11-24T07:40:44.099+0000] {taskinstance.py:1956} INFO - Dependencies all met for dep_context=non-requeueable deps ti=<TaskInstance: fetch_data.run_dbt manual__2025-11-24T07:40:32.490346+00:00 [queued]>
[2025-11-24T07:40:44.113+0000] {taskinstance.py:1956} INFO - Dependencies all met for dep_context=requeueable deps ti=<TaskInstance: fetch_data.run_dbt manual__2025-11-24T07:40:32.490346+00:00 [queued]>
[2025-11-24T07:40:44.113+0000] {taskinstance.py:2170} INFO - Starting attempt 1 of 2
[2025-11-24T07:40:44.131+0000] {taskinstance.py:2191} INFO - Executing <Task(BashOperator): run_dbt> on 2025-11-24 07:40:32.490346+00:00
[2025-11-24T07:40:44.137+0000] {standard_task_runner.py:60} INFO - Started process 2976 to run task
[2025-11-24T07:40:44.143+0000] {standard_task_runner.py:87} INFO - Running: ['***', 'tasks', 'run', 'fetch_data', 'run_dbt', 'manual__2025-11-24T07:40:32.490346+00:00', '--job-id', '294', '--raw', '--subdir', 'DAGS_FOLDER/dag_one.py', '--cfg-path', '/tmp/tmp1cggkjfw']
[2025-11-24T07:40:44.146+0000] {standard_task_runner.py:88} INFO - Job 294: Subtask run_dbt
[2025-11-24T07:40:44.203+0000] {task_command.py:423} INFO - Running <TaskInstance: fetch_data.run_dbt manual__2025-11-24T07:40:32.490346+00:00 [running]> on host b8d844055de8
[2025-11-24T07:40:44.526+0000] {taskinstance.py:2480} INFO - Exporting env vars: AIRFLOW_CTX_DAG_OWNER='***' AIRFLOW_CTX_DAG_ID='fetch_data' AIRFLOW_CTX_TASK_ID='run_dbt' AIRFLOW_CTX_EXECUTION_DATE='2025-11-24T07:40:32.490346+00:00' AIRFLOW_CTX_TRY_NUMBER='1' AIRFLOW_CTX_DAG_RUN_ID='manual__2025-11-24T07:40:32.490346+00:00'
[2025-11-24T07:40:44.531+0000] {subprocess.py:63} INFO - Tmp dir root location: /tmp
[2025-11-24T07:40:44.534+0000] {subprocess.py:75} INFO - Running command: ['/usr/bin/bash', '-c', 'docker exec dbt dbt seed']
[2025-11-24T07:40:44.558+0000] {subprocess.py:86} INFO - Output:
[2025-11-24T07:40:46.048+0000] {subprocess.py:93} INFO - [0m07:40:46  Running with dbt=1.10.15
[2025-11-24T07:40:46.235+0000] {subprocess.py:93} INFO - [0m07:40:46  Registered adapter: clickhouse=1.9.6
[2025-11-24T07:40:46.358+0000] {subprocess.py:93} INFO - [0m07:40:46  Unable to do partial parsing because profile has changed
[2025-11-24T07:40:47.328+0000] {subprocess.py:93} INFO - [0m07:40:47  Encountered an error:
[2025-11-24T07:40:47.328+0000] {subprocess.py:93} INFO - Compilation Error
[2025-11-24T07:40:47.329+0000] {subprocess.py:93} INFO -   Model 'model.ulemiste_city_insights_dbt.dim_time' (models/marts/dim_time.sql) depends on a node named 'stg_dim_time' which was not found
[2025-11-24T07:40:48.179+0000] {subprocess.py:97} INFO - Command exited with return code 2
[2025-11-24T07:40:48.200+0000] {taskinstance.py:2698} ERROR - Task failed with exception
Traceback (most recent call last):
  File "/home/airflow/.local/lib/python3.8/site-packages/airflow/models/taskinstance.py", line 433, in _execute_task
    result = execute_callable(context=context, **execute_callable_kwargs)
  File "/home/airflow/.local/lib/python3.8/site-packages/airflow/operators/bash.py", line 212, in execute
    raise AirflowException(
airflow.exceptions.AirflowException: Bash command failed. The command returned a non-zero exit code 2.
[2025-11-24T07:40:48.205+0000] {taskinstance.py:1138} INFO - Marking task as UP_FOR_RETRY. dag_id=fetch_data, task_id=run_dbt, execution_date=20251124T074032, start_date=20251124T074044, end_date=20251124T074048
[2025-11-24T07:40:48.239+0000] {standard_task_runner.py:107} ERROR - Failed to execute job 294 for task run_dbt (Bash command failed. The command returned a non-zero exit code 2.; 2976)
[2025-11-24T07:40:48.257+0000] {local_task_job_runner.py:234} INFO - Task exited with return code 1
[2025-11-24T07:40:48.293+0000] {taskinstance.py:3280} INFO - 0 downstream tasks scheduled from follow-on schedule check
