[2025-11-21T12:33:04.976+0000] {taskinstance.py:1956} INFO - Dependencies all met for dep_context=non-requeueable deps ti=<TaskInstance: duckdb_to_iceberg_dynamic.create_and_append_iceberg manual__2025-11-21T12:33:00.642018+00:00 [queued]>
[2025-11-21T12:33:04.984+0000] {taskinstance.py:1956} INFO - Dependencies all met for dep_context=requeueable deps ti=<TaskInstance: duckdb_to_iceberg_dynamic.create_and_append_iceberg manual__2025-11-21T12:33:00.642018+00:00 [queued]>
[2025-11-21T12:33:04.984+0000] {taskinstance.py:2170} INFO - Starting attempt 1 of 1
[2025-11-21T12:33:04.997+0000] {taskinstance.py:2191} INFO - Executing <Task(PythonOperator): create_and_append_iceberg> on 2025-11-21 12:33:00.642018+00:00
[2025-11-21T12:33:05.001+0000] {standard_task_runner.py:60} INFO - Started process 22580 to run task
[2025-11-21T12:33:05.004+0000] {standard_task_runner.py:87} INFO - Running: ['***', 'tasks', 'run', 'duckdb_to_iceberg_dynamic', 'create_and_append_iceberg', 'manual__2025-11-21T12:33:00.642018+00:00', '--job-id', '110', '--raw', '--subdir', 'DAGS_FOLDER/dag_three.py', '--cfg-path', '/tmp/tmp6w3pm2wo']
[2025-11-21T12:33:05.006+0000] {standard_task_runner.py:88} INFO - Job 110: Subtask create_and_append_iceberg
[2025-11-21T12:33:05.059+0000] {task_command.py:423} INFO - Running <TaskInstance: duckdb_to_iceberg_dynamic.create_and_append_iceberg manual__2025-11-21T12:33:00.642018+00:00 [running]> on host 5fa4049fde26
[2025-11-21T12:33:05.145+0000] {taskinstance.py:2480} INFO - Exporting env vars: AIRFLOW_CTX_DAG_OWNER='***' AIRFLOW_CTX_DAG_ID='duckdb_to_iceberg_dynamic' AIRFLOW_CTX_TASK_ID='create_and_append_iceberg' AIRFLOW_CTX_EXECUTION_DATE='2025-11-21T12:33:00.642018+00:00' AIRFLOW_CTX_TRY_NUMBER='1' AIRFLOW_CTX_DAG_RUN_ID='manual__2025-11-21T12:33:00.642018+00:00'
[2025-11-21T12:33:05.204+0000] {logging_mixin.py:188} INFO - Detected DuckDB tables: ['bronze_infrared', 'bronze_mobility', 'bronze_weather']
[2025-11-21T12:33:05.231+0000] {logging_mixin.py:188} INFO - Fetched table bronze_infrared from DuckDB
[2025-11-21T12:33:05.249+0000] {taskinstance.py:2698} ERROR - Task failed with exception
Traceback (most recent call last):
  File "/home/airflow/.local/lib/python3.8/site-packages/pyiceberg/catalog/rest.py", line 543, in _create_table
    response.raise_for_status()
  File "/home/airflow/.local/lib/python3.8/site-packages/requests/models.py", line 1021, in raise_for_status
    raise HTTPError(http_error_msg, response=self)
requests.exceptions.HTTPError: 409 Client Error: Conflict for url: http://iceberg_rest:8181/v1/namespaces/default/tables

The above exception was the direct cause of the following exception:

Traceback (most recent call last):
  File "/home/airflow/.local/lib/python3.8/site-packages/airflow/models/taskinstance.py", line 433, in _execute_task
    result = execute_callable(context=context, **execute_callable_kwargs)
  File "/home/airflow/.local/lib/python3.8/site-packages/airflow/operators/python.py", line 199, in execute
    return_value = self.execute_callable()
  File "/home/airflow/.local/lib/python3.8/site-packages/airflow/operators/python.py", line 216, in execute_callable
    return self.python_callable(*self.op_args, **self.op_kwargs)
  File "/opt/airflow/dags/dag_three.py", line 100, in create_and_append_iceberg
    table = catalog.create_table(identifier, iceberg_schema)
  File "/home/airflow/.local/lib/python3.8/site-packages/tenacity/__init__.py", line 289, in wrapped_f
    return self(f, *args, **kw)
  File "/home/airflow/.local/lib/python3.8/site-packages/tenacity/__init__.py", line 379, in __call__
    do = self.iter(retry_state=retry_state)
  File "/home/airflow/.local/lib/python3.8/site-packages/tenacity/__init__.py", line 314, in iter
    return fut.result()
  File "/usr/local/lib/python3.8/concurrent/futures/_base.py", line 437, in result
    return self.__get_result()
  File "/usr/local/lib/python3.8/concurrent/futures/_base.py", line 389, in __get_result
    raise self._exception
  File "/home/airflow/.local/lib/python3.8/site-packages/tenacity/__init__.py", line 382, in __call__
    result = fn(*args, **kwargs)
  File "/home/airflow/.local/lib/python3.8/site-packages/pyiceberg/catalog/rest.py", line 559, in create_table
    table_response = self._create_table(
  File "/home/airflow/.local/lib/python3.8/site-packages/pyiceberg/catalog/rest.py", line 545, in _create_table
    self._handle_non_200_response(exc, {409: TableAlreadyExistsError})
  File "/home/airflow/.local/lib/python3.8/site-packages/pyiceberg/catalog/rest.py", line 418, in _handle_non_200_response
    raise exception(response) from exc
pyiceberg.exceptions.TableAlreadyExistsError: AlreadyExistsException: Table already exists: default.bronze_infrared
[2025-11-21T12:33:05.263+0000] {taskinstance.py:1138} INFO - Marking task as FAILED. dag_id=duckdb_to_iceberg_dynamic, task_id=create_and_append_iceberg, execution_date=20251121T123300, start_date=20251121T123304, end_date=20251121T123305
[2025-11-21T12:33:05.275+0000] {standard_task_runner.py:107} ERROR - Failed to execute job 110 for task create_and_append_iceberg (AlreadyExistsException: Table already exists: default.bronze_infrared; 22580)
[2025-11-21T12:33:05.305+0000] {local_task_job_runner.py:234} INFO - Task exited with return code 1
[2025-11-21T12:33:05.320+0000] {taskinstance.py:3280} INFO - 0 downstream tasks scheduled from follow-on schedule check
