[2025-11-25T10:31:04.879+0000] {taskinstance.py:1956} INFO - Dependencies all met for dep_context=non-requeueable deps ti=<TaskInstance: fetch_data.fetch_weather_data manual__2025-11-25T10:25:58.655316+00:00 [queued]>
[2025-11-25T10:31:04.890+0000] {taskinstance.py:1956} INFO - Dependencies all met for dep_context=requeueable deps ti=<TaskInstance: fetch_data.fetch_weather_data manual__2025-11-25T10:25:58.655316+00:00 [queued]>
[2025-11-25T10:31:04.891+0000] {taskinstance.py:2170} INFO - Starting attempt 2 of 2
[2025-11-25T10:31:04.902+0000] {taskinstance.py:2191} INFO - Executing <Task(PythonOperator): fetch_weather_data> on 2025-11-25 10:25:58.655316+00:00
[2025-11-25T10:31:04.908+0000] {standard_task_runner.py:60} INFO - Started process 5451 to run task
[2025-11-25T10:31:04.910+0000] {standard_task_runner.py:87} INFO - Running: ['***', 'tasks', 'run', 'fetch_data', 'fetch_weather_data', 'manual__2025-11-25T10:25:58.655316+00:00', '--job-id', '389', '--raw', '--subdir', 'DAGS_FOLDER/dag_one.py', '--cfg-path', '/tmp/tmptizd792r']
[2025-11-25T10:31:04.913+0000] {standard_task_runner.py:88} INFO - Job 389: Subtask fetch_weather_data
[2025-11-25T10:31:05.001+0000] {task_command.py:423} INFO - Running <TaskInstance: fetch_data.fetch_weather_data manual__2025-11-25T10:25:58.655316+00:00 [running]> on host 72d28f111e30
[2025-11-25T10:31:05.287+0000] {taskinstance.py:2480} INFO - Exporting env vars: AIRFLOW_CTX_DAG_OWNER='***' AIRFLOW_CTX_DAG_ID='fetch_data' AIRFLOW_CTX_TASK_ID='fetch_weather_data' AIRFLOW_CTX_EXECUTION_DATE='2025-11-25T10:25:58.655316+00:00' AIRFLOW_CTX_TRY_NUMBER='2' AIRFLOW_CTX_DAG_RUN_ID='manual__2025-11-25T10:25:58.655316+00:00'
[2025-11-25T10:31:05.393+0000] {taskinstance.py:2698} ERROR - Task failed with exception
Traceback (most recent call last):
  File "/home/airflow/.local/lib/python3.8/site-packages/airflow/models/taskinstance.py", line 433, in _execute_task
    result = execute_callable(context=context, **execute_callable_kwargs)
  File "/home/airflow/.local/lib/python3.8/site-packages/airflow/operators/python.py", line 199, in execute
    return_value = self.execute_callable()
  File "/home/airflow/.local/lib/python3.8/site-packages/airflow/operators/python.py", line 216, in execute_callable
    return self.python_callable(*self.op_args, **self.op_kwargs)
  File "/opt/airflow/dags/dag_one.py", line 32, in fetch_weather_data
    os.makedirs(OUTPUT_DIR, exist_ok=True)
  File "/usr/local/lib/python3.8/os.py", line 223, in makedirs
    mkdir(name, mode)
PermissionError: [Errno 13] Permission denied: '../sample_data/'
[2025-11-25T10:31:05.409+0000] {taskinstance.py:1138} INFO - Marking task as FAILED. dag_id=fetch_data, task_id=fetch_weather_data, execution_date=20251125T102558, start_date=20251125T103104, end_date=20251125T103105
[2025-11-25T10:31:05.435+0000] {standard_task_runner.py:107} ERROR - Failed to execute job 389 for task fetch_weather_data ([Errno 13] Permission denied: '../sample_data/'; 5451)
[2025-11-25T10:31:05.461+0000] {local_task_job_runner.py:234} INFO - Task exited with return code 1
[2025-11-25T10:31:05.502+0000] {taskinstance.py:3280} INFO - 0 downstream tasks scheduled from follow-on schedule check
