[2025-11-21T14:23:58.870+0000] {taskinstance.py:1956} INFO - Dependencies all met for dep_context=non-requeueable deps ti=<TaskInstance: duckdb_to_iceberg_bronze.push_iceberg_table_data_xcom manual__2025-11-21T14:23:50.322392+00:00 [queued]>
[2025-11-21T14:23:58.887+0000] {taskinstance.py:1956} INFO - Dependencies all met for dep_context=requeueable deps ti=<TaskInstance: duckdb_to_iceberg_bronze.push_iceberg_table_data_xcom manual__2025-11-21T14:23:50.322392+00:00 [queued]>
[2025-11-21T14:23:58.888+0000] {taskinstance.py:2170} INFO - Starting attempt 1 of 1
[2025-11-21T14:23:58.921+0000] {taskinstance.py:2191} INFO - Executing <Task(PythonOperator): push_iceberg_table_data_xcom> on 2025-11-21 14:23:50.322392+00:00
[2025-11-21T14:23:58.933+0000] {standard_task_runner.py:60} INFO - Started process 38959 to run task
[2025-11-21T14:23:58.938+0000] {standard_task_runner.py:87} INFO - Running: ['***', 'tasks', 'run', 'duckdb_to_iceberg_bronze', 'push_iceberg_table_data_xcom', 'manual__2025-11-21T14:23:50.322392+00:00', '--job-id', '195', '--raw', '--subdir', 'DAGS_FOLDER/dag_three.py', '--cfg-path', '/tmp/tmpm1qzr9s7']
[2025-11-21T14:23:58.942+0000] {standard_task_runner.py:88} INFO - Job 195: Subtask push_iceberg_table_data_xcom
[2025-11-21T14:23:59.055+0000] {task_command.py:423} INFO - Running <TaskInstance: duckdb_to_iceberg_bronze.push_iceberg_table_data_xcom manual__2025-11-21T14:23:50.322392+00:00 [running]> on host 5fa4049fde26
[2025-11-21T14:23:59.262+0000] {taskinstance.py:2480} INFO - Exporting env vars: AIRFLOW_CTX_DAG_OWNER='***' AIRFLOW_CTX_DAG_ID='duckdb_to_iceberg_bronze' AIRFLOW_CTX_TASK_ID='push_iceberg_table_data_xcom' AIRFLOW_CTX_EXECUTION_DATE='2025-11-21T14:23:50.322392+00:00' AIRFLOW_CTX_TRY_NUMBER='1' AIRFLOW_CTX_DAG_RUN_ID='manual__2025-11-21T14:23:50.322392+00:00'
[2025-11-21T14:24:02.763+0000] {taskinstance.py:2698} ERROR - Task failed with exception
Traceback (most recent call last):
  File "/home/airflow/.local/lib/python3.8/site-packages/airflow/models/taskinstance.py", line 433, in _execute_task
    result = execute_callable(context=context, **execute_callable_kwargs)
  File "/home/airflow/.local/lib/python3.8/site-packages/airflow/operators/python.py", line 199, in execute
    return_value = self.execute_callable()
  File "/home/airflow/.local/lib/python3.8/site-packages/airflow/operators/python.py", line 216, in execute_callable
    return self.python_callable(*self.op_args, **self.op_kwargs)
  File "/opt/airflow/dags/dag_three.py", line 132, in push_iceberg_table_data_to_xcom
    con.execute(f"CALL iceberg.catalog_register('rest', 'http://iceberg_rest:8181');")
duckdb.duckdb.CatalogException: Catalog Error: Table Function with name catalog_register does not exist!
Did you mean "main.pragma_user_agent"?
[2025-11-21T14:24:02.784+0000] {taskinstance.py:1138} INFO - Marking task as FAILED. dag_id=duckdb_to_iceberg_bronze, task_id=push_iceberg_table_data_xcom, execution_date=20251121T142350, start_date=20251121T142358, end_date=20251121T142402
[2025-11-21T14:24:02.807+0000] {standard_task_runner.py:107} ERROR - Failed to execute job 195 for task push_iceberg_table_data_xcom (Catalog Error: Table Function with name catalog_register does not exist!
Did you mean "main.pragma_user_agent"?; 38959)
[2025-11-21T14:24:02.846+0000] {local_task_job_runner.py:234} INFO - Task exited with return code 1
[2025-11-21T14:24:02.886+0000] {taskinstance.py:3280} INFO - 0 downstream tasks scheduled from follow-on schedule check
