[2025-11-27T10:11:05.252+0000] {taskinstance.py:1956} INFO - Dependencies all met for dep_context=non-requeueable deps ti=<TaskInstance: fetch_data.run_dbt manual__2025-11-27T10:10:08.705817+00:00 [queued]>
[2025-11-27T10:11:05.268+0000] {taskinstance.py:1956} INFO - Dependencies all met for dep_context=requeueable deps ti=<TaskInstance: fetch_data.run_dbt manual__2025-11-27T10:10:08.705817+00:00 [queued]>
[2025-11-27T10:11:05.269+0000] {taskinstance.py:2170} INFO - Starting attempt 1 of 2
[2025-11-27T10:11:05.291+0000] {taskinstance.py:2191} INFO - Executing <Task(BashOperator): run_dbt> on 2025-11-27 10:10:08.705817+00:00
[2025-11-27T10:11:05.299+0000] {standard_task_runner.py:60} INFO - Started process 13456 to run task
[2025-11-27T10:11:05.304+0000] {standard_task_runner.py:87} INFO - Running: ['***', 'tasks', 'run', 'fetch_data', 'run_dbt', 'manual__2025-11-27T10:10:08.705817+00:00', '--job-id', '531', '--raw', '--subdir', 'DAGS_FOLDER/01_data_fetch_mkCHtbls.py', '--cfg-path', '/tmp/tmp28lvc14m']
[2025-11-27T10:11:05.308+0000] {standard_task_runner.py:88} INFO - Job 531: Subtask run_dbt
[2025-11-27T10:11:05.418+0000] {task_command.py:423} INFO - Running <TaskInstance: fetch_data.run_dbt manual__2025-11-27T10:10:08.705817+00:00 [running]> on host 8e7e8c622b15
[2025-11-27T10:11:05.833+0000] {taskinstance.py:2480} INFO - Exporting env vars: AIRFLOW_CTX_DAG_OWNER='***' AIRFLOW_CTX_DAG_ID='fetch_data' AIRFLOW_CTX_TASK_ID='run_dbt' AIRFLOW_CTX_EXECUTION_DATE='2025-11-27T10:10:08.705817+00:00' AIRFLOW_CTX_TRY_NUMBER='1' AIRFLOW_CTX_DAG_RUN_ID='manual__2025-11-27T10:10:08.705817+00:00'
[2025-11-27T10:11:05.836+0000] {subprocess.py:63} INFO - Tmp dir root location: /tmp
[2025-11-27T10:11:05.838+0000] {subprocess.py:75} INFO - Running command: ['/usr/bin/bash', '-c', 'docker exec dbt dbt run']
[2025-11-27T10:11:05.856+0000] {subprocess.py:86} INFO - Output:
[2025-11-27T10:11:10.451+0000] {subprocess.py:93} INFO - [0m10:11:10  Running with dbt=1.10.15
[2025-11-27T10:11:10.877+0000] {subprocess.py:93} INFO - [0m10:11:10  Registered adapter: clickhouse=1.9.6
[2025-11-27T10:11:12.317+0000] {subprocess.py:93} INFO - [0m10:11:12  [[33mWARNING[0m]: Configuration paths exist in your dbt_project.yml file which do not apply to any resources.
[2025-11-27T10:11:12.318+0000] {subprocess.py:93} INFO - There are 3 unused configuration paths:
[2025-11-27T10:11:12.319+0000] {subprocess.py:93} INFO - - models.peopletraffic_uc.gold
[2025-11-27T10:11:12.320+0000] {subprocess.py:93} INFO - - models.peopletraffic_uc.bronze
[2025-11-27T10:11:12.321+0000] {subprocess.py:93} INFO - - models.peopletraffic_uc.silver
[2025-11-27T10:11:12.735+0000] {subprocess.py:93} INFO - [0m10:11:12  Found 7 models, 15 data tests, 2 sources, 485 macros
[2025-11-27T10:11:12.754+0000] {subprocess.py:93} INFO - [0m10:11:12
[2025-11-27T10:11:12.757+0000] {subprocess.py:93} INFO - [0m10:11:12  Concurrency: 1 threads (target='dev')
[2025-11-27T10:11:12.759+0000] {subprocess.py:93} INFO - [0m10:11:12
[2025-11-27T10:11:14.580+0000] {subprocess.py:93} INFO - [0m10:11:14  1 of 7 START sql incremental model `default`.`dim_time` ........................ [RUN]
[2025-11-27T10:11:14.991+0000] {subprocess.py:93} INFO - [0m10:11:14  1 of 7 OK created sql incremental model `default`.`dim_time` ................... [[32mOK[0m in 0.40s]
[2025-11-27T10:11:14.997+0000] {subprocess.py:93} INFO - [0m10:11:14  2 of 7 START sql view model `default`.`stg_dim_building` ....................... [RUN]
[2025-11-27T10:11:15.094+0000] {subprocess.py:93} INFO - [0m10:11:15  2 of 7 OK created sql view model `default`.`stg_dim_building` .................. [[32mOK[0m in 0.09s]
[2025-11-27T10:11:15.103+0000] {subprocess.py:93} INFO - [0m10:11:15  3 of 7 START sql view model `default`.`stg_dim_weather` ........................ [RUN]
[2025-11-27T10:11:15.148+0000] {subprocess.py:93} INFO - [0m10:11:15  3 of 7 OK created sql view model `default`.`stg_dim_weather` ................... [[32mOK[0m in 0.04s]
[2025-11-27T10:11:15.155+0000] {subprocess.py:93} INFO - [0m10:11:15  4 of 7 START sql incremental model `default`.`dim_building` .................... [RUN]
[2025-11-27T10:11:15.271+0000] {subprocess.py:93} INFO - [0m10:11:15  4 of 7 OK created sql incremental model `default`.`dim_building` ............... [[32mOK[0m in 0.11s]
[2025-11-27T10:11:15.287+0000] {subprocess.py:93} INFO - [0m10:11:15  5 of 7 START sql incremental model `default`.`dim_date` ........................ [RUN]
[2025-11-27T10:11:15.434+0000] {subprocess.py:93} INFO - [0m10:11:15  5 of 7 OK created sql incremental model `default`.`dim_date` ................... [[32mOK[0m in 0.14s]
[2025-11-27T10:11:15.440+0000] {subprocess.py:93} INFO - [0m10:11:15  6 of 7 START sql incremental model `default`.`dim_weather` ..................... [RUN]
[2025-11-27T10:11:15.552+0000] {subprocess.py:93} INFO - [0m10:11:15  6 of 7 OK created sql incremental model `default`.`dim_weather` ................ [[32mOK[0m in 0.11s]
[2025-11-27T10:11:15.562+0000] {subprocess.py:93} INFO - [0m10:11:15  7 of 7 START sql incremental model `default`.`fact_people_traffic` ............. [RUN]
[2025-11-27T10:11:15.636+0000] {subprocess.py:93} INFO - [0m10:11:15  7 of 7 ERROR creating sql incremental model `default`.`fact_people_traffic` .... [[31mERROR[0m in 0.07s]
[2025-11-27T10:11:15.647+0000] {subprocess.py:93} INFO - [0m10:11:15
[2025-11-27T10:11:15.648+0000] {subprocess.py:93} INFO - [0m10:11:15  Finished running 5 incremental models, 2 view models in 0 hours 0 minutes and 2.89 seconds (2.89s).
[2025-11-27T10:11:15.737+0000] {subprocess.py:93} INFO - [0m10:11:15
[2025-11-27T10:11:15.738+0000] {subprocess.py:93} INFO - [0m10:11:15  [31mCompleted with 1 error, 0 partial successes, and 0 warnings:[0m
[2025-11-27T10:11:15.739+0000] {subprocess.py:93} INFO - [0m10:11:15
[2025-11-27T10:11:15.740+0000] {subprocess.py:93} INFO - [0m10:11:15  [31mFailure in model fact_people_traffic (models/marts/fact_people_traffic.sql)[0m
[2025-11-27T10:11:15.741+0000] {subprocess.py:93} INFO - [0m10:11:15    Database Error in model fact_people_traffic (models/marts/fact_people_traffic.sql)
[2025-11-27T10:11:15.742+0000] {subprocess.py:93} INFO -   Received ClickHouse exception, code: 47, server response: Code: 47. DB::Exception: Unknown expression identifier `weather_key` in scope  f. (UNKNOWN_IDENTIFIER) (version 25.10.2.65 (official build)) (for url http://clickhouse-server:8123)
[2025-11-27T10:11:15.742+0000] {subprocess.py:93} INFO - [0m10:11:15
[2025-11-27T10:11:15.743+0000] {subprocess.py:93} INFO - [0m10:11:15    compiled code at target/compiled/peopletraffic/models/marts/fact_people_traffic.sql
[2025-11-27T10:11:15.744+0000] {subprocess.py:93} INFO - [0m10:11:15
[2025-11-27T10:11:15.746+0000] {subprocess.py:93} INFO - [0m10:11:15  Done. PASS=6 WARN=0 ERROR=1 SKIP=0 NO-OP=0 TOTAL=7
[2025-11-27T10:11:17.504+0000] {subprocess.py:97} INFO - Command exited with return code 1
[2025-11-27T10:11:17.530+0000] {taskinstance.py:2698} ERROR - Task failed with exception
Traceback (most recent call last):
  File "/home/airflow/.local/lib/python3.8/site-packages/airflow/models/taskinstance.py", line 433, in _execute_task
    result = execute_callable(context=context, **execute_callable_kwargs)
  File "/home/airflow/.local/lib/python3.8/site-packages/airflow/operators/bash.py", line 212, in execute
    raise AirflowException(
airflow.exceptions.AirflowException: Bash command failed. The command returned a non-zero exit code 1.
[2025-11-27T10:11:17.537+0000] {taskinstance.py:1138} INFO - Marking task as UP_FOR_RETRY. dag_id=fetch_data, task_id=run_dbt, execution_date=20251127T101008, start_date=20251127T101105, end_date=20251127T101117
[2025-11-27T10:11:17.564+0000] {standard_task_runner.py:107} ERROR - Failed to execute job 531 for task run_dbt (Bash command failed. The command returned a non-zero exit code 1.; 13456)
[2025-11-27T10:11:17.619+0000] {local_task_job_runner.py:234} INFO - Task exited with return code 1
[2025-11-27T10:11:17.663+0000] {taskinstance.py:3280} INFO - 0 downstream tasks scheduled from follow-on schedule check
