[2025-11-23T08:23:31.665+0000] {taskinstance.py:1956} INFO - Dependencies all met for dep_context=non-requeueable deps ti=<TaskInstance: fetch_data.run_dbt manual__2025-11-23T08:23:08.749197+00:00 [queued]>
[2025-11-23T08:23:31.685+0000] {taskinstance.py:1956} INFO - Dependencies all met for dep_context=requeueable deps ti=<TaskInstance: fetch_data.run_dbt manual__2025-11-23T08:23:08.749197+00:00 [queued]>
[2025-11-23T08:23:31.686+0000] {taskinstance.py:2170} INFO - Starting attempt 1 of 2
[2025-11-23T08:23:31.713+0000] {taskinstance.py:2191} INFO - Executing <Task(BashOperator): run_dbt> on 2025-11-23 08:23:08.749197+00:00
[2025-11-23T08:23:31.720+0000] {standard_task_runner.py:60} INFO - Started process 96455 to run task
[2025-11-23T08:23:31.727+0000] {standard_task_runner.py:87} INFO - Running: ['***', 'tasks', 'run', 'fetch_data', 'run_dbt', 'manual__2025-11-23T08:23:08.749197+00:00', '--job-id', '217', '--raw', '--subdir', 'DAGS_FOLDER/dag_one.py', '--cfg-path', '/tmp/tmp4aga5_yd']
[2025-11-23T08:23:31.732+0000] {standard_task_runner.py:88} INFO - Job 217: Subtask run_dbt
[2025-11-23T08:23:31.873+0000] {task_command.py:423} INFO - Running <TaskInstance: fetch_data.run_dbt manual__2025-11-23T08:23:08.749197+00:00 [running]> on host 5fa4049fde26
[2025-11-23T08:23:32.296+0000] {taskinstance.py:2480} INFO - Exporting env vars: AIRFLOW_CTX_DAG_OWNER='***' AIRFLOW_CTX_DAG_ID='fetch_data' AIRFLOW_CTX_TASK_ID='run_dbt' AIRFLOW_CTX_EXECUTION_DATE='2025-11-23T08:23:08.749197+00:00' AIRFLOW_CTX_TRY_NUMBER='1' AIRFLOW_CTX_DAG_RUN_ID='manual__2025-11-23T08:23:08.749197+00:00'
[2025-11-23T08:23:32.298+0000] {subprocess.py:63} INFO - Tmp dir root location: /tmp
[2025-11-23T08:23:32.300+0000] {subprocess.py:75} INFO - Running command: ['/usr/bin/bash', '-c', 'docker exec dbt dbt seed']
[2025-11-23T08:23:32.319+0000] {subprocess.py:86} INFO - Output:
[2025-11-23T08:23:34.314+0000] {subprocess.py:93} INFO - [0m08:23:34  Running with dbt=1.10.15
[2025-11-23T08:23:34.616+0000] {subprocess.py:93} INFO - [0m08:23:34  Registered adapter: clickhouse=1.9.6
[2025-11-23T08:23:35.067+0000] {subprocess.py:93} INFO - [0m08:23:35  Found 2 seeds, 4 models, 2 sources, 485 macros
[2025-11-23T08:23:35.071+0000] {subprocess.py:93} INFO - [0m08:23:35
[2025-11-23T08:23:35.071+0000] {subprocess.py:93} INFO - [0m08:23:35  Concurrency: 1 threads (target='dev')
[2025-11-23T08:23:35.072+0000] {subprocess.py:93} INFO - [0m08:23:35
[2025-11-23T08:23:35.671+0000] {subprocess.py:93} INFO - WARNING:urllib3.connectionpool:Retrying (Retry(total=0, connect=None, read=None, redirect=0, status=None)) after connection broken by 'NameResolutionError("<urllib3.connection.HTTPConnection object at 0x7ff3d6f19b50>: Failed to resolve 'clickhouse-server' ([Errno -2] Name or service not known)")': /?
[2025-11-23T08:23:35.680+0000] {subprocess.py:93} INFO - WARNING:clickhouse_connect.driver.httpclient:Unexpected Http Driver Exception
[2025-11-23T08:23:36.697+0000] {subprocess.py:93} INFO - WARNING:urllib3.connectionpool:Retrying (Retry(total=0, connect=None, read=None, redirect=0, status=None)) after connection broken by 'NameResolutionError("<urllib3.connection.HTTPConnection object at 0x7ff39e3ee2d0>: Failed to resolve 'clickhouse-server' ([Errno -2] Name or service not known)")': /?
[2025-11-23T08:23:36.707+0000] {subprocess.py:93} INFO - WARNING:clickhouse_connect.driver.httpclient:Unexpected Http Driver Exception
[2025-11-23T08:23:36.717+0000] {subprocess.py:93} INFO - [0m08:23:36
[2025-11-23T08:23:36.720+0000] {subprocess.py:93} INFO - [0m08:23:36  Finished running  in 0 hours 0 minutes and 1.64 seconds (1.64s).
[2025-11-23T08:23:36.721+0000] {subprocess.py:93} INFO - [0m08:23:36  Encountered an error:
[2025-11-23T08:23:36.723+0000] {subprocess.py:93} INFO - Database Error
[2025-11-23T08:23:36.723+0000] {subprocess.py:93} INFO -   Error HTTPConnectionPool(host='clickhouse-server', port=8123): Max retries exceeded with url: /? (Caused by NameResolutionError("<urllib3.connection.HTTPConnection object at 0x7ff39e3eec50>: Failed to resolve 'clickhouse-server' ([Errno -2] Name or service not known)")) executing HTTP request attempt 1 (http://clickhouse-server:8123)
[2025-11-23T08:23:38.302+0000] {subprocess.py:97} INFO - Command exited with return code 2
[2025-11-23T08:23:38.360+0000] {taskinstance.py:2698} ERROR - Task failed with exception
Traceback (most recent call last):
  File "/home/airflow/.local/lib/python3.8/site-packages/airflow/models/taskinstance.py", line 433, in _execute_task
    result = execute_callable(context=context, **execute_callable_kwargs)
  File "/home/airflow/.local/lib/python3.8/site-packages/airflow/operators/bash.py", line 212, in execute
    raise AirflowException(
airflow.exceptions.AirflowException: Bash command failed. The command returned a non-zero exit code 2.
[2025-11-23T08:23:38.369+0000] {taskinstance.py:1138} INFO - Marking task as UP_FOR_RETRY. dag_id=fetch_data, task_id=run_dbt, execution_date=20251123T082308, start_date=20251123T082331, end_date=20251123T082338
[2025-11-23T08:23:38.426+0000] {standard_task_runner.py:107} ERROR - Failed to execute job 217 for task run_dbt (Bash command failed. The command returned a non-zero exit code 2.; 96455)
[2025-11-23T08:23:38.474+0000] {local_task_job_runner.py:234} INFO - Task exited with return code 1
[2025-11-23T08:23:38.574+0000] {taskinstance.py:3280} INFO - 0 downstream tasks scheduled from follow-on schedule check
