[2025-11-25T11:14:33.708+0000] {taskinstance.py:1956} INFO - Dependencies all met for dep_context=non-requeueable deps ti=<TaskInstance: fetch_data.run_load_queries manual__2025-11-25T11:09:11.239270+00:00 [queued]>
[2025-11-25T11:14:33.717+0000] {taskinstance.py:1956} INFO - Dependencies all met for dep_context=requeueable deps ti=<TaskInstance: fetch_data.run_load_queries manual__2025-11-25T11:09:11.239270+00:00 [queued]>
[2025-11-25T11:14:33.718+0000] {taskinstance.py:2170} INFO - Starting attempt 2 of 2
[2025-11-25T11:14:33.728+0000] {taskinstance.py:2191} INFO - Executing <Task(BashOperator): run_load_queries> on 2025-11-25 11:09:11.239270+00:00
[2025-11-25T11:14:33.731+0000] {standard_task_runner.py:60} INFO - Started process 1429 to run task
[2025-11-25T11:14:33.734+0000] {standard_task_runner.py:87} INFO - Running: ['***', 'tasks', 'run', 'fetch_data', 'run_load_queries', 'manual__2025-11-25T11:09:11.239270+00:00', '--job-id', '433', '--raw', '--subdir', 'DAGS_FOLDER/dag_one.py', '--cfg-path', '/tmp/tmpqqpn05hs']
[2025-11-25T11:14:33.736+0000] {standard_task_runner.py:88} INFO - Job 433: Subtask run_load_queries
[2025-11-25T11:14:33.788+0000] {task_command.py:423} INFO - Running <TaskInstance: fetch_data.run_load_queries manual__2025-11-25T11:09:11.239270+00:00 [running]> on host 31dc809eef62
[2025-11-25T11:14:33.990+0000] {taskinstance.py:2480} INFO - Exporting env vars: AIRFLOW_CTX_DAG_OWNER='***' AIRFLOW_CTX_DAG_ID='fetch_data' AIRFLOW_CTX_TASK_ID='run_load_queries' AIRFLOW_CTX_EXECUTION_DATE='2025-11-25T11:09:11.239270+00:00' AIRFLOW_CTX_TRY_NUMBER='2' AIRFLOW_CTX_DAG_RUN_ID='manual__2025-11-25T11:09:11.239270+00:00'
[2025-11-25T11:14:33.991+0000] {subprocess.py:63} INFO - Tmp dir root location: /tmp
[2025-11-25T11:14:33.992+0000] {subprocess.py:75} INFO - Running command: ['/usr/bin/bash', '-c', 'docker exec clickhouse-server clickhouse-client --multiquery --queries-file=/sql/02_load_data_from_csv.sql']
[2025-11-25T11:14:34.001+0000] {subprocess.py:86} INFO - Output:
[2025-11-25T11:14:34.094+0000] {subprocess.py:93} INFO - Received exception from server (version 25.10.2):
[2025-11-25T11:14:34.095+0000] {subprocess.py:93} INFO - Code: 400. DB::Exception: Received from localhost:9000. DB::ErrnoException. DB::ErrnoException: Cannot stat file /var/lib/clickhouse/user_files/bronze_infrared.csv: , errno: 2, strerror: No such file or directory: The table structure cannot be extracted from a CSVWithNames format file. You can specify the structure manually: (in file/uri /var/lib/clickhouse/user_files/bronze_infrared.csv). (CANNOT_STAT)
[2025-11-25T11:14:34.095+0000] {subprocess.py:93} INFO - (query: -- ========== Dimensions ==========
[2025-11-25T11:14:34.097+0000] {subprocess.py:93} INFO - 
[2025-11-25T11:14:34.098+0000] {subprocess.py:93} INFO - INSERT INTO peopletraffic.raw_Building
[2025-11-25T11:14:34.099+0000] {subprocess.py:93} INFO - (
[2025-11-25T11:14:34.099+0000] {subprocess.py:93} INFO - timestamp,
[2025-11-25T11:14:34.100+0000] {subprocess.py:93} INFO - 	name,
[2025-11-25T11:14:34.101+0000] {subprocess.py:93} INFO -     out,
[2025-11-25T11:14:34.101+0000] {subprocess.py:93} INFO -     in
[2025-11-25T11:14:34.101+0000] {subprocess.py:93} INFO - )
[2025-11-25T11:14:34.101+0000] {subprocess.py:93} INFO - 
[2025-11-25T11:14:34.102+0000] {subprocess.py:93} INFO - SELECT
[2025-11-25T11:14:34.102+0000] {subprocess.py:93} INFO -     toDateTime(timestamp),
[2025-11-25T11:14:34.103+0000] {subprocess.py:93} INFO -     toString(name),
[2025-11-25T11:14:34.103+0000] {subprocess.py:93} INFO -     toUInt8(out),
[2025-11-25T11:14:34.103+0000] {subprocess.py:93} INFO -     toUInt8(in)
[2025-11-25T11:14:34.104+0000] {subprocess.py:93} INFO - FROM file('bronze_infrared.csv', 'CSVWithNames');)
[2025-11-25T11:14:34.109+0000] {subprocess.py:97} INFO - Command exited with return code 144
[2025-11-25T11:14:34.121+0000] {taskinstance.py:2698} ERROR - Task failed with exception
Traceback (most recent call last):
  File "/home/airflow/.local/lib/python3.8/site-packages/airflow/models/taskinstance.py", line 433, in _execute_task
    result = execute_callable(context=context, **execute_callable_kwargs)
  File "/home/airflow/.local/lib/python3.8/site-packages/airflow/operators/bash.py", line 212, in execute
    raise AirflowException(
airflow.exceptions.AirflowException: Bash command failed. The command returned a non-zero exit code 144.
[2025-11-25T11:14:34.123+0000] {taskinstance.py:1138} INFO - Marking task as FAILED. dag_id=fetch_data, task_id=run_load_queries, execution_date=20251125T110911, start_date=20251125T111433, end_date=20251125T111434
[2025-11-25T11:14:34.134+0000] {standard_task_runner.py:107} ERROR - Failed to execute job 433 for task run_load_queries (Bash command failed. The command returned a non-zero exit code 144.; 1429)
[2025-11-25T11:14:34.159+0000] {local_task_job_runner.py:234} INFO - Task exited with return code 1
[2025-11-25T11:14:34.189+0000] {taskinstance.py:3280} INFO - 0 downstream tasks scheduled from follow-on schedule check
