[2025-11-25T11:09:30.064+0000] {taskinstance.py:1956} INFO - Dependencies all met for dep_context=non-requeueable deps ti=<TaskInstance: fetch_data.run_load_queries manual__2025-11-25T11:09:11.239270+00:00 [queued]>
[2025-11-25T11:09:30.071+0000] {taskinstance.py:1956} INFO - Dependencies all met for dep_context=requeueable deps ti=<TaskInstance: fetch_data.run_load_queries manual__2025-11-25T11:09:11.239270+00:00 [queued]>
[2025-11-25T11:09:30.072+0000] {taskinstance.py:2170} INFO - Starting attempt 1 of 2
[2025-11-25T11:09:30.082+0000] {taskinstance.py:2191} INFO - Executing <Task(BashOperator): run_load_queries> on 2025-11-25 11:09:11.239270+00:00
[2025-11-25T11:09:30.086+0000] {standard_task_runner.py:60} INFO - Started process 460 to run task
[2025-11-25T11:09:30.091+0000] {standard_task_runner.py:87} INFO - Running: ['***', 'tasks', 'run', 'fetch_data', 'run_load_queries', 'manual__2025-11-25T11:09:11.239270+00:00', '--job-id', '428', '--raw', '--subdir', 'DAGS_FOLDER/dag_one.py', '--cfg-path', '/tmp/tmpw2o50j2w']
[2025-11-25T11:09:30.095+0000] {standard_task_runner.py:88} INFO - Job 428: Subtask run_load_queries
[2025-11-25T11:09:30.192+0000] {task_command.py:423} INFO - Running <TaskInstance: fetch_data.run_load_queries manual__2025-11-25T11:09:11.239270+00:00 [running]> on host 31dc809eef62
[2025-11-25T11:09:30.454+0000] {taskinstance.py:2480} INFO - Exporting env vars: AIRFLOW_CTX_DAG_OWNER='***' AIRFLOW_CTX_DAG_ID='fetch_data' AIRFLOW_CTX_TASK_ID='run_load_queries' AIRFLOW_CTX_EXECUTION_DATE='2025-11-25T11:09:11.239270+00:00' AIRFLOW_CTX_TRY_NUMBER='1' AIRFLOW_CTX_DAG_RUN_ID='manual__2025-11-25T11:09:11.239270+00:00'
[2025-11-25T11:09:30.455+0000] {subprocess.py:63} INFO - Tmp dir root location: /tmp
[2025-11-25T11:09:30.455+0000] {subprocess.py:75} INFO - Running command: ['/usr/bin/bash', '-c', 'docker exec clickhouse-server clickhouse-client --multiquery --queries-file=/sql/02_load_data_from_csv.sql']
[2025-11-25T11:09:30.466+0000] {subprocess.py:86} INFO - Output:
[2025-11-25T11:09:30.576+0000] {subprocess.py:93} INFO - Received exception from server (version 25.10.2):
[2025-11-25T11:09:30.577+0000] {subprocess.py:93} INFO - Code: 291. DB::Exception: Received from localhost:9000. DB::Exception: File `/var/lib/clickhouse/dbt/seeds/bronze_infrared.csv` is not inside `/var/lib/clickhouse/user_files`. (DATABASE_ACCESS_DENIED)
[2025-11-25T11:09:30.577+0000] {subprocess.py:93} INFO - (query: -- ========== Dimensions ==========
[2025-11-25T11:09:30.578+0000] {subprocess.py:93} INFO - 
[2025-11-25T11:09:30.578+0000] {subprocess.py:93} INFO - INSERT INTO peopletraffic.raw_Building
[2025-11-25T11:09:30.578+0000] {subprocess.py:93} INFO - (
[2025-11-25T11:09:30.578+0000] {subprocess.py:93} INFO - timestamp,
[2025-11-25T11:09:30.579+0000] {subprocess.py:93} INFO - 	name,
[2025-11-25T11:09:30.579+0000] {subprocess.py:93} INFO -     out,
[2025-11-25T11:09:30.580+0000] {subprocess.py:93} INFO -     in
[2025-11-25T11:09:30.580+0000] {subprocess.py:93} INFO - )
[2025-11-25T11:09:30.581+0000] {subprocess.py:93} INFO - 
[2025-11-25T11:09:30.581+0000] {subprocess.py:93} INFO - SELECT
[2025-11-25T11:09:30.582+0000] {subprocess.py:93} INFO -     toDateTime(timestamp),
[2025-11-25T11:09:30.582+0000] {subprocess.py:93} INFO -     toString(name),
[2025-11-25T11:09:30.583+0000] {subprocess.py:93} INFO -     toUInt8(out),
[2025-11-25T11:09:30.583+0000] {subprocess.py:93} INFO -     toUInt8(in)
[2025-11-25T11:09:30.584+0000] {subprocess.py:93} INFO - FROM file('../dbt/seeds/bronze_infrared.csv', 'CSVWithNames');)
[2025-11-25T11:09:30.590+0000] {subprocess.py:97} INFO - Command exited with return code 35
[2025-11-25T11:09:30.605+0000] {taskinstance.py:2698} ERROR - Task failed with exception
Traceback (most recent call last):
  File "/home/airflow/.local/lib/python3.8/site-packages/airflow/models/taskinstance.py", line 433, in _execute_task
    result = execute_callable(context=context, **execute_callable_kwargs)
  File "/home/airflow/.local/lib/python3.8/site-packages/airflow/operators/bash.py", line 212, in execute
    raise AirflowException(
airflow.exceptions.AirflowException: Bash command failed. The command returned a non-zero exit code 35.
[2025-11-25T11:09:30.609+0000] {taskinstance.py:1138} INFO - Marking task as UP_FOR_RETRY. dag_id=fetch_data, task_id=run_load_queries, execution_date=20251125T110911, start_date=20251125T110930, end_date=20251125T110930
[2025-11-25T11:09:30.623+0000] {standard_task_runner.py:107} ERROR - Failed to execute job 428 for task run_load_queries (Bash command failed. The command returned a non-zero exit code 35.; 460)
[2025-11-25T11:09:30.634+0000] {local_task_job_runner.py:234} INFO - Task exited with return code 1
[2025-11-25T11:09:30.657+0000] {taskinstance.py:3280} INFO - 0 downstream tasks scheduled from follow-on schedule check
