[2025-11-20T11:17:55.435+0000] {taskinstance.py:1956} INFO - Dependencies all met for dep_context=non-requeueable deps ti=<TaskInstance: minio_to_duckdb_pipeline.upload_csv_to_minio manual__2025-11-20T11:17:54.546299+00:00 [queued]>
[2025-11-20T11:17:55.441+0000] {taskinstance.py:1956} INFO - Dependencies all met for dep_context=requeueable deps ti=<TaskInstance: minio_to_duckdb_pipeline.upload_csv_to_minio manual__2025-11-20T11:17:54.546299+00:00 [queued]>
[2025-11-20T11:17:55.441+0000] {taskinstance.py:2170} INFO - Starting attempt 1 of 1
[2025-11-20T11:17:55.451+0000] {taskinstance.py:2191} INFO - Executing <Task(PythonOperator): upload_csv_to_minio> on 2025-11-20 11:17:54.546299+00:00
[2025-11-20T11:17:55.455+0000] {standard_task_runner.py:60} INFO - Started process 758 to run task
[2025-11-20T11:17:55.457+0000] {standard_task_runner.py:87} INFO - Running: ['***', 'tasks', 'run', 'minio_to_duckdb_pipeline', 'upload_csv_to_minio', 'manual__2025-11-20T11:17:54.546299+00:00', '--job-id', '31', '--raw', '--subdir', 'DAGS_FOLDER/dag_two.py', '--cfg-path', '/tmp/tmpv3jy68r9']
[2025-11-20T11:17:55.459+0000] {standard_task_runner.py:88} INFO - Job 31: Subtask upload_csv_to_minio
[2025-11-20T11:17:55.533+0000] {task_command.py:423} INFO - Running <TaskInstance: minio_to_duckdb_pipeline.upload_csv_to_minio manual__2025-11-20T11:17:54.546299+00:00 [running]> on host 801760f054ff
[2025-11-20T11:17:55.664+0000] {taskinstance.py:2480} INFO - Exporting env vars: AIRFLOW_CTX_DAG_OWNER='***' AIRFLOW_CTX_DAG_ID='minio_to_duckdb_pipeline' AIRFLOW_CTX_TASK_ID='upload_csv_to_minio' AIRFLOW_CTX_EXECUTION_DATE='2025-11-20T11:17:54.546299+00:00' AIRFLOW_CTX_TRY_NUMBER='1' AIRFLOW_CTX_DAG_RUN_ID='manual__2025-11-20T11:17:54.546299+00:00'
[2025-11-20T11:17:55.678+0000] {logging_mixin.py:188} INFO - THIS IS LOCAL PATH:./dbt/seeds/bronze_mobility.csv
[2025-11-20T11:17:55.679+0000] {logging_mixin.py:188} INFO - THIS IS REMOTE PATH:bronze_mobility.csv
[2025-11-20T11:17:55.905+0000] {logging_mixin.py:188} INFO - Uploaded ./dbt/seeds/bronze_mobility.csv → s3://project-bucket/bronze_mobility.csv
[2025-11-20T11:17:55.906+0000] {logging_mixin.py:188} INFO - THIS IS LOCAL PATH:./dbt/seeds/bronze_weather.csv
[2025-11-20T11:17:55.907+0000] {logging_mixin.py:188} INFO - THIS IS REMOTE PATH:bronze_weather.csv
[2025-11-20T11:17:55.931+0000] {logging_mixin.py:188} INFO - Uploaded ./dbt/seeds/bronze_weather.csv → s3://project-bucket/bronze_weather.csv
[2025-11-20T11:17:55.933+0000] {logging_mixin.py:188} INFO - THIS IS LOCAL PATH:./dbt/seeds/bronze_infrared.csv
[2025-11-20T11:17:55.934+0000] {logging_mixin.py:188} INFO - THIS IS REMOTE PATH:bronze_infrared.csv
[2025-11-20T11:17:56.141+0000] {logging_mixin.py:188} INFO - Uploaded ./dbt/seeds/bronze_infrared.csv → s3://project-bucket/bronze_infrared.csv
[2025-11-20T11:17:56.142+0000] {python.py:201} INFO - Done. Returned value was: None
[2025-11-20T11:17:56.170+0000] {taskinstance.py:1138} INFO - Marking task as SUCCESS. dag_id=minio_to_duckdb_pipeline, task_id=upload_csv_to_minio, execution_date=20251120T111754, start_date=20251120T111755, end_date=20251120T111756
[2025-11-20T11:17:56.211+0000] {local_task_job_runner.py:234} INFO - Task exited with return code 0
[2025-11-20T11:17:56.246+0000] {taskinstance.py:3280} INFO - 0 downstream tasks scheduled from follow-on schedule check
