[2025-11-21T07:48:30.029+0000] {taskinstance.py:1956} INFO - Dependencies all met for dep_context=non-requeueable deps ti=<TaskInstance: fetch_data.run_dbt scheduled__2025-11-20T00:00:00+00:00 [queued]>
[2025-11-21T07:48:30.042+0000] {taskinstance.py:1956} INFO - Dependencies all met for dep_context=requeueable deps ti=<TaskInstance: fetch_data.run_dbt scheduled__2025-11-20T00:00:00+00:00 [queued]>
[2025-11-21T07:48:30.042+0000] {taskinstance.py:2170} INFO - Starting attempt 2 of 2
[2025-11-21T07:48:30.062+0000] {taskinstance.py:2191} INFO - Executing <Task(BashOperator): run_dbt> on 2025-11-20 00:00:00+00:00
[2025-11-21T07:48:30.071+0000] {standard_task_runner.py:60} INFO - Started process 1643 to run task
[2025-11-21T07:48:30.076+0000] {standard_task_runner.py:87} INFO - Running: ['***', 'tasks', 'run', 'fetch_data', 'run_dbt', 'scheduled__2025-11-20T00:00:00+00:00', '--job-id', '55', '--raw', '--subdir', 'DAGS_FOLDER/dag_one.py', '--cfg-path', '/tmp/tmp73vi3gii']
[2025-11-21T07:48:30.080+0000] {standard_task_runner.py:88} INFO - Job 55: Subtask run_dbt
[2025-11-21T07:48:30.163+0000] {task_command.py:423} INFO - Running <TaskInstance: fetch_data.run_dbt scheduled__2025-11-20T00:00:00+00:00 [running]> on host 801760f054ff
[2025-11-21T07:48:30.482+0000] {taskinstance.py:2480} INFO - Exporting env vars: AIRFLOW_CTX_DAG_OWNER='***' AIRFLOW_CTX_DAG_ID='fetch_data' AIRFLOW_CTX_TASK_ID='run_dbt' AIRFLOW_CTX_EXECUTION_DATE='2025-11-20T00:00:00+00:00' AIRFLOW_CTX_TRY_NUMBER='2' AIRFLOW_CTX_DAG_RUN_ID='scheduled__2025-11-20T00:00:00+00:00'
[2025-11-21T07:48:30.484+0000] {subprocess.py:63} INFO - Tmp dir root location: /tmp
[2025-11-21T07:48:30.486+0000] {subprocess.py:75} INFO - Running command: ['/usr/bin/bash', '-c', 'docker exec dbt dbt seed']
[2025-11-21T07:48:30.499+0000] {subprocess.py:86} INFO - Output:
[2025-11-21T07:48:30.536+0000] {subprocess.py:93} INFO - Error response from daemon: container 1a17b42f47689f75cb4d6dc2194d3ab0e5216fad8493134a9f13ec0a2677a7be is not running
[2025-11-21T07:48:30.537+0000] {subprocess.py:97} INFO - Command exited with return code 1
[2025-11-21T07:48:30.582+0000] {taskinstance.py:2698} ERROR - Task failed with exception
Traceback (most recent call last):
  File "/home/airflow/.local/lib/python3.8/site-packages/airflow/models/taskinstance.py", line 433, in _execute_task
    result = execute_callable(context=context, **execute_callable_kwargs)
  File "/home/airflow/.local/lib/python3.8/site-packages/airflow/operators/bash.py", line 212, in execute
    raise AirflowException(
airflow.exceptions.AirflowException: Bash command failed. The command returned a non-zero exit code 1.
[2025-11-21T07:48:30.587+0000] {taskinstance.py:1138} INFO - Marking task as FAILED. dag_id=fetch_data, task_id=run_dbt, execution_date=20251120T000000, start_date=20251121T074830, end_date=20251121T074830
[2025-11-21T07:48:30.606+0000] {standard_task_runner.py:107} ERROR - Failed to execute job 55 for task run_dbt (Bash command failed. The command returned a non-zero exit code 1.; 1643)
[2025-11-21T07:48:30.624+0000] {local_task_job_runner.py:234} INFO - Task exited with return code 1
[2025-11-21T07:48:30.666+0000] {taskinstance.py:3280} INFO - 0 downstream tasks scheduled from follow-on schedule check
