[2025-11-24T13:06:02.695+0000] {taskinstance.py:1956} INFO - Dependencies all met for dep_context=non-requeueable deps ti=<TaskInstance: fetch_data.run_dbt manual__2025-11-24T13:00:41.044955+00:00 [queued]>
[2025-11-24T13:06:02.701+0000] {taskinstance.py:1956} INFO - Dependencies all met for dep_context=requeueable deps ti=<TaskInstance: fetch_data.run_dbt manual__2025-11-24T13:00:41.044955+00:00 [queued]>
[2025-11-24T13:06:02.701+0000] {taskinstance.py:2170} INFO - Starting attempt 2 of 2
[2025-11-24T13:06:02.714+0000] {taskinstance.py:2191} INFO - Executing <Task(BashOperator): run_dbt> on 2025-11-24 13:00:41.044955+00:00
[2025-11-24T13:06:02.721+0000] {standard_task_runner.py:60} INFO - Started process 1587 to run task
[2025-11-24T13:06:02.727+0000] {standard_task_runner.py:87} INFO - Running: ['***', 'tasks', 'run', 'fetch_data', 'run_dbt', 'manual__2025-11-24T13:00:41.044955+00:00', '--job-id', '369', '--raw', '--subdir', 'DAGS_FOLDER/dag_one.py', '--cfg-path', '/tmp/tmpv61dkzgm']
[2025-11-24T13:06:02.730+0000] {standard_task_runner.py:88} INFO - Job 369: Subtask run_dbt
[2025-11-24T13:06:02.781+0000] {task_command.py:423} INFO - Running <TaskInstance: fetch_data.run_dbt manual__2025-11-24T13:00:41.044955+00:00 [running]> on host 9068bb1c5578
[2025-11-24T13:06:03.003+0000] {taskinstance.py:2480} INFO - Exporting env vars: AIRFLOW_CTX_DAG_OWNER='***' AIRFLOW_CTX_DAG_ID='fetch_data' AIRFLOW_CTX_TASK_ID='run_dbt' AIRFLOW_CTX_EXECUTION_DATE='2025-11-24T13:00:41.044955+00:00' AIRFLOW_CTX_TRY_NUMBER='2' AIRFLOW_CTX_DAG_RUN_ID='manual__2025-11-24T13:00:41.044955+00:00'
[2025-11-24T13:06:03.004+0000] {subprocess.py:63} INFO - Tmp dir root location: /tmp
[2025-11-24T13:06:03.005+0000] {subprocess.py:75} INFO - Running command: ['/usr/bin/bash', '-c', 'docker exec dbt dbt seed']
[2025-11-24T13:06:03.013+0000] {subprocess.py:86} INFO - Output:
[2025-11-24T13:06:04.225+0000] {subprocess.py:93} INFO - [0m13:06:04  Running with dbt=1.10.15
[2025-11-24T13:06:04.415+0000] {subprocess.py:93} INFO - [0m13:06:04  Registered adapter: clickhouse=1.9.6
[2025-11-24T13:06:04.542+0000] {subprocess.py:93} INFO - [0m13:06:04  Unable to do partial parsing because profile has changed
[2025-11-24T13:06:05.492+0000] {subprocess.py:93} INFO - [0m13:06:05  Encountered an error:
[2025-11-24T13:06:05.493+0000] {subprocess.py:93} INFO - Compilation Error
[2025-11-24T13:06:05.493+0000] {subprocess.py:93} INFO -   Model 'model.ulemiste_city_insights_dbt.dim_time' (models/marts/dim_time.sql) depends on a node named 'stg_dim_time' which was not found
[2025-11-24T13:06:06.525+0000] {subprocess.py:97} INFO - Command exited with return code 2
[2025-11-24T13:06:06.535+0000] {taskinstance.py:2698} ERROR - Task failed with exception
Traceback (most recent call last):
  File "/home/airflow/.local/lib/python3.8/site-packages/airflow/models/taskinstance.py", line 433, in _execute_task
    result = execute_callable(context=context, **execute_callable_kwargs)
  File "/home/airflow/.local/lib/python3.8/site-packages/airflow/operators/bash.py", line 212, in execute
    raise AirflowException(
airflow.exceptions.AirflowException: Bash command failed. The command returned a non-zero exit code 2.
[2025-11-24T13:06:06.538+0000] {taskinstance.py:1138} INFO - Marking task as FAILED. dag_id=fetch_data, task_id=run_dbt, execution_date=20251124T130041, start_date=20251124T130602, end_date=20251124T130606
[2025-11-24T13:06:06.557+0000] {standard_task_runner.py:107} ERROR - Failed to execute job 369 for task run_dbt (Bash command failed. The command returned a non-zero exit code 2.; 1587)
[2025-11-24T13:06:06.595+0000] {local_task_job_runner.py:234} INFO - Task exited with return code 1
[2025-11-24T13:06:06.631+0000] {taskinstance.py:3280} INFO - 0 downstream tasks scheduled from follow-on schedule check
