[2025-11-25T10:46:11.533+0000] {taskinstance.py:1956} INFO - Dependencies all met for dep_context=non-requeueable deps ti=<TaskInstance: fetch_data.fetch_weather_data manual__2025-11-25T10:46:08.086141+00:00 [queued]>
[2025-11-25T10:46:11.540+0000] {taskinstance.py:1956} INFO - Dependencies all met for dep_context=requeueable deps ti=<TaskInstance: fetch_data.fetch_weather_data manual__2025-11-25T10:46:08.086141+00:00 [queued]>
[2025-11-25T10:46:11.541+0000] {taskinstance.py:2170} INFO - Starting attempt 1 of 2
[2025-11-25T10:46:11.552+0000] {taskinstance.py:2191} INFO - Executing <Task(PythonOperator): fetch_weather_data> on 2025-11-25 10:46:08.086141+00:00
[2025-11-25T10:46:11.556+0000] {standard_task_runner.py:60} INFO - Started process 646 to run task
[2025-11-25T10:46:11.559+0000] {standard_task_runner.py:87} INFO - Running: ['***', 'tasks', 'run', 'fetch_data', 'fetch_weather_data', 'manual__2025-11-25T10:46:08.086141+00:00', '--job-id', '398', '--raw', '--subdir', 'DAGS_FOLDER/dag_one.py', '--cfg-path', '/tmp/tmp2z08q1q8']
[2025-11-25T10:46:11.561+0000] {standard_task_runner.py:88} INFO - Job 398: Subtask fetch_weather_data
[2025-11-25T10:46:11.625+0000] {task_command.py:423} INFO - Running <TaskInstance: fetch_data.fetch_weather_data manual__2025-11-25T10:46:08.086141+00:00 [running]> on host e243512bdaab
[2025-11-25T10:46:11.839+0000] {taskinstance.py:2480} INFO - Exporting env vars: AIRFLOW_CTX_DAG_OWNER='***' AIRFLOW_CTX_DAG_ID='fetch_data' AIRFLOW_CTX_TASK_ID='fetch_weather_data' AIRFLOW_CTX_EXECUTION_DATE='2025-11-25T10:46:08.086141+00:00' AIRFLOW_CTX_TRY_NUMBER='1' AIRFLOW_CTX_DAG_RUN_ID='manual__2025-11-25T10:46:08.086141+00:00'
[2025-11-25T10:46:13.832+0000] {taskinstance.py:2698} ERROR - Task failed with exception
Traceback (most recent call last):
  File "/home/airflow/.local/lib/python3.8/site-packages/airflow/models/taskinstance.py", line 433, in _execute_task
    result = execute_callable(context=context, **execute_callable_kwargs)
  File "/home/airflow/.local/lib/python3.8/site-packages/airflow/operators/python.py", line 199, in execute
    return_value = self.execute_callable()
  File "/home/airflow/.local/lib/python3.8/site-packages/airflow/operators/python.py", line 216, in execute_callable
    return self.python_callable(*self.op_args, **self.op_kwargs)
  File "/opt/airflow/dags/dag_one.py", line 32, in fetch_weather_data
    os.makedirs(OUTPUT_DIR, exist_ok=True)
  File "/usr/local/lib/python3.8/os.py", line 223, in makedirs
    mkdir(name, mode)
PermissionError: [Errno 13] Permission denied: '../sample_data/'
[2025-11-25T10:46:13.845+0000] {taskinstance.py:1138} INFO - Marking task as UP_FOR_RETRY. dag_id=fetch_data, task_id=fetch_weather_data, execution_date=20251125T104608, start_date=20251125T104611, end_date=20251125T104613
[2025-11-25T10:46:13.860+0000] {standard_task_runner.py:107} ERROR - Failed to execute job 398 for task fetch_weather_data ([Errno 13] Permission denied: '../sample_data/'; 646)
[2025-11-25T10:46:13.909+0000] {local_task_job_runner.py:234} INFO - Task exited with return code 1
[2025-11-25T10:46:13.955+0000] {taskinstance.py:3280} INFO - 0 downstream tasks scheduled from follow-on schedule check
