[2025-11-26T10:35:17.034+0000] {taskinstance.py:1956} INFO - Dependencies all met for dep_context=non-requeueable deps ti=<TaskInstance: dbt_transforms.dbt_run manual__2025-11-26T10:35:14.125730+00:00 [queued]>
[2025-11-26T10:35:17.061+0000] {taskinstance.py:1956} INFO - Dependencies all met for dep_context=requeueable deps ti=<TaskInstance: dbt_transforms.dbt_run manual__2025-11-26T10:35:14.125730+00:00 [queued]>
[2025-11-26T10:35:17.062+0000] {taskinstance.py:2170} INFO - Starting attempt 1 of 1
[2025-11-26T10:35:17.102+0000] {taskinstance.py:2191} INFO - Executing <Task(BashOperator): dbt_run> on 2025-11-26 10:35:14.125730+00:00
[2025-11-26T10:35:17.108+0000] {standard_task_runner.py:60} INFO - Started process 3751 to run task
[2025-11-26T10:35:17.114+0000] {standard_task_runner.py:87} INFO - Running: ['***', 'tasks', 'run', 'dbt_transforms', 'dbt_run', 'manual__2025-11-26T10:35:14.125730+00:00', '--job-id', '485', '--raw', '--subdir', 'DAGS_FOLDER/011_dbt_transforms.py', '--cfg-path', '/tmp/tmpy6auc3he']
[2025-11-26T10:35:17.118+0000] {standard_task_runner.py:88} INFO - Job 485: Subtask dbt_run
[2025-11-26T10:35:17.289+0000] {task_command.py:423} INFO - Running <TaskInstance: dbt_transforms.dbt_run manual__2025-11-26T10:35:14.125730+00:00 [running]> on host 5b6237d76f75
[2025-11-26T10:35:17.680+0000] {taskinstance.py:2480} INFO - Exporting env vars: AIRFLOW_CTX_DAG_OWNER='***' AIRFLOW_CTX_DAG_ID='dbt_transforms' AIRFLOW_CTX_TASK_ID='dbt_run' AIRFLOW_CTX_EXECUTION_DATE='2025-11-26T10:35:14.125730+00:00' AIRFLOW_CTX_TRY_NUMBER='1' AIRFLOW_CTX_DAG_RUN_ID='manual__2025-11-26T10:35:14.125730+00:00'
[2025-11-26T10:35:17.719+0000] {subprocess.py:63} INFO - Tmp dir root location: /tmp
[2025-11-26T10:35:17.724+0000] {subprocess.py:75} INFO - Running command: ['/usr/bin/bash', '-c', "docker exec dbt bash -lc 'cd /dbt && dbt run --profiles-dir /dbt'"]
[2025-11-26T10:35:17.767+0000] {subprocess.py:86} INFO - Output:
[2025-11-26T10:35:22.894+0000] {subprocess.py:93} INFO - [0m10:35:22  Running with dbt=1.10.15
[2025-11-26T10:35:23.551+0000] {subprocess.py:93} INFO - [0m10:35:23  Registered adapter: clickhouse=1.9.6
[2025-11-26T10:35:23.688+0000] {subprocess.py:93} INFO - [0m10:35:23  Unable to do partial parsing because saved manifest not found. Starting full parse.
[2025-11-26T10:35:26.653+0000] {subprocess.py:93} INFO - [0m10:35:26  Encountered an error:
[2025-11-26T10:35:26.655+0000] {subprocess.py:93} INFO - Compilation Error
[2025-11-26T10:35:26.656+0000] {subprocess.py:93} INFO -   Model 'model.peopletraffic_uc.fact_people_traffic' (models/marts/fact_people_traffic.sql) depends on a node named 'stg_dim_building' in package or project 'stg_dim_weather' which was not found
[2025-11-26T10:35:28.232+0000] {subprocess.py:97} INFO - Command exited with return code 2
[2025-11-26T10:35:28.278+0000] {taskinstance.py:2698} ERROR - Task failed with exception
Traceback (most recent call last):
  File "/home/airflow/.local/lib/python3.8/site-packages/airflow/models/taskinstance.py", line 433, in _execute_task
    result = execute_callable(context=context, **execute_callable_kwargs)
  File "/home/airflow/.local/lib/python3.8/site-packages/airflow/operators/bash.py", line 212, in execute
    raise AirflowException(
airflow.exceptions.AirflowException: Bash command failed. The command returned a non-zero exit code 2.
[2025-11-26T10:35:28.289+0000] {taskinstance.py:1138} INFO - Marking task as FAILED. dag_id=dbt_transforms, task_id=dbt_run, execution_date=20251126T103514, start_date=20251126T103517, end_date=20251126T103528
[2025-11-26T10:35:28.349+0000] {standard_task_runner.py:107} ERROR - Failed to execute job 485 for task dbt_run (Bash command failed. The command returned a non-zero exit code 2.; 3751)
[2025-11-26T10:35:28.379+0000] {local_task_job_runner.py:234} INFO - Task exited with return code 1
[2025-11-26T10:35:28.430+0000] {taskinstance.py:3280} INFO - 0 downstream tasks scheduled from follow-on schedule check
