[2025-11-20T10:03:38.676+0000] {taskinstance.py:1956} INFO - Dependencies all met for dep_context=non-requeueable deps ti=<TaskInstance: fetch_data.run_dbt scheduled__2025-11-19T00:00:00+00:00 [queued]>
[2025-11-20T10:03:38.683+0000] {taskinstance.py:1956} INFO - Dependencies all met for dep_context=requeueable deps ti=<TaskInstance: fetch_data.run_dbt scheduled__2025-11-19T00:00:00+00:00 [queued]>
[2025-11-20T10:03:38.684+0000] {taskinstance.py:2170} INFO - Starting attempt 1 of 2
[2025-11-20T10:03:38.697+0000] {taskinstance.py:2191} INFO - Executing <Task(BashOperator): run_dbt> on 2025-11-19 00:00:00+00:00
[2025-11-20T10:03:38.702+0000] {standard_task_runner.py:60} INFO - Started process 4117 to run task
[2025-11-20T10:03:38.706+0000] {standard_task_runner.py:87} INFO - Running: ['***', 'tasks', 'run', 'fetch_data', 'run_dbt', 'scheduled__2025-11-19T00:00:00+00:00', '--job-id', '21', '--raw', '--subdir', 'DAGS_FOLDER/dag_one.py', '--cfg-path', '/tmp/tmpvtatg0lc']
[2025-11-20T10:03:38.708+0000] {standard_task_runner.py:88} INFO - Job 21: Subtask run_dbt
[2025-11-20T10:03:38.765+0000] {task_command.py:423} INFO - Running <TaskInstance: fetch_data.run_dbt scheduled__2025-11-19T00:00:00+00:00 [running]> on host f8832a2bf6ed
[2025-11-20T10:03:39.005+0000] {taskinstance.py:2480} INFO - Exporting env vars: AIRFLOW_CTX_DAG_OWNER='***' AIRFLOW_CTX_DAG_ID='fetch_data' AIRFLOW_CTX_TASK_ID='run_dbt' AIRFLOW_CTX_EXECUTION_DATE='2025-11-19T00:00:00+00:00' AIRFLOW_CTX_TRY_NUMBER='1' AIRFLOW_CTX_DAG_RUN_ID='scheduled__2025-11-19T00:00:00+00:00'
[2025-11-20T10:03:39.006+0000] {subprocess.py:63} INFO - Tmp dir root location: /tmp
[2025-11-20T10:03:39.007+0000] {subprocess.py:75} INFO - Running command: ['/usr/bin/bash', '-c', 'docker exec dbt dbt seed']
[2025-11-20T10:03:39.015+0000] {subprocess.py:86} INFO - Output:
[2025-11-20T10:03:40.138+0000] {subprocess.py:93} INFO - [0m10:03:40  Running with dbt=1.10.15
[2025-11-20T10:03:40.309+0000] {subprocess.py:93} INFO - [0m10:03:40  Registered adapter: clickhouse=1.9.6
[2025-11-20T10:03:40.419+0000] {subprocess.py:93} INFO - [0m10:03:40  [[33mWARNING[0m]: Configuration paths exist in your dbt_project.yml file which do not apply to any resources.
[2025-11-20T10:03:40.419+0000] {subprocess.py:93} INFO - There are 1 unused configuration paths:
[2025-11-20T10:03:40.420+0000] {subprocess.py:93} INFO - - models
[2025-11-20T10:03:40.498+0000] {subprocess.py:93} INFO - [0m10:03:40  Found 3 seeds, 3 sources, 485 macros
[2025-11-20T10:03:40.500+0000] {subprocess.py:93} INFO - [0m10:03:40
[2025-11-20T10:03:40.500+0000] {subprocess.py:93} INFO - [0m10:03:40  Concurrency: 1 threads (target='dev')
[2025-11-20T10:03:40.500+0000] {subprocess.py:93} INFO - [0m10:03:40
[2025-11-20T10:03:40.936+0000] {subprocess.py:93} INFO - [0m10:03:40  1 of 3 START seed file `default`.`bronze_infrared` ............................. [RUN]
[2025-11-20T10:03:44.827+0000] {subprocess.py:93} INFO - [0m10:03:44  1 of 3 OK loaded seed file default.bronze_infrared ............................. [[32mINSERT 410395[0m in 3.89s]
[2025-11-20T10:03:44.829+0000] {subprocess.py:93} INFO - [0m10:03:44  2 of 3 START seed file `default`.`bronze_mobility` ............................. [RUN]
[2025-11-20T10:03:49.671+0000] {subprocess.py:93} INFO - [0m10:03:49  2 of 3 OK loaded seed file default.bronze_mobility ............................. [[32mINSERT 489414[0m in 4.84s]
[2025-11-20T10:03:49.672+0000] {subprocess.py:93} INFO - [0m10:03:49  3 of 3 START seed file `default`.`bronze_weather` .............................. [RUN]
[2025-11-20T10:03:49.736+0000] {subprocess.py:93} INFO - [0m10:03:49  3 of 3 OK loaded seed file default.bronze_weather .............................. [[32mINSERT 2785[0m in 0.06s]
[2025-11-20T10:03:49.748+0000] {subprocess.py:93} INFO - [0m10:03:49
[2025-11-20T10:03:49.749+0000] {subprocess.py:93} INFO - [0m10:03:49  Finished running 3 seeds in 0 hours 0 minutes and 9.25 seconds (9.25s).
[2025-11-20T10:03:49.779+0000] {subprocess.py:93} INFO - [0m10:03:49
[2025-11-20T10:03:49.779+0000] {subprocess.py:93} INFO - [0m10:03:49  [32mCompleted successfully[0m
[2025-11-20T10:03:49.780+0000] {subprocess.py:93} INFO - [0m10:03:49
[2025-11-20T10:03:49.780+0000] {subprocess.py:93} INFO - [0m10:03:49  Done. PASS=3 WARN=0 ERROR=0 SKIP=0 NO-OP=0 TOTAL=3
[2025-11-20T10:03:50.855+0000] {subprocess.py:97} INFO - Command exited with return code 0
[2025-11-20T10:03:50.894+0000] {taskinstance.py:1138} INFO - Marking task as SUCCESS. dag_id=fetch_data, task_id=run_dbt, execution_date=20251119T000000, start_date=20251120T100338, end_date=20251120T100350
[2025-11-20T10:03:50.929+0000] {local_task_job_runner.py:234} INFO - Task exited with return code 0
[2025-11-20T10:03:50.947+0000] {taskinstance.py:3280} INFO - 1 downstream tasks scheduled from follow-on schedule check
