[2025-11-21T12:42:46.226+0000] {taskinstance.py:1956} INFO - Dependencies all met for dep_context=non-requeueable deps ti=<TaskInstance: duckdb_to_iceberg_dynamic.fetch_duckdb_table manual__2025-11-21T12:42:42.604072+00:00 [queued]>
[2025-11-21T12:42:46.239+0000] {taskinstance.py:1956} INFO - Dependencies all met for dep_context=requeueable deps ti=<TaskInstance: duckdb_to_iceberg_dynamic.fetch_duckdb_table manual__2025-11-21T12:42:42.604072+00:00 [queued]>
[2025-11-21T12:42:46.240+0000] {taskinstance.py:2170} INFO - Starting attempt 1 of 1
[2025-11-21T12:42:46.258+0000] {taskinstance.py:2191} INFO - Executing <Task(PythonOperator): fetch_duckdb_table> on 2025-11-21 12:42:42.604072+00:00
[2025-11-21T12:42:46.264+0000] {standard_task_runner.py:60} INFO - Started process 24079 to run task
[2025-11-21T12:42:46.268+0000] {standard_task_runner.py:87} INFO - Running: ['***', 'tasks', 'run', 'duckdb_to_iceberg_dynamic', 'fetch_duckdb_table', 'manual__2025-11-21T12:42:42.604072+00:00', '--job-id', '119', '--raw', '--subdir', 'DAGS_FOLDER/dag_three.py', '--cfg-path', '/tmp/tmp3lq0m5i5']
[2025-11-21T12:42:46.270+0000] {standard_task_runner.py:88} INFO - Job 119: Subtask fetch_duckdb_table
[2025-11-21T12:42:46.316+0000] {task_command.py:423} INFO - Running <TaskInstance: duckdb_to_iceberg_dynamic.fetch_duckdb_table manual__2025-11-21T12:42:42.604072+00:00 [running]> on host 5fa4049fde26
[2025-11-21T12:42:46.407+0000] {taskinstance.py:2480} INFO - Exporting env vars: AIRFLOW_CTX_DAG_OWNER='***' AIRFLOW_CTX_DAG_ID='duckdb_to_iceberg_dynamic' AIRFLOW_CTX_TASK_ID='fetch_duckdb_table' AIRFLOW_CTX_EXECUTION_DATE='2025-11-21T12:42:42.604072+00:00' AIRFLOW_CTX_TRY_NUMBER='1' AIRFLOW_CTX_DAG_RUN_ID='manual__2025-11-21T12:42:42.604072+00:00'
[2025-11-21T12:42:46.408+0000] {taskinstance.py:2698} ERROR - Task failed with exception
Traceback (most recent call last):
  File "/home/airflow/.local/lib/python3.8/site-packages/airflow/models/taskinstance.py", line 433, in _execute_task
    result = execute_callable(context=context, **execute_callable_kwargs)
  File "/home/airflow/.local/lib/python3.8/site-packages/airflow/operators/python.py", line 199, in execute
    return_value = self.execute_callable()
  File "/home/airflow/.local/lib/python3.8/site-packages/airflow/operators/python.py", line 216, in execute_callable
    return self.python_callable(*self.op_args, **self.op_kwargs)
  File "/opt/airflow/dags/dag_three.py", line 56, in fetch_duckdb_table
    raise Exception("DuckDB table not detected yet")
Exception: DuckDB table not detected yet
[2025-11-21T12:42:46.417+0000] {taskinstance.py:1138} INFO - Marking task as FAILED. dag_id=duckdb_to_iceberg_dynamic, task_id=fetch_duckdb_table, execution_date=20251121T124242, start_date=20251121T124246, end_date=20251121T124246
[2025-11-21T12:42:46.437+0000] {standard_task_runner.py:107} ERROR - Failed to execute job 119 for task fetch_duckdb_table (DuckDB table not detected yet; 24079)
[2025-11-21T12:42:46.446+0000] {local_task_job_runner.py:234} INFO - Task exited with return code 1
[2025-11-21T12:42:46.477+0000] {taskinstance.py:3280} INFO - 0 downstream tasks scheduled from follow-on schedule check
