[2025-11-23T11:41:23.756+0000] {taskinstance.py:1956} INFO - Dependencies all met for dep_context=non-requeueable deps ti=<TaskInstance: duckdb_to_iceberg_bronze.create_and_append_iceberg manual__2025-11-23T11:41:20.130384+00:00 [queued]>
[2025-11-23T11:41:23.763+0000] {taskinstance.py:1956} INFO - Dependencies all met for dep_context=requeueable deps ti=<TaskInstance: duckdb_to_iceberg_bronze.create_and_append_iceberg manual__2025-11-23T11:41:20.130384+00:00 [queued]>
[2025-11-23T11:41:23.763+0000] {taskinstance.py:2170} INFO - Starting attempt 1 of 1
[2025-11-23T11:41:23.775+0000] {taskinstance.py:2191} INFO - Executing <Task(PythonOperator): create_and_append_iceberg> on 2025-11-23 11:41:20.130384+00:00
[2025-11-23T11:41:23.779+0000] {standard_task_runner.py:60} INFO - Started process 4985 to run task
[2025-11-23T11:41:23.782+0000] {standard_task_runner.py:87} INFO - Running: ['***', 'tasks', 'run', 'duckdb_to_iceberg_bronze', 'create_and_append_iceberg', 'manual__2025-11-23T11:41:20.130384+00:00', '--job-id', '254', '--raw', '--subdir', 'DAGS_FOLDER/dag_three.py', '--cfg-path', '/tmp/tmpn5dxcpx2']
[2025-11-23T11:41:23.784+0000] {standard_task_runner.py:88} INFO - Job 254: Subtask create_and_append_iceberg
[2025-11-23T11:41:23.840+0000] {task_command.py:423} INFO - Running <TaskInstance: duckdb_to_iceberg_bronze.create_and_append_iceberg manual__2025-11-23T11:41:20.130384+00:00 [running]> on host b650baa5b7c7
[2025-11-23T11:41:23.929+0000] {taskinstance.py:2480} INFO - Exporting env vars: AIRFLOW_CTX_DAG_OWNER='***' AIRFLOW_CTX_DAG_ID='duckdb_to_iceberg_bronze' AIRFLOW_CTX_TASK_ID='create_and_append_iceberg' AIRFLOW_CTX_EXECUTION_DATE='2025-11-23T11:41:20.130384+00:00' AIRFLOW_CTX_TRY_NUMBER='1' AIRFLOW_CTX_DAG_RUN_ID='manual__2025-11-23T11:41:20.130384+00:00'
[2025-11-23T11:41:24.014+0000] {logging_mixin.py:188} INFO - Fetched bronze_infrared from DuckDB
[2025-11-23T11:41:24.347+0000] {__init__.py:348} INFO - Defaulting to PyArrow FileIO
[2025-11-23T11:41:24.543+0000] {logging_mixin.py:188} INFO - Created Iceberg table: default.bronze_infrared
[2025-11-23T11:41:24.555+0000] {taskinstance.py:2698} ERROR - Task failed with exception
Traceback (most recent call last):
  File "/home/airflow/.local/lib/python3.8/site-packages/airflow/models/taskinstance.py", line 433, in _execute_task
    result = execute_callable(context=context, **execute_callable_kwargs)
  File "/home/airflow/.local/lib/python3.8/site-packages/airflow/operators/python.py", line 199, in execute
    return_value = self.execute_callable()
  File "/home/airflow/.local/lib/python3.8/site-packages/airflow/operators/python.py", line 216, in execute_callable
    return self.python_callable(*self.op_args, **self.op_kwargs)
  File "/opt/airflow/dags/dag_three.py", line 115, in create_and_append_iceberg
    table.append(arrow_table)
  File "/home/airflow/.local/lib/python3.8/site-packages/pyiceberg/table/__init__.py", line 1578, in append
    tx.append(df=df, snapshot_properties=snapshot_properties)
  File "/home/airflow/.local/lib/python3.8/site-packages/pyiceberg/table/__init__.py", line 491, in append
    _check_pyarrow_schema_compatible(
  File "/home/airflow/.local/lib/python3.8/site-packages/pyiceberg/io/pyarrow.py", line 2236, in _check_pyarrow_schema_compatible
    provided_schema = pyarrow_to_schema(
  File "/home/airflow/.local/lib/python3.8/site-packages/pyiceberg/io/pyarrow.py", line 828, in pyarrow_to_schema
    return visit_pyarrow(schema, visitor)
  File "/usr/local/lib/python3.8/functools.py", line 875, in wrapper
    return dispatch(args[0].__class__)(*args, **kw)
  File "/home/airflow/.local/lib/python3.8/site-packages/pyiceberg/io/pyarrow.py", line 857, in _
    return visitor.schema(obj, visit_pyarrow(pa.struct(obj), visitor))
  File "/usr/local/lib/python3.8/functools.py", line 875, in wrapper
    return dispatch(args[0].__class__)(*args, **kw)
  File "/home/airflow/.local/lib/python3.8/site-packages/pyiceberg/io/pyarrow.py", line 866, in _
    result = visit_pyarrow(field.type, visitor)
  File "/usr/local/lib/python3.8/functools.py", line 875, in wrapper
    return dispatch(args[0].__class__)(*args, **kw)
  File "/home/airflow/.local/lib/python3.8/site-packages/pyiceberg/io/pyarrow.py", line 911, in _
    return visitor.primitive(obj)
  File "/home/airflow/.local/lib/python3.8/site-packages/pyiceberg/io/pyarrow.py", line 1081, in primitive
    raise TypeError(
TypeError: Iceberg does not yet support 'ns' timestamp precision. Use 'downcast-ns-timestamp-to-us-on-write' configuration property to automatically downcast 'ns' to 'us' on write.
[2025-11-23T11:41:24.572+0000] {taskinstance.py:1138} INFO - Marking task as FAILED. dag_id=duckdb_to_iceberg_bronze, task_id=create_and_append_iceberg, execution_date=20251123T114120, start_date=20251123T114123, end_date=20251123T114124
[2025-11-23T11:41:24.596+0000] {standard_task_runner.py:107} ERROR - Failed to execute job 254 for task create_and_append_iceberg (Iceberg does not yet support 'ns' timestamp precision. Use 'downcast-ns-timestamp-to-us-on-write' configuration property to automatically downcast 'ns' to 'us' on write.; 4985)
[2025-11-23T11:41:24.617+0000] {local_task_job_runner.py:234} INFO - Task exited with return code 1
[2025-11-23T11:41:24.664+0000] {taskinstance.py:3280} INFO - 0 downstream tasks scheduled from follow-on schedule check
