[2025-11-24T07:32:02.878+0000] {taskinstance.py:1956} INFO - Dependencies all met for dep_context=non-requeueable deps ti=<TaskInstance: fetch_data.run_dbt scheduled__2025-11-23T00:00:00+00:00 [queued]>
[2025-11-24T07:32:02.885+0000] {taskinstance.py:1956} INFO - Dependencies all met for dep_context=requeueable deps ti=<TaskInstance: fetch_data.run_dbt scheduled__2025-11-23T00:00:00+00:00 [queued]>
[2025-11-24T07:32:02.885+0000] {taskinstance.py:2170} INFO - Starting attempt 2 of 2
[2025-11-24T07:32:02.898+0000] {taskinstance.py:2191} INFO - Executing <Task(BashOperator): run_dbt> on 2025-11-23 00:00:00+00:00
[2025-11-24T07:32:02.902+0000] {standard_task_runner.py:60} INFO - Started process 1318 to run task
[2025-11-24T07:32:02.904+0000] {standard_task_runner.py:87} INFO - Running: ['***', 'tasks', 'run', 'fetch_data', 'run_dbt', 'scheduled__2025-11-23T00:00:00+00:00', '--job-id', '288', '--raw', '--subdir', 'DAGS_FOLDER/dag_one.py', '--cfg-path', '/tmp/tmp_0o6wldz']
[2025-11-24T07:32:02.906+0000] {standard_task_runner.py:88} INFO - Job 288: Subtask run_dbt
[2025-11-24T07:32:02.953+0000] {task_command.py:423} INFO - Running <TaskInstance: fetch_data.run_dbt scheduled__2025-11-23T00:00:00+00:00 [running]> on host b8d844055de8
[2025-11-24T07:32:03.172+0000] {taskinstance.py:2480} INFO - Exporting env vars: AIRFLOW_CTX_DAG_OWNER='***' AIRFLOW_CTX_DAG_ID='fetch_data' AIRFLOW_CTX_TASK_ID='run_dbt' AIRFLOW_CTX_EXECUTION_DATE='2025-11-23T00:00:00+00:00' AIRFLOW_CTX_TRY_NUMBER='2' AIRFLOW_CTX_DAG_RUN_ID='scheduled__2025-11-23T00:00:00+00:00'
[2025-11-24T07:32:03.173+0000] {subprocess.py:63} INFO - Tmp dir root location: /tmp
[2025-11-24T07:32:03.174+0000] {subprocess.py:75} INFO - Running command: ['/usr/bin/bash', '-c', 'docker exec dbt dbt seed']
[2025-11-24T07:32:03.183+0000] {subprocess.py:86} INFO - Output:
[2025-11-24T07:32:04.414+0000] {subprocess.py:93} INFO - [0m07:32:04  Running with dbt=1.10.15
[2025-11-24T07:32:04.651+0000] {subprocess.py:93} INFO - [0m07:32:04  Registered adapter: clickhouse=1.9.6
[2025-11-24T07:32:04.788+0000] {subprocess.py:93} INFO - [0m07:32:04  Unable to do partial parsing because profile has changed
[2025-11-24T07:32:05.777+0000] {subprocess.py:93} INFO - [0m07:32:05  Encountered an error:
[2025-11-24T07:32:05.778+0000] {subprocess.py:93} INFO - Compilation Error
[2025-11-24T07:32:05.778+0000] {subprocess.py:93} INFO -   Model 'model.ulemiste_city_insights_dbt.dim_time' (models/marts/dim_time.sql) depends on a node named 'stg_dim_time' which was not found
[2025-11-24T07:32:06.649+0000] {subprocess.py:97} INFO - Command exited with return code 2
[2025-11-24T07:32:06.662+0000] {taskinstance.py:2698} ERROR - Task failed with exception
Traceback (most recent call last):
  File "/home/airflow/.local/lib/python3.8/site-packages/airflow/models/taskinstance.py", line 433, in _execute_task
    result = execute_callable(context=context, **execute_callable_kwargs)
  File "/home/airflow/.local/lib/python3.8/site-packages/airflow/operators/bash.py", line 212, in execute
    raise AirflowException(
airflow.exceptions.AirflowException: Bash command failed. The command returned a non-zero exit code 2.
[2025-11-24T07:32:06.665+0000] {taskinstance.py:1138} INFO - Marking task as FAILED. dag_id=fetch_data, task_id=run_dbt, execution_date=20251123T000000, start_date=20251124T073202, end_date=20251124T073206
[2025-11-24T07:32:06.686+0000] {standard_task_runner.py:107} ERROR - Failed to execute job 288 for task run_dbt (Bash command failed. The command returned a non-zero exit code 2.; 1318)
[2025-11-24T07:32:06.732+0000] {local_task_job_runner.py:234} INFO - Task exited with return code 1
[2025-11-24T07:32:06.759+0000] {taskinstance.py:3280} INFO - 0 downstream tasks scheduled from follow-on schedule check
[2025-11-24T07:44:31.609+0000] {taskinstance.py:1956} INFO - Dependencies all met for dep_context=non-requeueable deps ti=<TaskInstance: fetch_data.run_dbt scheduled__2025-11-23T00:00:00+00:00 [queued]>
[2025-11-24T07:44:31.633+0000] {taskinstance.py:1956} INFO - Dependencies all met for dep_context=requeueable deps ti=<TaskInstance: fetch_data.run_dbt scheduled__2025-11-23T00:00:00+00:00 [queued]>
[2025-11-24T07:44:31.635+0000] {taskinstance.py:2170} INFO - Starting attempt 2 of 2
[2025-11-24T07:44:31.653+0000] {taskinstance.py:2191} INFO - Executing <Task(BashOperator): run_dbt> on 2025-11-23 00:00:00+00:00
[2025-11-24T07:44:31.659+0000] {standard_task_runner.py:60} INFO - Started process 3950 to run task
[2025-11-24T07:44:31.662+0000] {standard_task_runner.py:87} INFO - Running: ['***', 'tasks', 'run', 'fetch_data', 'run_dbt', 'scheduled__2025-11-23T00:00:00+00:00', '--job-id', '302', '--raw', '--subdir', 'DAGS_FOLDER/dag_one.py', '--cfg-path', '/tmp/tmp00v4ai1f']
[2025-11-24T07:44:31.664+0000] {standard_task_runner.py:88} INFO - Job 302: Subtask run_dbt
[2025-11-24T07:44:31.706+0000] {task_command.py:423} INFO - Running <TaskInstance: fetch_data.run_dbt scheduled__2025-11-23T00:00:00+00:00 [running]> on host b8d844055de8
[2025-11-24T07:44:31.911+0000] {taskinstance.py:2480} INFO - Exporting env vars: AIRFLOW_CTX_DAG_OWNER='***' AIRFLOW_CTX_DAG_ID='fetch_data' AIRFLOW_CTX_TASK_ID='run_dbt' AIRFLOW_CTX_EXECUTION_DATE='2025-11-23T00:00:00+00:00' AIRFLOW_CTX_TRY_NUMBER='2' AIRFLOW_CTX_DAG_RUN_ID='scheduled__2025-11-23T00:00:00+00:00'
[2025-11-24T07:44:31.912+0000] {subprocess.py:63} INFO - Tmp dir root location: /tmp
[2025-11-24T07:44:31.913+0000] {subprocess.py:75} INFO - Running command: ['/usr/bin/bash', '-c', 'docker exec dbt dbt seed']
[2025-11-24T07:44:31.921+0000] {subprocess.py:86} INFO - Output:
[2025-11-24T07:44:33.110+0000] {subprocess.py:93} INFO - [0m07:44:33  Running with dbt=1.10.15
[2025-11-24T07:44:33.286+0000] {subprocess.py:93} INFO - [0m07:44:33  Registered adapter: clickhouse=1.9.6
[2025-11-24T07:44:33.402+0000] {subprocess.py:93} INFO - [0m07:44:33  Unable to do partial parsing because profile has changed
[2025-11-24T07:44:34.343+0000] {subprocess.py:93} INFO - [0m07:44:34  Encountered an error:
[2025-11-24T07:44:34.344+0000] {subprocess.py:93} INFO - Compilation Error
[2025-11-24T07:44:34.344+0000] {subprocess.py:93} INFO -   Model 'model.ulemiste_city_insights_dbt.dim_time' (models/marts/dim_time.sql) depends on a node named 'stg_dim_time' which was not found
[2025-11-24T07:44:35.205+0000] {subprocess.py:97} INFO - Command exited with return code 2
[2025-11-24T07:44:35.227+0000] {taskinstance.py:2698} ERROR - Task failed with exception
Traceback (most recent call last):
  File "/home/airflow/.local/lib/python3.8/site-packages/airflow/models/taskinstance.py", line 433, in _execute_task
    result = execute_callable(context=context, **execute_callable_kwargs)
  File "/home/airflow/.local/lib/python3.8/site-packages/airflow/operators/bash.py", line 212, in execute
    raise AirflowException(
airflow.exceptions.AirflowException: Bash command failed. The command returned a non-zero exit code 2.
[2025-11-24T07:44:35.232+0000] {taskinstance.py:1138} INFO - Marking task as FAILED. dag_id=fetch_data, task_id=run_dbt, execution_date=20251123T000000, start_date=20251124T074431, end_date=20251124T074435
[2025-11-24T07:44:35.267+0000] {standard_task_runner.py:107} ERROR - Failed to execute job 302 for task run_dbt (Bash command failed. The command returned a non-zero exit code 2.; 3950)
[2025-11-24T07:44:35.325+0000] {local_task_job_runner.py:234} INFO - Task exited with return code 1
[2025-11-24T07:44:35.356+0000] {taskinstance.py:3280} INFO - 0 downstream tasks scheduled from follow-on schedule check
