[2025-11-23T10:57:35.058+0000] {taskinstance.py:1956} INFO - Dependencies all met for dep_context=non-requeueable deps ti=<TaskInstance: fetch_data.run_dbt manual__2025-11-23T10:52:11.307113+00:00 [queued]>
[2025-11-23T10:57:35.065+0000] {taskinstance.py:1956} INFO - Dependencies all met for dep_context=requeueable deps ti=<TaskInstance: fetch_data.run_dbt manual__2025-11-23T10:52:11.307113+00:00 [queued]>
[2025-11-23T10:57:35.065+0000] {taskinstance.py:2170} INFO - Starting attempt 2 of 2
[2025-11-23T10:57:35.078+0000] {taskinstance.py:2191} INFO - Executing <Task(BashOperator): run_dbt> on 2025-11-23 10:52:11.307113+00:00
[2025-11-23T10:57:35.083+0000] {standard_task_runner.py:60} INFO - Started process 1182 to run task
[2025-11-23T10:57:35.088+0000] {standard_task_runner.py:87} INFO - Running: ['***', 'tasks', 'run', 'fetch_data', 'run_dbt', 'manual__2025-11-23T10:52:11.307113+00:00', '--job-id', '240', '--raw', '--subdir', 'DAGS_FOLDER/dag_one.py', '--cfg-path', '/tmp/tmpwpos8044']
[2025-11-23T10:57:35.090+0000] {standard_task_runner.py:88} INFO - Job 240: Subtask run_dbt
[2025-11-23T10:57:35.155+0000] {task_command.py:423} INFO - Running <TaskInstance: fetch_data.run_dbt manual__2025-11-23T10:52:11.307113+00:00 [running]> on host f77e6d069679
[2025-11-23T10:57:35.358+0000] {taskinstance.py:2480} INFO - Exporting env vars: AIRFLOW_CTX_DAG_OWNER='***' AIRFLOW_CTX_DAG_ID='fetch_data' AIRFLOW_CTX_TASK_ID='run_dbt' AIRFLOW_CTX_EXECUTION_DATE='2025-11-23T10:52:11.307113+00:00' AIRFLOW_CTX_TRY_NUMBER='2' AIRFLOW_CTX_DAG_RUN_ID='manual__2025-11-23T10:52:11.307113+00:00'
[2025-11-23T10:57:35.359+0000] {subprocess.py:63} INFO - Tmp dir root location: /tmp
[2025-11-23T10:57:35.360+0000] {subprocess.py:75} INFO - Running command: ['/usr/bin/bash', '-c', 'docker exec dbt dbt seed']
[2025-11-23T10:57:35.369+0000] {subprocess.py:86} INFO - Output:
[2025-11-23T10:57:36.479+0000] {subprocess.py:93} INFO - [0m10:57:36  Running with dbt=1.10.15
[2025-11-23T10:57:36.650+0000] {subprocess.py:93} INFO - [0m10:57:36  Registered adapter: clickhouse=1.9.6
[2025-11-23T10:57:36.776+0000] {subprocess.py:93} INFO - [0m10:57:36  Unable to do partial parsing because profile has changed
[2025-11-23T10:57:37.810+0000] {subprocess.py:93} INFO - [0m10:57:37  Encountered an error:
[2025-11-23T10:57:37.810+0000] {subprocess.py:93} INFO - Compilation Error
[2025-11-23T10:57:37.811+0000] {subprocess.py:93} INFO -   Model 'model.ulemiste_city_insights_dbt.stg_dim_date' (models/staging/stg_dim_date.sql) depends on a source named 'peopletraffic.bronze_infrared' which was not found
[2025-11-23T10:57:39.551+0000] {subprocess.py:97} INFO - Command exited with return code 2
[2025-11-23T10:57:39.565+0000] {taskinstance.py:2698} ERROR - Task failed with exception
Traceback (most recent call last):
  File "/home/airflow/.local/lib/python3.8/site-packages/airflow/models/taskinstance.py", line 433, in _execute_task
    result = execute_callable(context=context, **execute_callable_kwargs)
  File "/home/airflow/.local/lib/python3.8/site-packages/airflow/operators/bash.py", line 212, in execute
    raise AirflowException(
airflow.exceptions.AirflowException: Bash command failed. The command returned a non-zero exit code 2.
[2025-11-23T10:57:39.570+0000] {taskinstance.py:1138} INFO - Marking task as FAILED. dag_id=fetch_data, task_id=run_dbt, execution_date=20251123T105211, start_date=20251123T105735, end_date=20251123T105739
[2025-11-23T10:57:39.600+0000] {standard_task_runner.py:107} ERROR - Failed to execute job 240 for task run_dbt (Bash command failed. The command returned a non-zero exit code 2.; 1182)
[2025-11-23T10:57:39.656+0000] {local_task_job_runner.py:234} INFO - Task exited with return code 1
[2025-11-23T10:57:39.691+0000] {taskinstance.py:3280} INFO - 0 downstream tasks scheduled from follow-on schedule check
