[2025-11-25T11:24:24.846+0000] {processor.py:161} INFO - Started process (PID=1137) to work on /opt/airflow/dags/dbt_transforms.py
[2025-11-25T11:24:24.848+0000] {processor.py:830} INFO - Processing file /opt/airflow/dags/dbt_transforms.py for tasks to queue
[2025-11-25T11:24:24.850+0000] {logging_mixin.py:188} INFO - [2025-11-25T11:24:24.849+0000] {dagbag.py:538} INFO - Filling up the DagBag from /opt/airflow/dags/dbt_transforms.py
[2025-11-25T11:24:24.861+0000] {logging_mixin.py:188} INFO - [2025-11-25T11:24:24.859+0000] {dagbag.py:348} ERROR - Failed to import: /opt/airflow/dags/dbt_transforms.py
Traceback (most recent call last):
  File "/home/airflow/.local/lib/python3.8/site-packages/airflow/models/dagbag.py", line 344, in parse
    loader.exec_module(new_module)
  File "<frozen importlib._bootstrap_external>", line 843, in exec_module
  File "<frozen importlib._bootstrap>", line 219, in _call_with_frames_removed
  File "/opt/airflow/dags/dbt_transforms.py", line 4, in <module>
    from data_assets import CITIBIKE_TRIPS_DATASET, WEATHER_DATASET
ModuleNotFoundError: No module named 'data_assets'
[2025-11-25T11:24:24.861+0000] {processor.py:842} WARNING - No viable dags retrieved from /opt/airflow/dags/dbt_transforms.py
[2025-11-25T11:24:24.911+0000] {processor.py:183} INFO - Processing /opt/airflow/dags/dbt_transforms.py took 0.069 seconds
[2025-11-25T11:24:55.314+0000] {processor.py:161} INFO - Started process (PID=1225) to work on /opt/airflow/dags/dbt_transforms.py
[2025-11-25T11:24:55.315+0000] {processor.py:830} INFO - Processing file /opt/airflow/dags/dbt_transforms.py for tasks to queue
[2025-11-25T11:24:55.316+0000] {logging_mixin.py:188} INFO - [2025-11-25T11:24:55.316+0000] {dagbag.py:538} INFO - Filling up the DagBag from /opt/airflow/dags/dbt_transforms.py
[2025-11-25T11:24:55.320+0000] {logging_mixin.py:188} INFO - [2025-11-25T11:24:55.319+0000] {dagbag.py:348} ERROR - Failed to import: /opt/airflow/dags/dbt_transforms.py
Traceback (most recent call last):
  File "/home/airflow/.local/lib/python3.8/site-packages/airflow/models/dagbag.py", line 344, in parse
    loader.exec_module(new_module)
  File "<frozen importlib._bootstrap_external>", line 843, in exec_module
  File "<frozen importlib._bootstrap>", line 219, in _call_with_frames_removed
  File "/opt/airflow/dags/dbt_transforms.py", line 4, in <module>
    from data_assets import CITIBIKE_TRIPS_DATASET, WEATHER_DATASET
ModuleNotFoundError: No module named 'data_assets'
[2025-11-25T11:24:55.320+0000] {processor.py:842} WARNING - No viable dags retrieved from /opt/airflow/dags/dbt_transforms.py
[2025-11-25T11:24:55.354+0000] {processor.py:183} INFO - Processing /opt/airflow/dags/dbt_transforms.py took 0.042 seconds
[2025-11-25T11:25:25.815+0000] {processor.py:161} INFO - Started process (PID=1295) to work on /opt/airflow/dags/dbt_transforms.py
[2025-11-25T11:25:25.817+0000] {processor.py:830} INFO - Processing file /opt/airflow/dags/dbt_transforms.py for tasks to queue
[2025-11-25T11:25:25.817+0000] {logging_mixin.py:188} INFO - [2025-11-25T11:25:25.817+0000] {dagbag.py:538} INFO - Filling up the DagBag from /opt/airflow/dags/dbt_transforms.py
[2025-11-25T11:25:25.822+0000] {logging_mixin.py:188} INFO - [2025-11-25T11:25:25.821+0000] {dagbag.py:348} ERROR - Failed to import: /opt/airflow/dags/dbt_transforms.py
Traceback (most recent call last):
  File "/home/airflow/.local/lib/python3.8/site-packages/airflow/models/dagbag.py", line 344, in parse
    loader.exec_module(new_module)
  File "<frozen importlib._bootstrap_external>", line 843, in exec_module
  File "<frozen importlib._bootstrap>", line 219, in _call_with_frames_removed
  File "/opt/airflow/dags/dbt_transforms.py", line 4, in <module>
    from data_assets import CITIBIKE_TRIPS_DATASET, WEATHER_DATASET
ModuleNotFoundError: No module named 'data_assets'
[2025-11-25T11:25:25.822+0000] {processor.py:842} WARNING - No viable dags retrieved from /opt/airflow/dags/dbt_transforms.py
[2025-11-25T11:25:25.857+0000] {processor.py:183} INFO - Processing /opt/airflow/dags/dbt_transforms.py took 0.044 seconds
[2025-11-25T11:25:56.538+0000] {processor.py:161} INFO - Started process (PID=1342) to work on /opt/airflow/dags/dbt_transforms.py
[2025-11-25T11:25:56.540+0000] {processor.py:830} INFO - Processing file /opt/airflow/dags/dbt_transforms.py for tasks to queue
[2025-11-25T11:25:56.541+0000] {logging_mixin.py:188} INFO - [2025-11-25T11:25:56.541+0000] {dagbag.py:538} INFO - Filling up the DagBag from /opt/airflow/dags/dbt_transforms.py
[2025-11-25T11:25:56.551+0000] {logging_mixin.py:188} INFO - [2025-11-25T11:25:56.547+0000] {dagbag.py:348} ERROR - Failed to import: /opt/airflow/dags/dbt_transforms.py
Traceback (most recent call last):
  File "/home/airflow/.local/lib/python3.8/site-packages/airflow/models/dagbag.py", line 344, in parse
    loader.exec_module(new_module)
  File "<frozen importlib._bootstrap_external>", line 843, in exec_module
  File "<frozen importlib._bootstrap>", line 219, in _call_with_frames_removed
  File "/opt/airflow/dags/dbt_transforms.py", line 4, in <module>
    from data_assets import CITIBIKE_TRIPS_DATASET, WEATHER_DATASET
ModuleNotFoundError: No module named 'data_assets'
[2025-11-25T11:25:56.551+0000] {processor.py:842} WARNING - No viable dags retrieved from /opt/airflow/dags/dbt_transforms.py
[2025-11-25T11:25:56.602+0000] {processor.py:183} INFO - Processing /opt/airflow/dags/dbt_transforms.py took 0.067 seconds
[2025-11-25T11:26:27.270+0000] {processor.py:161} INFO - Started process (PID=1389) to work on /opt/airflow/dags/dbt_transforms.py
[2025-11-25T11:26:27.272+0000] {processor.py:830} INFO - Processing file /opt/airflow/dags/dbt_transforms.py for tasks to queue
[2025-11-25T11:26:27.273+0000] {logging_mixin.py:188} INFO - [2025-11-25T11:26:27.272+0000] {dagbag.py:538} INFO - Filling up the DagBag from /opt/airflow/dags/dbt_transforms.py
[2025-11-25T11:26:27.278+0000] {logging_mixin.py:188} INFO - [2025-11-25T11:26:27.277+0000] {dagbag.py:348} ERROR - Failed to import: /opt/airflow/dags/dbt_transforms.py
Traceback (most recent call last):
  File "/home/airflow/.local/lib/python3.8/site-packages/airflow/models/dagbag.py", line 344, in parse
    loader.exec_module(new_module)
  File "<frozen importlib._bootstrap_external>", line 843, in exec_module
  File "<frozen importlib._bootstrap>", line 219, in _call_with_frames_removed
  File "/opt/airflow/dags/dbt_transforms.py", line 4, in <module>
    from data_assets import CITIBIKE_TRIPS_DATASET, WEATHER_DATASET
ModuleNotFoundError: No module named 'data_assets'
[2025-11-25T11:26:27.279+0000] {processor.py:842} WARNING - No viable dags retrieved from /opt/airflow/dags/dbt_transforms.py
[2025-11-25T11:26:27.315+0000] {processor.py:183} INFO - Processing /opt/airflow/dags/dbt_transforms.py took 0.052 seconds
[2025-11-25T11:26:57.576+0000] {processor.py:161} INFO - Started process (PID=1415) to work on /opt/airflow/dags/dbt_transforms.py
[2025-11-25T11:26:57.577+0000] {processor.py:830} INFO - Processing file /opt/airflow/dags/dbt_transforms.py for tasks to queue
[2025-11-25T11:26:57.578+0000] {logging_mixin.py:188} INFO - [2025-11-25T11:26:57.578+0000] {dagbag.py:538} INFO - Filling up the DagBag from /opt/airflow/dags/dbt_transforms.py
[2025-11-25T11:26:57.582+0000] {logging_mixin.py:188} INFO - [2025-11-25T11:26:57.582+0000] {dagbag.py:348} ERROR - Failed to import: /opt/airflow/dags/dbt_transforms.py
Traceback (most recent call last):
  File "/home/airflow/.local/lib/python3.8/site-packages/airflow/models/dagbag.py", line 344, in parse
    loader.exec_module(new_module)
  File "<frozen importlib._bootstrap_external>", line 843, in exec_module
  File "<frozen importlib._bootstrap>", line 219, in _call_with_frames_removed
  File "/opt/airflow/dags/dbt_transforms.py", line 4, in <module>
    from data_assets import CITIBIKE_TRIPS_DATASET, WEATHER_DATASET
ModuleNotFoundError: No module named 'data_assets'
[2025-11-25T11:26:57.583+0000] {processor.py:842} WARNING - No viable dags retrieved from /opt/airflow/dags/dbt_transforms.py
[2025-11-25T11:26:57.613+0000] {processor.py:183} INFO - Processing /opt/airflow/dags/dbt_transforms.py took 0.040 seconds
[2025-11-25T11:27:27.869+0000] {processor.py:161} INFO - Started process (PID=1441) to work on /opt/airflow/dags/dbt_transforms.py
[2025-11-25T11:27:27.871+0000] {processor.py:830} INFO - Processing file /opt/airflow/dags/dbt_transforms.py for tasks to queue
[2025-11-25T11:27:27.872+0000] {logging_mixin.py:188} INFO - [2025-11-25T11:27:27.872+0000] {dagbag.py:538} INFO - Filling up the DagBag from /opt/airflow/dags/dbt_transforms.py
[2025-11-25T11:27:27.879+0000] {logging_mixin.py:188} INFO - [2025-11-25T11:27:27.878+0000] {dagbag.py:348} ERROR - Failed to import: /opt/airflow/dags/dbt_transforms.py
Traceback (most recent call last):
  File "/home/airflow/.local/lib/python3.8/site-packages/airflow/models/dagbag.py", line 344, in parse
    loader.exec_module(new_module)
  File "<frozen importlib._bootstrap_external>", line 843, in exec_module
  File "<frozen importlib._bootstrap>", line 219, in _call_with_frames_removed
  File "/opt/airflow/dags/dbt_transforms.py", line 4, in <module>
    from data_assets import CITIBIKE_TRIPS_DATASET, WEATHER_DATASET
ModuleNotFoundError: No module named 'data_assets'
[2025-11-25T11:27:27.879+0000] {processor.py:842} WARNING - No viable dags retrieved from /opt/airflow/dags/dbt_transforms.py
[2025-11-25T11:27:27.914+0000] {processor.py:183} INFO - Processing /opt/airflow/dags/dbt_transforms.py took 0.051 seconds
[2025-11-25T11:27:58.171+0000] {processor.py:161} INFO - Started process (PID=1467) to work on /opt/airflow/dags/dbt_transforms.py
[2025-11-25T11:27:58.172+0000] {processor.py:830} INFO - Processing file /opt/airflow/dags/dbt_transforms.py for tasks to queue
[2025-11-25T11:27:58.173+0000] {logging_mixin.py:188} INFO - [2025-11-25T11:27:58.173+0000] {dagbag.py:538} INFO - Filling up the DagBag from /opt/airflow/dags/dbt_transforms.py
[2025-11-25T11:27:58.179+0000] {logging_mixin.py:188} INFO - [2025-11-25T11:27:58.177+0000] {dagbag.py:348} ERROR - Failed to import: /opt/airflow/dags/dbt_transforms.py
Traceback (most recent call last):
  File "/home/airflow/.local/lib/python3.8/site-packages/airflow/models/dagbag.py", line 344, in parse
    loader.exec_module(new_module)
  File "<frozen importlib._bootstrap_external>", line 843, in exec_module
  File "<frozen importlib._bootstrap>", line 219, in _call_with_frames_removed
  File "/opt/airflow/dags/dbt_transforms.py", line 4, in <module>
    from data_assets import CITIBIKE_TRIPS_DATASET, WEATHER_DATASET
ModuleNotFoundError: No module named 'data_assets'
[2025-11-25T11:27:58.180+0000] {processor.py:842} WARNING - No viable dags retrieved from /opt/airflow/dags/dbt_transforms.py
[2025-11-25T11:27:58.211+0000] {processor.py:183} INFO - Processing /opt/airflow/dags/dbt_transforms.py took 0.045 seconds
[2025-11-25T11:28:28.475+0000] {processor.py:161} INFO - Started process (PID=1493) to work on /opt/airflow/dags/dbt_transforms.py
[2025-11-25T11:28:28.476+0000] {processor.py:830} INFO - Processing file /opt/airflow/dags/dbt_transforms.py for tasks to queue
[2025-11-25T11:28:28.477+0000] {logging_mixin.py:188} INFO - [2025-11-25T11:28:28.476+0000] {dagbag.py:538} INFO - Filling up the DagBag from /opt/airflow/dags/dbt_transforms.py
[2025-11-25T11:28:28.481+0000] {logging_mixin.py:188} INFO - [2025-11-25T11:28:28.480+0000] {dagbag.py:348} ERROR - Failed to import: /opt/airflow/dags/dbt_transforms.py
Traceback (most recent call last):
  File "/home/airflow/.local/lib/python3.8/site-packages/airflow/models/dagbag.py", line 344, in parse
    loader.exec_module(new_module)
  File "<frozen importlib._bootstrap_external>", line 843, in exec_module
  File "<frozen importlib._bootstrap>", line 219, in _call_with_frames_removed
  File "/opt/airflow/dags/dbt_transforms.py", line 4, in <module>
    from data_assets import CITIBIKE_TRIPS_DATASET, WEATHER_DATASET
ModuleNotFoundError: No module named 'data_assets'
[2025-11-25T11:28:28.481+0000] {processor.py:842} WARNING - No viable dags retrieved from /opt/airflow/dags/dbt_transforms.py
[2025-11-25T11:28:28.520+0000] {processor.py:183} INFO - Processing /opt/airflow/dags/dbt_transforms.py took 0.050 seconds
[2025-11-25T11:28:58.770+0000] {processor.py:161} INFO - Started process (PID=1519) to work on /opt/airflow/dags/dbt_transforms.py
[2025-11-25T11:28:58.771+0000] {processor.py:830} INFO - Processing file /opt/airflow/dags/dbt_transforms.py for tasks to queue
[2025-11-25T11:28:58.773+0000] {logging_mixin.py:188} INFO - [2025-11-25T11:28:58.772+0000] {dagbag.py:538} INFO - Filling up the DagBag from /opt/airflow/dags/dbt_transforms.py
[2025-11-25T11:28:58.777+0000] {logging_mixin.py:188} INFO - [2025-11-25T11:28:58.776+0000] {dagbag.py:348} ERROR - Failed to import: /opt/airflow/dags/dbt_transforms.py
Traceback (most recent call last):
  File "/home/airflow/.local/lib/python3.8/site-packages/airflow/models/dagbag.py", line 344, in parse
    loader.exec_module(new_module)
  File "<frozen importlib._bootstrap_external>", line 843, in exec_module
  File "<frozen importlib._bootstrap>", line 219, in _call_with_frames_removed
  File "/opt/airflow/dags/dbt_transforms.py", line 4, in <module>
    from data_assets import CITIBIKE_TRIPS_DATASET, WEATHER_DATASET
ModuleNotFoundError: No module named 'data_assets'
[2025-11-25T11:28:58.777+0000] {processor.py:842} WARNING - No viable dags retrieved from /opt/airflow/dags/dbt_transforms.py
[2025-11-25T11:28:58.807+0000] {processor.py:183} INFO - Processing /opt/airflow/dags/dbt_transforms.py took 0.040 seconds
[2025-11-25T11:29:00.808+0000] {processor.py:161} INFO - Started process (PID=1524) to work on /opt/airflow/dags/dbt_transforms.py
[2025-11-25T11:29:00.810+0000] {processor.py:830} INFO - Processing file /opt/airflow/dags/dbt_transforms.py for tasks to queue
[2025-11-25T11:29:00.813+0000] {logging_mixin.py:188} INFO - [2025-11-25T11:29:00.812+0000] {dagbag.py:538} INFO - Filling up the DagBag from /opt/airflow/dags/dbt_transforms.py
[2025-11-25T11:29:00.829+0000] {logging_mixin.py:188} INFO - [2025-11-25T11:29:00.824+0000] {dagbag.py:348} ERROR - Failed to import: /opt/airflow/dags/dbt_transforms.py
Traceback (most recent call last):
  File "/home/airflow/.local/lib/python3.8/site-packages/airflow/models/dagbag.py", line 344, in parse
    loader.exec_module(new_module)
  File "<frozen importlib._bootstrap_external>", line 843, in exec_module
  File "<frozen importlib._bootstrap>", line 219, in _call_with_frames_removed
  File "/opt/airflow/dags/dbt_transforms.py", line 4, in <module>
    from data_assets import BUILDING_DATASET, WEATHER_DATASET
ModuleNotFoundError: No module named 'data_assets'
[2025-11-25T11:29:00.830+0000] {processor.py:842} WARNING - No viable dags retrieved from /opt/airflow/dags/dbt_transforms.py
[2025-11-25T11:29:00.881+0000] {processor.py:183} INFO - Processing /opt/airflow/dags/dbt_transforms.py took 0.079 seconds
[2025-11-25T11:29:31.744+0000] {processor.py:161} INFO - Started process (PID=1615) to work on /opt/airflow/dags/dbt_transforms.py
[2025-11-25T11:29:31.745+0000] {processor.py:830} INFO - Processing file /opt/airflow/dags/dbt_transforms.py for tasks to queue
[2025-11-25T11:29:31.748+0000] {logging_mixin.py:188} INFO - [2025-11-25T11:29:31.747+0000] {dagbag.py:538} INFO - Filling up the DagBag from /opt/airflow/dags/dbt_transforms.py
[2025-11-25T11:29:31.755+0000] {logging_mixin.py:188} INFO - [2025-11-25T11:29:31.754+0000] {dagbag.py:348} ERROR - Failed to import: /opt/airflow/dags/dbt_transforms.py
Traceback (most recent call last):
  File "/home/airflow/.local/lib/python3.8/site-packages/airflow/models/dagbag.py", line 344, in parse
    loader.exec_module(new_module)
  File "<frozen importlib._bootstrap_external>", line 843, in exec_module
  File "<frozen importlib._bootstrap>", line 219, in _call_with_frames_removed
  File "/opt/airflow/dags/dbt_transforms.py", line 4, in <module>
    from data_assets import BUILDING_DATASET, WEATHER_DATASET
ModuleNotFoundError: No module named 'data_assets'
[2025-11-25T11:29:31.755+0000] {processor.py:842} WARNING - No viable dags retrieved from /opt/airflow/dags/dbt_transforms.py
[2025-11-25T11:29:31.799+0000] {processor.py:183} INFO - Processing /opt/airflow/dags/dbt_transforms.py took 0.061 seconds
[2025-11-25T11:30:01.849+0000] {processor.py:161} INFO - Started process (PID=1706) to work on /opt/airflow/dags/dbt_transforms.py
[2025-11-25T11:30:01.851+0000] {processor.py:830} INFO - Processing file /opt/airflow/dags/dbt_transforms.py for tasks to queue
[2025-11-25T11:30:01.853+0000] {logging_mixin.py:188} INFO - [2025-11-25T11:30:01.852+0000] {dagbag.py:538} INFO - Filling up the DagBag from /opt/airflow/dags/dbt_transforms.py
[2025-11-25T11:30:01.862+0000] {logging_mixin.py:188} INFO - [2025-11-25T11:30:01.861+0000] {dagbag.py:348} ERROR - Failed to import: /opt/airflow/dags/dbt_transforms.py
Traceback (most recent call last):
  File "/home/airflow/.local/lib/python3.8/site-packages/airflow/models/dagbag.py", line 344, in parse
    loader.exec_module(new_module)
  File "<frozen importlib._bootstrap_external>", line 843, in exec_module
  File "<frozen importlib._bootstrap>", line 219, in _call_with_frames_removed
  File "/opt/airflow/dags/dbt_transforms.py", line 4, in <module>
    from data_assets import BUILDING_DATASET, WEATHER_DATASET
ModuleNotFoundError: No module named 'data_assets'
[2025-11-25T11:30:01.863+0000] {processor.py:842} WARNING - No viable dags retrieved from /opt/airflow/dags/dbt_transforms.py
[2025-11-25T11:30:01.924+0000] {processor.py:183} INFO - Processing /opt/airflow/dags/dbt_transforms.py took 0.080 seconds
[2025-11-25T11:30:26.699+0000] {processor.py:161} INFO - Started process (PID=1732) to work on /opt/airflow/dags/dbt_transforms.py
[2025-11-25T11:30:26.703+0000] {processor.py:830} INFO - Processing file /opt/airflow/dags/dbt_transforms.py for tasks to queue
[2025-11-25T11:30:26.706+0000] {logging_mixin.py:188} INFO - [2025-11-25T11:30:26.705+0000] {dagbag.py:538} INFO - Filling up the DagBag from /opt/airflow/dags/dbt_transforms.py
[2025-11-25T11:30:26.728+0000] {logging_mixin.py:188} INFO - [2025-11-25T11:30:26.725+0000] {dagbag.py:348} ERROR - Failed to import: /opt/airflow/dags/dbt_transforms.py
Traceback (most recent call last):
  File "/home/airflow/.local/lib/python3.8/site-packages/airflow/models/dagbag.py", line 344, in parse
    loader.exec_module(new_module)
  File "<frozen importlib._bootstrap_external>", line 843, in exec_module
  File "<frozen importlib._bootstrap>", line 219, in _call_with_frames_removed
  File "/opt/airflow/dags/dbt_transforms.py", line 4, in <module>
    from data_assets import BUILDING_DATASET, WEATHER_DATASET
ModuleNotFoundError: No module named 'data_assets'
[2025-11-25T11:30:26.729+0000] {processor.py:842} WARNING - No viable dags retrieved from /opt/airflow/dags/dbt_transforms.py
[2025-11-25T11:30:26.764+0000] {processor.py:183} INFO - Processing /opt/airflow/dags/dbt_transforms.py took 0.079 seconds
[2025-11-25T11:30:57.020+0000] {processor.py:161} INFO - Started process (PID=1823) to work on /opt/airflow/dags/dbt_transforms.py
[2025-11-25T11:30:57.021+0000] {processor.py:830} INFO - Processing file /opt/airflow/dags/dbt_transforms.py for tasks to queue
[2025-11-25T11:30:57.023+0000] {logging_mixin.py:188} INFO - [2025-11-25T11:30:57.022+0000] {dagbag.py:538} INFO - Filling up the DagBag from /opt/airflow/dags/dbt_transforms.py
[2025-11-25T11:30:57.031+0000] {logging_mixin.py:188} INFO - [2025-11-25T11:30:57.030+0000] {dagbag.py:348} ERROR - Failed to import: /opt/airflow/dags/dbt_transforms.py
Traceback (most recent call last):
  File "/home/airflow/.local/lib/python3.8/site-packages/airflow/models/dagbag.py", line 344, in parse
    loader.exec_module(new_module)
  File "<frozen importlib._bootstrap_external>", line 843, in exec_module
  File "<frozen importlib._bootstrap>", line 219, in _call_with_frames_removed
  File "/opt/airflow/dags/dbt_transforms.py", line 4, in <module>
    from data_assets import BUILDING_DATASET, WEATHER_DATASET
ModuleNotFoundError: No module named 'data_assets'
[2025-11-25T11:30:57.031+0000] {processor.py:842} WARNING - No viable dags retrieved from /opt/airflow/dags/dbt_transforms.py
[2025-11-25T11:30:57.066+0000] {processor.py:183} INFO - Processing /opt/airflow/dags/dbt_transforms.py took 0.052 seconds
