[2025-11-21T12:30:51.776+0000] {taskinstance.py:1956} INFO - Dependencies all met for dep_context=non-requeueable deps ti=<TaskInstance: duckdb_to_iceberg_dynamic.create_and_append_iceberg manual__2025-11-21T12:30:47.792018+00:00 [queued]>
[2025-11-21T12:30:51.784+0000] {taskinstance.py:1956} INFO - Dependencies all met for dep_context=requeueable deps ti=<TaskInstance: duckdb_to_iceberg_dynamic.create_and_append_iceberg manual__2025-11-21T12:30:47.792018+00:00 [queued]>
[2025-11-21T12:30:51.785+0000] {taskinstance.py:2170} INFO - Starting attempt 1 of 1
[2025-11-21T12:30:51.797+0000] {taskinstance.py:2191} INFO - Executing <Task(PythonOperator): create_and_append_iceberg> on 2025-11-21 12:30:47.792018+00:00
[2025-11-21T12:30:51.801+0000] {standard_task_runner.py:60} INFO - Started process 22179 to run task
[2025-11-21T12:30:51.806+0000] {standard_task_runner.py:87} INFO - Running: ['***', 'tasks', 'run', 'duckdb_to_iceberg_dynamic', 'create_and_append_iceberg', 'manual__2025-11-21T12:30:47.792018+00:00', '--job-id', '107', '--raw', '--subdir', 'DAGS_FOLDER/dag_three.py', '--cfg-path', '/tmp/tmpab1bxnw1']
[2025-11-21T12:30:51.810+0000] {standard_task_runner.py:88} INFO - Job 107: Subtask create_and_append_iceberg
[2025-11-21T12:30:51.883+0000] {task_command.py:423} INFO - Running <TaskInstance: duckdb_to_iceberg_dynamic.create_and_append_iceberg manual__2025-11-21T12:30:47.792018+00:00 [running]> on host 5fa4049fde26
[2025-11-21T12:30:51.988+0000] {taskinstance.py:2480} INFO - Exporting env vars: AIRFLOW_CTX_DAG_OWNER='***' AIRFLOW_CTX_DAG_ID='duckdb_to_iceberg_dynamic' AIRFLOW_CTX_TASK_ID='create_and_append_iceberg' AIRFLOW_CTX_EXECUTION_DATE='2025-11-21T12:30:47.792018+00:00' AIRFLOW_CTX_TRY_NUMBER='1' AIRFLOW_CTX_DAG_RUN_ID='manual__2025-11-21T12:30:47.792018+00:00'
[2025-11-21T12:30:52.049+0000] {logging_mixin.py:188} INFO - Detected DuckDB tables: ['bronze_infrared', 'bronze_mobility', 'bronze_weather']
[2025-11-21T12:30:52.076+0000] {logging_mixin.py:188} INFO - Fetched table bronze_infrared from DuckDB
[2025-11-21T12:30:52.479+0000] {__init__.py:348} INFO - Defaulting to PyArrow FileIO
[2025-11-21T12:30:52.657+0000] {logging_mixin.py:188} INFO - Created Iceberg table: default.bronze_infrared
[2025-11-21T12:30:52.658+0000] {taskinstance.py:2698} ERROR - Task failed with exception
Traceback (most recent call last):
  File "/home/airflow/.local/lib/python3.8/site-packages/airflow/models/taskinstance.py", line 433, in _execute_task
    result = execute_callable(context=context, **execute_callable_kwargs)
  File "/home/airflow/.local/lib/python3.8/site-packages/airflow/operators/python.py", line 199, in execute
    return_value = self.execute_callable()
  File "/home/airflow/.local/lib/python3.8/site-packages/airflow/operators/python.py", line 216, in execute_callable
    return self.python_callable(*self.op_args, **self.op_kwargs)
  File "/opt/airflow/dags/dag_three.py", line 103, in create_and_append_iceberg
    append_op = table.new_append()
AttributeError: 'Table' object has no attribute 'new_append'
[2025-11-21T12:30:52.667+0000] {taskinstance.py:1138} INFO - Marking task as FAILED. dag_id=duckdb_to_iceberg_dynamic, task_id=create_and_append_iceberg, execution_date=20251121T123047, start_date=20251121T123051, end_date=20251121T123052
[2025-11-21T12:30:52.677+0000] {standard_task_runner.py:107} ERROR - Failed to execute job 107 for task create_and_append_iceberg ('Table' object has no attribute 'new_append'; 22179)
[2025-11-21T12:30:52.721+0000] {local_task_job_runner.py:234} INFO - Task exited with return code 1
[2025-11-21T12:30:52.743+0000] {taskinstance.py:3280} INFO - 0 downstream tasks scheduled from follow-on schedule check
