[2025-11-24T12:53:31.716+0000] {taskinstance.py:1956} INFO - Dependencies all met for dep_context=non-requeueable deps ti=<TaskInstance: fetch_data.run_dbt manual__2025-11-24T12:53:17.090687+00:00 [queued]>
[2025-11-24T12:53:31.727+0000] {taskinstance.py:1956} INFO - Dependencies all met for dep_context=requeueable deps ti=<TaskInstance: fetch_data.run_dbt manual__2025-11-24T12:53:17.090687+00:00 [queued]>
[2025-11-24T12:53:31.727+0000] {taskinstance.py:2170} INFO - Starting attempt 1 of 2
[2025-11-24T12:53:31.740+0000] {taskinstance.py:2191} INFO - Executing <Task(BashOperator): run_dbt> on 2025-11-24 12:53:17.090687+00:00
[2025-11-24T12:53:31.744+0000] {standard_task_runner.py:60} INFO - Started process 406 to run task
[2025-11-24T12:53:31.750+0000] {standard_task_runner.py:87} INFO - Running: ['***', 'tasks', 'run', 'fetch_data', 'run_dbt', 'manual__2025-11-24T12:53:17.090687+00:00', '--job-id', '352', '--raw', '--subdir', 'DAGS_FOLDER/dag_one.py', '--cfg-path', '/tmp/tmp7pcxoo0y']
[2025-11-24T12:53:31.752+0000] {standard_task_runner.py:88} INFO - Job 352: Subtask run_dbt
[2025-11-24T12:53:31.799+0000] {task_command.py:423} INFO - Running <TaskInstance: fetch_data.run_dbt manual__2025-11-24T12:53:17.090687+00:00 [running]> on host ff23f123a1a2
[2025-11-24T12:53:31.999+0000] {taskinstance.py:2480} INFO - Exporting env vars: AIRFLOW_CTX_DAG_OWNER='***' AIRFLOW_CTX_DAG_ID='fetch_data' AIRFLOW_CTX_TASK_ID='run_dbt' AIRFLOW_CTX_EXECUTION_DATE='2025-11-24T12:53:17.090687+00:00' AIRFLOW_CTX_TRY_NUMBER='1' AIRFLOW_CTX_DAG_RUN_ID='manual__2025-11-24T12:53:17.090687+00:00'
[2025-11-24T12:53:32.000+0000] {subprocess.py:63} INFO - Tmp dir root location: /tmp
[2025-11-24T12:53:32.001+0000] {subprocess.py:75} INFO - Running command: ['/usr/bin/bash', '-c', 'docker exec dbt dbt seed']
[2025-11-24T12:53:32.009+0000] {subprocess.py:86} INFO - Output:
[2025-11-24T12:53:33.441+0000] {subprocess.py:93} INFO - [0m12:53:33  Running with dbt=1.10.15
[2025-11-24T12:53:33.618+0000] {subprocess.py:93} INFO - [0m12:53:33  Registered adapter: clickhouse=1.9.6
[2025-11-24T12:53:33.743+0000] {subprocess.py:93} INFO - [0m12:53:33  Unable to do partial parsing because profile has changed
[2025-11-24T12:53:34.735+0000] {subprocess.py:93} INFO - [0m12:53:34  Encountered an error:
[2025-11-24T12:53:34.735+0000] {subprocess.py:93} INFO - Compilation Error
[2025-11-24T12:53:34.736+0000] {subprocess.py:93} INFO -   Model 'model.ulemiste_city_insights_dbt.dim_time' (models/marts/dim_time.sql) depends on a node named 'stg_dim_time' which was not found
[2025-11-24T12:53:35.560+0000] {subprocess.py:97} INFO - Command exited with return code 2
[2025-11-24T12:53:35.581+0000] {taskinstance.py:2698} ERROR - Task failed with exception
Traceback (most recent call last):
  File "/home/airflow/.local/lib/python3.8/site-packages/airflow/models/taskinstance.py", line 433, in _execute_task
    result = execute_callable(context=context, **execute_callable_kwargs)
  File "/home/airflow/.local/lib/python3.8/site-packages/airflow/operators/bash.py", line 212, in execute
    raise AirflowException(
airflow.exceptions.AirflowException: Bash command failed. The command returned a non-zero exit code 2.
[2025-11-24T12:53:35.586+0000] {taskinstance.py:1138} INFO - Marking task as UP_FOR_RETRY. dag_id=fetch_data, task_id=run_dbt, execution_date=20251124T125317, start_date=20251124T125331, end_date=20251124T125335
[2025-11-24T12:53:35.621+0000] {standard_task_runner.py:107} ERROR - Failed to execute job 352 for task run_dbt (Bash command failed. The command returned a non-zero exit code 2.; 406)
[2025-11-24T12:53:35.658+0000] {local_task_job_runner.py:234} INFO - Task exited with return code 1
[2025-11-24T12:53:35.746+0000] {taskinstance.py:3280} INFO - 0 downstream tasks scheduled from follow-on schedule check
