[2025-11-30T08:53:57.355+0000] {taskinstance.py:1956} INFO - Dependencies all met for dep_context=non-requeueable deps ti=<TaskInstance: fetch_data.run_dbt scheduled__2025-11-29T00:00:00+00:00 [queued]>
[2025-11-30T08:53:57.368+0000] {taskinstance.py:1956} INFO - Dependencies all met for dep_context=requeueable deps ti=<TaskInstance: fetch_data.run_dbt scheduled__2025-11-29T00:00:00+00:00 [queued]>
[2025-11-30T08:53:57.369+0000] {taskinstance.py:2170} INFO - Starting attempt 1 of 2
[2025-11-30T08:53:57.388+0000] {taskinstance.py:2191} INFO - Executing <Task(BashOperator): run_dbt> on 2025-11-29 00:00:00+00:00
[2025-11-30T08:53:57.394+0000] {standard_task_runner.py:60} INFO - Started process 18580 to run task
[2025-11-30T08:53:57.400+0000] {standard_task_runner.py:87} INFO - Running: ['***', 'tasks', 'run', 'fetch_data', 'run_dbt', 'scheduled__2025-11-29T00:00:00+00:00', '--job-id', '594', '--raw', '--subdir', 'DAGS_FOLDER/01_data_fetch_mkCHtbls.py', '--cfg-path', '/tmp/tmp0alexm7x']
[2025-11-30T08:53:57.403+0000] {standard_task_runner.py:88} INFO - Job 594: Subtask run_dbt
[2025-11-30T08:53:57.494+0000] {task_command.py:423} INFO - Running <TaskInstance: fetch_data.run_dbt scheduled__2025-11-29T00:00:00+00:00 [running]> on host 340b6c082ab9
[2025-11-30T08:53:57.901+0000] {taskinstance.py:2480} INFO - Exporting env vars: AIRFLOW_CTX_DAG_OWNER='***' AIRFLOW_CTX_DAG_ID='fetch_data' AIRFLOW_CTX_TASK_ID='run_dbt' AIRFLOW_CTX_EXECUTION_DATE='2025-11-29T00:00:00+00:00' AIRFLOW_CTX_TRY_NUMBER='1' AIRFLOW_CTX_DAG_RUN_ID='scheduled__2025-11-29T00:00:00+00:00'
[2025-11-30T08:53:57.904+0000] {subprocess.py:63} INFO - Tmp dir root location: /tmp
[2025-11-30T08:53:57.905+0000] {subprocess.py:75} INFO - Running command: ['/usr/bin/bash', '-c', 'docker exec dbt dbt run']
[2025-11-30T08:53:57.923+0000] {subprocess.py:86} INFO - Output:
[2025-11-30T08:53:59.852+0000] {subprocess.py:93} INFO - [0m08:53:59  Running with dbt=1.10.15
[2025-11-30T08:54:00.158+0000] {subprocess.py:93} INFO - [0m08:54:00  Registered adapter: clickhouse=1.9.6
[2025-11-30T08:54:00.374+0000] {subprocess.py:93} INFO - [0m08:54:00  [[33mWARNING[0m]: Configuration paths exist in your dbt_project.yml file which do not apply to any resources.
[2025-11-30T08:54:00.375+0000] {subprocess.py:93} INFO - There are 1 unused configuration paths:
[2025-11-30T08:54:00.376+0000] {subprocess.py:93} INFO - - models.peopletraffic.silver
[2025-11-30T08:54:00.590+0000] {subprocess.py:93} INFO - [0m08:54:00  Found 7 models, 15 data tests, 2 sources, 485 macros
[2025-11-30T08:54:00.596+0000] {subprocess.py:93} INFO - [0m08:54:00
[2025-11-30T08:54:00.597+0000] {subprocess.py:93} INFO - [0m08:54:00  Concurrency: 1 threads (target='dev')
[2025-11-30T08:54:00.597+0000] {subprocess.py:93} INFO - [0m08:54:00
[2025-11-30T08:54:01.288+0000] {subprocess.py:93} INFO - [0m08:54:01  1 of 7 START sql incremental model `default_gold`.`dim_time` ................... [RUN]
[2025-11-30T08:54:01.534+0000] {subprocess.py:93} INFO - [0m08:54:01  1 of 7 OK created sql incremental model `default_gold`.`dim_time` .............. [[32mOK[0m in 0.24s]
[2025-11-30T08:54:01.537+0000] {subprocess.py:93} INFO - [0m08:54:01  2 of 7 START sql view model `default_bronze`.`stg_dim_building` ................ [RUN]
[2025-11-30T08:54:01.636+0000] {subprocess.py:93} INFO - [0m08:54:01  2 of 7 OK created sql view model `default_bronze`.`stg_dim_building` ........... [[32mOK[0m in 0.10s]
[2025-11-30T08:54:01.643+0000] {subprocess.py:93} INFO - [0m08:54:01  3 of 7 START sql view model `default_bronze`.`stg_dim_weather` ................. [RUN]
[2025-11-30T08:54:01.693+0000] {subprocess.py:93} INFO - [0m08:54:01  3 of 7 OK created sql view model `default_bronze`.`stg_dim_weather` ............ [[32mOK[0m in 0.05s]
[2025-11-30T08:54:01.696+0000] {subprocess.py:93} INFO - [0m08:54:01  4 of 7 START sql incremental model `default_gold`.`dim_building` ............... [RUN]
[2025-11-30T08:54:01.844+0000] {subprocess.py:93} INFO - [0m08:54:01  4 of 7 OK created sql incremental model `default_gold`.`dim_building` .......... [[32mOK[0m in 0.15s]
[2025-11-30T08:54:01.846+0000] {subprocess.py:93} INFO - [0m08:54:01  5 of 7 START sql incremental model `default_gold`.`dim_date` ................... [RUN]
[2025-11-30T08:54:01.920+0000] {subprocess.py:93} INFO - [0m08:54:01  5 of 7 OK created sql incremental model `default_gold`.`dim_date` .............. [[32mOK[0m in 0.07s]
[2025-11-30T08:54:01.930+0000] {subprocess.py:93} INFO - [0m08:54:01  6 of 7 START sql incremental model `default_gold`.`dim_weather` ................ [RUN]
[2025-11-30T08:54:02.007+0000] {subprocess.py:93} INFO - [0m08:54:02  6 of 7 OK created sql incremental model `default_gold`.`dim_weather` ........... [[32mOK[0m in 0.07s]
[2025-11-30T08:54:02.014+0000] {subprocess.py:93} INFO - [0m08:54:02  7 of 7 START sql incremental model `default_gold`.`fact_people_traffic` ........ [RUN]
[2025-11-30T08:54:02.094+0000] {subprocess.py:93} INFO - [0m08:54:02  7 of 7 OK created sql incremental model `default_gold`.`fact_people_traffic` ... [[32mOK[0m in 0.08s]
[2025-11-30T08:54:02.102+0000] {subprocess.py:93} INFO - [0m08:54:02
[2025-11-30T08:54:02.103+0000] {subprocess.py:93} INFO - [0m08:54:02  Finished running 5 incremental models, 2 view models in 0 hours 0 minutes and 1.50 seconds (1.50s).
[2025-11-30T08:54:02.193+0000] {subprocess.py:93} INFO - [0m08:54:02
[2025-11-30T08:54:02.194+0000] {subprocess.py:93} INFO - [0m08:54:02  [32mCompleted successfully[0m
[2025-11-30T08:54:02.195+0000] {subprocess.py:93} INFO - [0m08:54:02
[2025-11-30T08:54:02.196+0000] {subprocess.py:93} INFO - [0m08:54:02  Done. PASS=7 WARN=0 ERROR=0 SKIP=0 NO-OP=0 TOTAL=7
[2025-11-30T08:54:04.343+0000] {subprocess.py:97} INFO - Command exited with return code 0
[2025-11-30T08:54:04.401+0000] {taskinstance.py:1138} INFO - Marking task as SUCCESS. dag_id=fetch_data, task_id=run_dbt, execution_date=20251129T000000, start_date=20251130T085357, end_date=20251130T085404
[2025-11-30T08:54:04.440+0000] {local_task_job_runner.py:234} INFO - Task exited with return code 0
[2025-11-30T08:54:04.469+0000] {taskinstance.py:3280} INFO - 0 downstream tasks scheduled from follow-on schedule check
