[2025-11-25T10:51:25.107+0000] {taskinstance.py:1956} INFO - Dependencies all met for dep_context=non-requeueable deps ti=<TaskInstance: fetch_data.run_create_tables scheduled__2025-11-24T00:00:00+00:00 [queued]>
[2025-11-25T10:51:25.114+0000] {taskinstance.py:1956} INFO - Dependencies all met for dep_context=requeueable deps ti=<TaskInstance: fetch_data.run_create_tables scheduled__2025-11-24T00:00:00+00:00 [queued]>
[2025-11-25T10:51:25.114+0000] {taskinstance.py:2170} INFO - Starting attempt 1 of 2
[2025-11-25T10:51:25.127+0000] {taskinstance.py:2191} INFO - Executing <Task(BashOperator): run_create_tables> on 2025-11-24 00:00:00+00:00
[2025-11-25T10:51:25.131+0000] {standard_task_runner.py:60} INFO - Started process 1771 to run task
[2025-11-25T10:51:25.137+0000] {standard_task_runner.py:87} INFO - Running: ['***', 'tasks', 'run', 'fetch_data', 'run_create_tables', 'scheduled__2025-11-24T00:00:00+00:00', '--job-id', '407', '--raw', '--subdir', 'DAGS_FOLDER/dag_one.py', '--cfg-path', '/tmp/tmpixmb2tqo']
[2025-11-25T10:51:25.139+0000] {standard_task_runner.py:88} INFO - Job 407: Subtask run_create_tables
[2025-11-25T10:51:25.194+0000] {task_command.py:423} INFO - Running <TaskInstance: fetch_data.run_create_tables scheduled__2025-11-24T00:00:00+00:00 [running]> on host e243512bdaab
[2025-11-25T10:51:25.422+0000] {taskinstance.py:2480} INFO - Exporting env vars: AIRFLOW_CTX_DAG_OWNER='***' AIRFLOW_CTX_DAG_ID='fetch_data' AIRFLOW_CTX_TASK_ID='run_create_tables' AIRFLOW_CTX_EXECUTION_DATE='2025-11-24T00:00:00+00:00' AIRFLOW_CTX_TRY_NUMBER='1' AIRFLOW_CTX_DAG_RUN_ID='scheduled__2025-11-24T00:00:00+00:00'
[2025-11-25T10:51:25.424+0000] {subprocess.py:63} INFO - Tmp dir root location: /tmp
[2025-11-25T10:51:25.425+0000] {subprocess.py:75} INFO - Running command: ['/usr/bin/bash', '-c', 'docker exec clickhouse-server clickhouse-client --multiquery --queries-file=/sql/01_create_DB_and_tables.sql']
[2025-11-25T10:51:25.434+0000] {subprocess.py:86} INFO - Output:
[2025-11-25T10:51:25.614+0000] {subprocess.py:97} INFO - Command exited with return code 0
[2025-11-25T10:51:25.648+0000] {taskinstance.py:1138} INFO - Marking task as SUCCESS. dag_id=fetch_data, task_id=run_create_tables, execution_date=20251124T000000, start_date=20251125T105125, end_date=20251125T105125
[2025-11-25T10:51:25.682+0000] {local_task_job_runner.py:234} INFO - Task exited with return code 0
[2025-11-25T10:51:25.707+0000] {taskinstance.py:3280} INFO - 1 downstream tasks scheduled from follow-on schedule check
[2025-11-25T11:35:42.371+0000] {taskinstance.py:1956} INFO - Dependencies all met for dep_context=non-requeueable deps ti=<TaskInstance: fetch_data.run_create_tables scheduled__2025-11-24T00:00:00+00:00 [queued]>
[2025-11-25T11:35:42.381+0000] {taskinstance.py:1956} INFO - Dependencies all met for dep_context=requeueable deps ti=<TaskInstance: fetch_data.run_create_tables scheduled__2025-11-24T00:00:00+00:00 [queued]>
[2025-11-25T11:35:42.381+0000] {taskinstance.py:2170} INFO - Starting attempt 1 of 2
[2025-11-25T11:35:42.405+0000] {taskinstance.py:2191} INFO - Executing <Task(BashOperator): run_create_tables> on 2025-11-24 00:00:00+00:00
[2025-11-25T11:35:42.412+0000] {standard_task_runner.py:60} INFO - Started process 2783 to run task
[2025-11-25T11:35:42.414+0000] {standard_task_runner.py:87} INFO - Running: ['***', 'tasks', 'run', 'fetch_data', 'run_create_tables', 'scheduled__2025-11-24T00:00:00+00:00', '--job-id', '444', '--raw', '--subdir', 'DAGS_FOLDER/01_data_fetch_mkCHtbls.py', '--cfg-path', '/tmp/tmpew34l5px']
[2025-11-25T11:35:42.416+0000] {standard_task_runner.py:88} INFO - Job 444: Subtask run_create_tables
[2025-11-25T11:35:42.493+0000] {task_command.py:423} INFO - Running <TaskInstance: fetch_data.run_create_tables scheduled__2025-11-24T00:00:00+00:00 [running]> on host 421e567693d1
[2025-11-25T11:35:42.738+0000] {taskinstance.py:2480} INFO - Exporting env vars: AIRFLOW_CTX_DAG_OWNER='***' AIRFLOW_CTX_DAG_ID='fetch_data' AIRFLOW_CTX_TASK_ID='run_create_tables' AIRFLOW_CTX_EXECUTION_DATE='2025-11-24T00:00:00+00:00' AIRFLOW_CTX_TRY_NUMBER='1' AIRFLOW_CTX_DAG_RUN_ID='scheduled__2025-11-24T00:00:00+00:00'
[2025-11-25T11:35:42.739+0000] {subprocess.py:63} INFO - Tmp dir root location: /tmp
[2025-11-25T11:35:42.740+0000] {subprocess.py:75} INFO - Running command: ['/usr/bin/bash', '-c', 'docker exec clickhouse-server clickhouse-client --multiquery --queries-file=/sql/01_create_DB_and_tables.sql']
[2025-11-25T11:35:42.750+0000] {subprocess.py:86} INFO - Output:
[2025-11-25T11:35:42.907+0000] {subprocess.py:93} INFO - Received exception from server (version 25.10.2):
[2025-11-25T11:35:42.908+0000] {subprocess.py:93} INFO - Code: 57. DB::Exception: Received from localhost:9000. DB::Exception: Table peopletraffic.raw_Building already exists. (TABLE_ALREADY_EXISTS)
[2025-11-25T11:35:42.909+0000] {subprocess.py:93} INFO - (query: CREATE TABLE peopletraffic.raw_Building (
[2025-11-25T11:35:42.909+0000] {subprocess.py:93} INFO - 	timestamp	DateTime64(3),
[2025-11-25T11:35:42.909+0000] {subprocess.py:93} INFO - 	name	String,
[2025-11-25T11:35:42.909+0000] {subprocess.py:93} INFO -     out   UInt8,
[2025-11-25T11:35:42.909+0000] {subprocess.py:93} INFO -     in    UInt8,
[2025-11-25T11:35:42.909+0000] {subprocess.py:93} INFO -     loaded_at DateTime DEFAULT now()
[2025-11-25T11:35:42.910+0000] {subprocess.py:93} INFO - ) ENGINE = ReplacingMergeTree(loaded_at)
[2025-11-25T11:35:42.910+0000] {subprocess.py:93} INFO - PARTITION BY toYYYYMM(timestamp)
[2025-11-25T11:35:42.910+0000] {subprocess.py:93} INFO - ORDER BY (timestamp);)
[2025-11-25T11:35:42.922+0000] {subprocess.py:97} INFO - Command exited with return code 57
[2025-11-25T11:35:42.938+0000] {taskinstance.py:2698} ERROR - Task failed with exception
Traceback (most recent call last):
  File "/home/airflow/.local/lib/python3.8/site-packages/airflow/models/taskinstance.py", line 433, in _execute_task
    result = execute_callable(context=context, **execute_callable_kwargs)
  File "/home/airflow/.local/lib/python3.8/site-packages/airflow/operators/bash.py", line 212, in execute
    raise AirflowException(
airflow.exceptions.AirflowException: Bash command failed. The command returned a non-zero exit code 57.
[2025-11-25T11:35:42.944+0000] {taskinstance.py:1138} INFO - Marking task as UP_FOR_RETRY. dag_id=fetch_data, task_id=run_create_tables, execution_date=20251124T000000, start_date=20251125T113542, end_date=20251125T113542
[2025-11-25T11:35:42.964+0000] {standard_task_runner.py:107} ERROR - Failed to execute job 444 for task run_create_tables (Bash command failed. The command returned a non-zero exit code 57.; 2783)
[2025-11-25T11:35:43.005+0000] {local_task_job_runner.py:234} INFO - Task exited with return code 1
[2025-11-25T11:35:43.025+0000] {taskinstance.py:3280} INFO - 0 downstream tasks scheduled from follow-on schedule check
