[2025-11-25T07:24:50.726+0000] {taskinstance.py:1956} INFO - Dependencies all met for dep_context=non-requeueable deps ti=<TaskInstance: fetch_data.run_dbt scheduled__2025-11-24T00:00:00+00:00 [queued]>
[2025-11-25T07:24:50.734+0000] {taskinstance.py:1956} INFO - Dependencies all met for dep_context=requeueable deps ti=<TaskInstance: fetch_data.run_dbt scheduled__2025-11-24T00:00:00+00:00 [queued]>
[2025-11-25T07:24:50.734+0000] {taskinstance.py:2170} INFO - Starting attempt 1 of 2
[2025-11-25T07:24:50.747+0000] {taskinstance.py:2191} INFO - Executing <Task(BashOperator): run_dbt> on 2025-11-24 00:00:00+00:00
[2025-11-25T07:24:50.752+0000] {standard_task_runner.py:60} INFO - Started process 323 to run task
[2025-11-25T07:24:50.755+0000] {standard_task_runner.py:87} INFO - Running: ['***', 'tasks', 'run', 'fetch_data', 'run_dbt', 'scheduled__2025-11-24T00:00:00+00:00', '--job-id', '374', '--raw', '--subdir', 'DAGS_FOLDER/dag_one.py', '--cfg-path', '/tmp/tmpnzumirpw']
[2025-11-25T07:24:50.756+0000] {standard_task_runner.py:88} INFO - Job 374: Subtask run_dbt
[2025-11-25T07:24:50.811+0000] {task_command.py:423} INFO - Running <TaskInstance: fetch_data.run_dbt scheduled__2025-11-24T00:00:00+00:00 [running]> on host d0d6cfb0728d
[2025-11-25T07:24:51.111+0000] {taskinstance.py:2480} INFO - Exporting env vars: AIRFLOW_CTX_DAG_OWNER='***' AIRFLOW_CTX_DAG_ID='fetch_data' AIRFLOW_CTX_TASK_ID='run_dbt' AIRFLOW_CTX_EXECUTION_DATE='2025-11-24T00:00:00+00:00' AIRFLOW_CTX_TRY_NUMBER='1' AIRFLOW_CTX_DAG_RUN_ID='scheduled__2025-11-24T00:00:00+00:00'
[2025-11-25T07:24:51.114+0000] {subprocess.py:63} INFO - Tmp dir root location: /tmp
[2025-11-25T07:24:51.115+0000] {subprocess.py:75} INFO - Running command: ['/usr/bin/bash', '-c', 'docker exec dbt dbt seed']
[2025-11-25T07:24:51.130+0000] {subprocess.py:86} INFO - Output:
[2025-11-25T07:24:52.680+0000] {subprocess.py:93} INFO - [0m07:24:52  Running with dbt=1.10.15
[2025-11-25T07:24:52.876+0000] {subprocess.py:93} INFO - [0m07:24:52  Registered adapter: clickhouse=1.9.6
[2025-11-25T07:24:52.994+0000] {subprocess.py:93} INFO - [0m07:24:52  Unable to do partial parsing because profile has changed
[2025-11-25T07:24:53.941+0000] {subprocess.py:93} INFO - [0m07:24:53  Encountered an error:
[2025-11-25T07:24:53.941+0000] {subprocess.py:93} INFO - Compilation Error
[2025-11-25T07:24:53.941+0000] {subprocess.py:93} INFO -   Model 'model.ulemiste_city_insights_dbt.dim_time' (models/marts/dim_time.sql) depends on a node named 'stg_dim_time' which was not found
[2025-11-25T07:24:54.763+0000] {subprocess.py:97} INFO - Command exited with return code 2
[2025-11-25T07:24:54.776+0000] {taskinstance.py:2698} ERROR - Task failed with exception
Traceback (most recent call last):
  File "/home/airflow/.local/lib/python3.8/site-packages/airflow/models/taskinstance.py", line 433, in _execute_task
    result = execute_callable(context=context, **execute_callable_kwargs)
  File "/home/airflow/.local/lib/python3.8/site-packages/airflow/operators/bash.py", line 212, in execute
    raise AirflowException(
airflow.exceptions.AirflowException: Bash command failed. The command returned a non-zero exit code 2.
[2025-11-25T07:24:54.779+0000] {taskinstance.py:1138} INFO - Marking task as UP_FOR_RETRY. dag_id=fetch_data, task_id=run_dbt, execution_date=20251124T000000, start_date=20251125T072450, end_date=20251125T072454
[2025-11-25T07:24:54.802+0000] {standard_task_runner.py:107} ERROR - Failed to execute job 374 for task run_dbt (Bash command failed. The command returned a non-zero exit code 2.; 323)
[2025-11-25T07:24:54.830+0000] {local_task_job_runner.py:234} INFO - Task exited with return code 1
[2025-11-25T07:24:54.871+0000] {taskinstance.py:3280} INFO - 0 downstream tasks scheduled from follow-on schedule check
