[2025-11-25T07:29:58.520+0000] {taskinstance.py:1956} INFO - Dependencies all met for dep_context=non-requeueable deps ti=<TaskInstance: fetch_data.run_dbt scheduled__2025-11-24T00:00:00+00:00 [queued]>
[2025-11-25T07:29:58.528+0000] {taskinstance.py:1956} INFO - Dependencies all met for dep_context=requeueable deps ti=<TaskInstance: fetch_data.run_dbt scheduled__2025-11-24T00:00:00+00:00 [queued]>
[2025-11-25T07:29:58.528+0000] {taskinstance.py:2170} INFO - Starting attempt 2 of 2
[2025-11-25T07:29:58.540+0000] {taskinstance.py:2191} INFO - Executing <Task(BashOperator): run_dbt> on 2025-11-24 00:00:00+00:00
[2025-11-25T07:29:58.543+0000] {standard_task_runner.py:60} INFO - Started process 1236 to run task
[2025-11-25T07:29:58.548+0000] {standard_task_runner.py:87} INFO - Running: ['***', 'tasks', 'run', 'fetch_data', 'run_dbt', 'scheduled__2025-11-24T00:00:00+00:00', '--job-id', '375', '--raw', '--subdir', 'DAGS_FOLDER/dag_one.py', '--cfg-path', '/tmp/tmptb8dm066']
[2025-11-25T07:29:58.550+0000] {standard_task_runner.py:88} INFO - Job 375: Subtask run_dbt
[2025-11-25T07:29:58.604+0000] {task_command.py:423} INFO - Running <TaskInstance: fetch_data.run_dbt scheduled__2025-11-24T00:00:00+00:00 [running]> on host d0d6cfb0728d
[2025-11-25T07:29:58.833+0000] {taskinstance.py:2480} INFO - Exporting env vars: AIRFLOW_CTX_DAG_OWNER='***' AIRFLOW_CTX_DAG_ID='fetch_data' AIRFLOW_CTX_TASK_ID='run_dbt' AIRFLOW_CTX_EXECUTION_DATE='2025-11-24T00:00:00+00:00' AIRFLOW_CTX_TRY_NUMBER='2' AIRFLOW_CTX_DAG_RUN_ID='scheduled__2025-11-24T00:00:00+00:00'
[2025-11-25T07:29:58.836+0000] {subprocess.py:63} INFO - Tmp dir root location: /tmp
[2025-11-25T07:29:58.837+0000] {subprocess.py:75} INFO - Running command: ['/usr/bin/bash', '-c', 'docker exec dbt dbt seed']
[2025-11-25T07:29:58.847+0000] {subprocess.py:86} INFO - Output:
[2025-11-25T07:29:59.958+0000] {subprocess.py:93} INFO - [0m07:29:59  Running with dbt=1.10.15
[2025-11-25T07:30:00.124+0000] {subprocess.py:93} INFO - [0m07:30:00  Registered adapter: clickhouse=1.9.6
[2025-11-25T07:30:00.241+0000] {subprocess.py:93} INFO - [0m07:30:00  Unable to do partial parsing because profile has changed
[2025-11-25T07:30:01.198+0000] {subprocess.py:93} INFO - [0m07:30:01  Encountered an error:
[2025-11-25T07:30:01.199+0000] {subprocess.py:93} INFO - Compilation Error
[2025-11-25T07:30:01.199+0000] {subprocess.py:93} INFO -   Model 'model.ulemiste_city_insights_dbt.dim_time' (models/marts/dim_time.sql) depends on a node named 'stg_dim_time' which was not found
[2025-11-25T07:30:02.042+0000] {subprocess.py:97} INFO - Command exited with return code 2
[2025-11-25T07:30:02.055+0000] {taskinstance.py:2698} ERROR - Task failed with exception
Traceback (most recent call last):
  File "/home/airflow/.local/lib/python3.8/site-packages/airflow/models/taskinstance.py", line 433, in _execute_task
    result = execute_callable(context=context, **execute_callable_kwargs)
  File "/home/airflow/.local/lib/python3.8/site-packages/airflow/operators/bash.py", line 212, in execute
    raise AirflowException(
airflow.exceptions.AirflowException: Bash command failed. The command returned a non-zero exit code 2.
[2025-11-25T07:30:02.058+0000] {taskinstance.py:1138} INFO - Marking task as FAILED. dag_id=fetch_data, task_id=run_dbt, execution_date=20251124T000000, start_date=20251125T072958, end_date=20251125T073002
[2025-11-25T07:30:02.079+0000] {standard_task_runner.py:107} ERROR - Failed to execute job 375 for task run_dbt (Bash command failed. The command returned a non-zero exit code 2.; 1236)
[2025-11-25T07:30:02.128+0000] {local_task_job_runner.py:234} INFO - Task exited with return code 1
[2025-11-25T07:30:02.175+0000] {taskinstance.py:3280} INFO - 0 downstream tasks scheduled from follow-on schedule check
