[2025-11-25T11:02:16.834+0000] {taskinstance.py:1956} INFO - Dependencies all met for dep_context=non-requeueable deps ti=<TaskInstance: fetch_data.run_load_queries manual__2025-11-25T11:02:00.461809+00:00 [queued]>
[2025-11-25T11:02:16.847+0000] {taskinstance.py:1956} INFO - Dependencies all met for dep_context=requeueable deps ti=<TaskInstance: fetch_data.run_load_queries manual__2025-11-25T11:02:00.461809+00:00 [queued]>
[2025-11-25T11:02:16.848+0000] {taskinstance.py:2170} INFO - Starting attempt 1 of 2
[2025-11-25T11:02:16.864+0000] {taskinstance.py:2191} INFO - Executing <Task(BashOperator): run_load_queries> on 2025-11-25 11:02:00.461809+00:00
[2025-11-25T11:02:16.868+0000] {standard_task_runner.py:60} INFO - Started process 4060 to run task
[2025-11-25T11:02:16.871+0000] {standard_task_runner.py:87} INFO - Running: ['***', 'tasks', 'run', 'fetch_data', 'run_load_queries', 'manual__2025-11-25T11:02:00.461809+00:00', '--job-id', '422', '--raw', '--subdir', 'DAGS_FOLDER/dag_one.py', '--cfg-path', '/tmp/tmp9xtutnh3']
[2025-11-25T11:02:16.872+0000] {standard_task_runner.py:88} INFO - Job 422: Subtask run_load_queries
[2025-11-25T11:02:16.927+0000] {task_command.py:423} INFO - Running <TaskInstance: fetch_data.run_load_queries manual__2025-11-25T11:02:00.461809+00:00 [running]> on host e243512bdaab
[2025-11-25T11:02:17.140+0000] {taskinstance.py:2480} INFO - Exporting env vars: AIRFLOW_CTX_DAG_OWNER='***' AIRFLOW_CTX_DAG_ID='fetch_data' AIRFLOW_CTX_TASK_ID='run_load_queries' AIRFLOW_CTX_EXECUTION_DATE='2025-11-25T11:02:00.461809+00:00' AIRFLOW_CTX_TRY_NUMBER='1' AIRFLOW_CTX_DAG_RUN_ID='manual__2025-11-25T11:02:00.461809+00:00'
[2025-11-25T11:02:17.141+0000] {subprocess.py:63} INFO - Tmp dir root location: /tmp
[2025-11-25T11:02:17.142+0000] {subprocess.py:75} INFO - Running command: ['/usr/bin/bash', '-c', 'docker exec clickhouse-server clickhouse-client --multiquery --queries-file=/sql/02_load_data_from_csv.sql']
[2025-11-25T11:02:17.156+0000] {subprocess.py:86} INFO - Output:
[2025-11-25T11:02:17.267+0000] {subprocess.py:93} INFO - Received exception from server (version 25.10.2):
[2025-11-25T11:02:17.268+0000] {subprocess.py:93} INFO - Code: 291. DB::Exception: Received from localhost:9000. DB::Exception: File `/var/lib/clickhouse/dbt/seeds/bronze_infrared.csv` is not inside `/var/lib/clickhouse/user_files`. (DATABASE_ACCESS_DENIED)
[2025-11-25T11:02:17.268+0000] {subprocess.py:93} INFO - (query: -- ========== Dimensions ==========
[2025-11-25T11:02:17.268+0000] {subprocess.py:93} INFO - 
[2025-11-25T11:02:17.269+0000] {subprocess.py:93} INFO - INSERT INTO peopletraffic.raw_Building
[2025-11-25T11:02:17.269+0000] {subprocess.py:93} INFO - (
[2025-11-25T11:02:17.269+0000] {subprocess.py:93} INFO - timestamp,
[2025-11-25T11:02:17.270+0000] {subprocess.py:93} INFO - 	name,
[2025-11-25T11:02:17.271+0000] {subprocess.py:93} INFO -     out,
[2025-11-25T11:02:17.271+0000] {subprocess.py:93} INFO -     in
[2025-11-25T11:02:17.272+0000] {subprocess.py:93} INFO - )
[2025-11-25T11:02:17.272+0000] {subprocess.py:93} INFO - 
[2025-11-25T11:02:17.272+0000] {subprocess.py:93} INFO - SELECT
[2025-11-25T11:02:17.273+0000] {subprocess.py:93} INFO -     toDateTime(timestamp),
[2025-11-25T11:02:17.273+0000] {subprocess.py:93} INFO -     toString(name),
[2025-11-25T11:02:17.273+0000] {subprocess.py:93} INFO -     toUInt8(out),
[2025-11-25T11:02:17.273+0000] {subprocess.py:93} INFO -     toUInt8(in)
[2025-11-25T11:02:17.274+0000] {subprocess.py:93} INFO - FROM file('../dbt/seeds/bronze_infrared.csv', 'CSVWithNames');)
[2025-11-25T11:02:17.287+0000] {subprocess.py:97} INFO - Command exited with return code 35
[2025-11-25T11:02:17.310+0000] {taskinstance.py:2698} ERROR - Task failed with exception
Traceback (most recent call last):
  File "/home/airflow/.local/lib/python3.8/site-packages/airflow/models/taskinstance.py", line 433, in _execute_task
    result = execute_callable(context=context, **execute_callable_kwargs)
  File "/home/airflow/.local/lib/python3.8/site-packages/airflow/operators/bash.py", line 212, in execute
    raise AirflowException(
airflow.exceptions.AirflowException: Bash command failed. The command returned a non-zero exit code 35.
[2025-11-25T11:02:17.313+0000] {taskinstance.py:1138} INFO - Marking task as UP_FOR_RETRY. dag_id=fetch_data, task_id=run_load_queries, execution_date=20251125T110200, start_date=20251125T110216, end_date=20251125T110217
[2025-11-25T11:02:17.326+0000] {standard_task_runner.py:107} ERROR - Failed to execute job 422 for task run_load_queries (Bash command failed. The command returned a non-zero exit code 35.; 4060)
[2025-11-25T11:02:17.338+0000] {local_task_job_runner.py:234} INFO - Task exited with return code 1
[2025-11-25T11:02:17.354+0000] {taskinstance.py:3280} INFO - 0 downstream tasks scheduled from follow-on schedule check
