[2025-11-27T10:13:44.198+0000] {taskinstance.py:1956} INFO - Dependencies all met for dep_context=non-requeueable deps ti=<TaskInstance: fetch_data.run_dbt manual__2025-11-27T10:07:48.329829+00:00 [queued]>
[2025-11-27T10:13:44.229+0000] {taskinstance.py:1956} INFO - Dependencies all met for dep_context=requeueable deps ti=<TaskInstance: fetch_data.run_dbt manual__2025-11-27T10:07:48.329829+00:00 [queued]>
[2025-11-27T10:13:44.231+0000] {taskinstance.py:2170} INFO - Starting attempt 1 of 2
[2025-11-27T10:13:44.286+0000] {taskinstance.py:2191} INFO - Executing <Task(BashOperator): run_dbt> on 2025-11-27 10:07:48.329829+00:00
[2025-11-27T10:13:44.298+0000] {standard_task_runner.py:60} INFO - Started process 14022 to run task
[2025-11-27T10:13:44.306+0000] {standard_task_runner.py:87} INFO - Running: ['***', 'tasks', 'run', 'fetch_data', 'run_dbt', 'manual__2025-11-27T10:07:48.329829+00:00', '--job-id', '539', '--raw', '--subdir', 'DAGS_FOLDER/01_data_fetch_mkCHtbls.py', '--cfg-path', '/tmp/tmpfibl26oh']
[2025-11-27T10:13:44.311+0000] {standard_task_runner.py:88} INFO - Job 539: Subtask run_dbt
[2025-11-27T10:13:44.471+0000] {task_command.py:423} INFO - Running <TaskInstance: fetch_data.run_dbt manual__2025-11-27T10:07:48.329829+00:00 [running]> on host 8e7e8c622b15
[2025-11-27T10:13:45.005+0000] {taskinstance.py:2480} INFO - Exporting env vars: AIRFLOW_CTX_DAG_OWNER='***' AIRFLOW_CTX_DAG_ID='fetch_data' AIRFLOW_CTX_TASK_ID='run_dbt' AIRFLOW_CTX_EXECUTION_DATE='2025-11-27T10:07:48.329829+00:00' AIRFLOW_CTX_TRY_NUMBER='1' AIRFLOW_CTX_DAG_RUN_ID='manual__2025-11-27T10:07:48.329829+00:00'
[2025-11-27T10:13:45.008+0000] {subprocess.py:63} INFO - Tmp dir root location: /tmp
[2025-11-27T10:13:45.010+0000] {subprocess.py:75} INFO - Running command: ['/usr/bin/bash', '-c', 'docker exec dbt dbt run']
[2025-11-27T10:13:45.030+0000] {subprocess.py:86} INFO - Output:
[2025-11-27T10:13:47.744+0000] {subprocess.py:93} INFO - [0m10:13:47  Running with dbt=1.10.15
[2025-11-27T10:13:48.162+0000] {subprocess.py:93} INFO - [0m10:13:48  Registered adapter: clickhouse=1.9.6
[2025-11-27T10:13:48.630+0000] {subprocess.py:93} INFO - [0m10:13:48  [[33mWARNING[0m]: Configuration paths exist in your dbt_project.yml file which do not apply to any resources.
[2025-11-27T10:13:48.631+0000] {subprocess.py:93} INFO - There are 3 unused configuration paths:
[2025-11-27T10:13:48.632+0000] {subprocess.py:93} INFO - - models.peopletraffic_uc.gold
[2025-11-27T10:13:48.633+0000] {subprocess.py:93} INFO - - models.peopletraffic_uc.silver
[2025-11-27T10:13:48.634+0000] {subprocess.py:93} INFO - - models.peopletraffic_uc.bronze
[2025-11-27T10:13:48.929+0000] {subprocess.py:93} INFO - [0m10:13:48  Found 7 models, 15 data tests, 2 sources, 485 macros
[2025-11-27T10:13:48.946+0000] {subprocess.py:93} INFO - [0m10:13:48
[2025-11-27T10:13:48.947+0000] {subprocess.py:93} INFO - [0m10:13:48  Concurrency: 1 threads (target='dev')
[2025-11-27T10:13:48.948+0000] {subprocess.py:93} INFO - [0m10:13:48
[2025-11-27T10:13:49.989+0000] {subprocess.py:93} INFO - [0m10:13:49  1 of 7 START sql incremental model `default`.`dim_time` ........................ [RUN]
[2025-11-27T10:13:50.280+0000] {subprocess.py:93} INFO - [0m10:13:50  1 of 7 OK created sql incremental model `default`.`dim_time` ................... [[32mOK[0m in 0.29s]
[2025-11-27T10:13:50.286+0000] {subprocess.py:93} INFO - [0m10:13:50  2 of 7 START sql view model `default`.`stg_dim_building` ....................... [RUN]
[2025-11-27T10:13:50.419+0000] {subprocess.py:93} INFO - [0m10:13:50  2 of 7 OK created sql view model `default`.`stg_dim_building` .................. [[32mOK[0m in 0.12s]
[2025-11-27T10:13:50.424+0000] {subprocess.py:93} INFO - [0m10:13:50  3 of 7 START sql view model `default`.`stg_dim_weather` ........................ [RUN]
[2025-11-27T10:13:50.484+0000] {subprocess.py:93} INFO - [0m10:13:50  3 of 7 OK created sql view model `default`.`stg_dim_weather` ................... [[32mOK[0m in 0.06s]
[2025-11-27T10:13:50.491+0000] {subprocess.py:93} INFO - [0m10:13:50  4 of 7 START sql incremental model `default`.`dim_building` .................... [RUN]
[2025-11-27T10:13:50.567+0000] {subprocess.py:93} INFO - [0m10:13:50  4 of 7 OK created sql incremental model `default`.`dim_building` ............... [[32mOK[0m in 0.07s]
[2025-11-27T10:13:50.571+0000] {subprocess.py:93} INFO - [0m10:13:50  5 of 7 START sql incremental model `default`.`dim_date` ........................ [RUN]
[2025-11-27T10:13:50.649+0000] {subprocess.py:93} INFO - [0m10:13:50  5 of 7 OK created sql incremental model `default`.`dim_date` ................... [[32mOK[0m in 0.07s]
[2025-11-27T10:13:50.653+0000] {subprocess.py:93} INFO - [0m10:13:50  6 of 7 START sql incremental model `default`.`dim_weather` ..................... [RUN]
[2025-11-27T10:13:50.714+0000] {subprocess.py:93} INFO - [0m10:13:50  6 of 7 OK created sql incremental model `default`.`dim_weather` ................ [[32mOK[0m in 0.06s]
[2025-11-27T10:13:50.720+0000] {subprocess.py:93} INFO - [0m10:13:50  7 of 7 START sql incremental model `default`.`fact_people_traffic` ............. [RUN]
[2025-11-27T10:13:50.824+0000] {subprocess.py:93} INFO - [0m10:13:50  7 of 7 ERROR creating sql incremental model `default`.`fact_people_traffic` .... [[31mERROR[0m in 0.10s]
[2025-11-27T10:13:50.836+0000] {subprocess.py:93} INFO - [0m10:13:50
[2025-11-27T10:13:50.838+0000] {subprocess.py:93} INFO - [0m10:13:50  Finished running 5 incremental models, 2 view models in 0 hours 0 minutes and 1.89 seconds (1.89s).
[2025-11-27T10:13:50.965+0000] {subprocess.py:93} INFO - [0m10:13:50
[2025-11-27T10:13:50.966+0000] {subprocess.py:93} INFO - [0m10:13:50  [31mCompleted with 1 error, 0 partial successes, and 0 warnings:[0m
[2025-11-27T10:13:50.968+0000] {subprocess.py:93} INFO - [0m10:13:50
[2025-11-27T10:13:50.970+0000] {subprocess.py:93} INFO - [0m10:13:50  [31mFailure in model fact_people_traffic (models/marts/fact_people_traffic.sql)[0m
[2025-11-27T10:13:50.972+0000] {subprocess.py:93} INFO - [0m10:13:50    Database Error in model fact_people_traffic (models/marts/fact_people_traffic.sql)
[2025-11-27T10:13:50.973+0000] {subprocess.py:93} INFO -   Received ClickHouse exception, code: 47, server response: Code: 47. DB::Exception: Unknown expression identifier `weather_key` in scope  f. (UNKNOWN_IDENTIFIER) (version 25.10.2.65 (official build)) (for url http://clickhouse-server:8123)
[2025-11-27T10:13:50.974+0000] {subprocess.py:93} INFO - [0m10:13:50
[2025-11-27T10:13:50.975+0000] {subprocess.py:93} INFO - [0m10:13:50    compiled code at target/compiled/peopletraffic/models/marts/fact_people_traffic.sql
[2025-11-27T10:13:50.976+0000] {subprocess.py:93} INFO - [0m10:13:50
[2025-11-27T10:13:50.977+0000] {subprocess.py:93} INFO - [0m10:13:50  Done. PASS=6 WARN=0 ERROR=1 SKIP=0 NO-OP=0 TOTAL=7
[2025-11-27T10:13:52.555+0000] {subprocess.py:97} INFO - Command exited with return code 1
[2025-11-27T10:13:52.597+0000] {taskinstance.py:2698} ERROR - Task failed with exception
Traceback (most recent call last):
  File "/home/airflow/.local/lib/python3.8/site-packages/airflow/models/taskinstance.py", line 433, in _execute_task
    result = execute_callable(context=context, **execute_callable_kwargs)
  File "/home/airflow/.local/lib/python3.8/site-packages/airflow/operators/bash.py", line 212, in execute
    raise AirflowException(
airflow.exceptions.AirflowException: Bash command failed. The command returned a non-zero exit code 1.
[2025-11-27T10:13:52.604+0000] {taskinstance.py:1138} INFO - Marking task as UP_FOR_RETRY. dag_id=fetch_data, task_id=run_dbt, execution_date=20251127T100748, start_date=20251127T101344, end_date=20251127T101352
[2025-11-27T10:13:52.641+0000] {standard_task_runner.py:107} ERROR - Failed to execute job 539 for task run_dbt (Bash command failed. The command returned a non-zero exit code 1.; 14022)
[2025-11-27T10:13:52.693+0000] {local_task_job_runner.py:234} INFO - Task exited with return code 1
[2025-11-27T10:13:52.733+0000] {taskinstance.py:3280} INFO - 0 downstream tasks scheduled from follow-on schedule check
