[2025-11-27T10:19:00.197+0000] {taskinstance.py:1956} INFO - Dependencies all met for dep_context=non-requeueable deps ti=<TaskInstance: fetch_data.run_dbt manual__2025-11-27T10:07:48.329829+00:00 [queued]>
[2025-11-27T10:19:00.216+0000] {taskinstance.py:1956} INFO - Dependencies all met for dep_context=requeueable deps ti=<TaskInstance: fetch_data.run_dbt manual__2025-11-27T10:07:48.329829+00:00 [queued]>
[2025-11-27T10:19:00.217+0000] {taskinstance.py:2170} INFO - Starting attempt 2 of 2
[2025-11-27T10:19:00.258+0000] {taskinstance.py:2191} INFO - Executing <Task(BashOperator): run_dbt> on 2025-11-27 10:07:48.329829+00:00
[2025-11-27T10:19:00.268+0000] {standard_task_runner.py:60} INFO - Started process 15072 to run task
[2025-11-27T10:19:00.277+0000] {standard_task_runner.py:87} INFO - Running: ['***', 'tasks', 'run', 'fetch_data', 'run_dbt', 'manual__2025-11-27T10:07:48.329829+00:00', '--job-id', '548', '--raw', '--subdir', 'DAGS_FOLDER/01_data_fetch_mkCHtbls.py', '--cfg-path', '/tmp/tmpofgnht90']
[2025-11-27T10:19:00.284+0000] {standard_task_runner.py:88} INFO - Job 548: Subtask run_dbt
[2025-11-27T10:19:00.408+0000] {task_command.py:423} INFO - Running <TaskInstance: fetch_data.run_dbt manual__2025-11-27T10:07:48.329829+00:00 [running]> on host 8e7e8c622b15
[2025-11-27T10:19:00.912+0000] {taskinstance.py:2480} INFO - Exporting env vars: AIRFLOW_CTX_DAG_OWNER='***' AIRFLOW_CTX_DAG_ID='fetch_data' AIRFLOW_CTX_TASK_ID='run_dbt' AIRFLOW_CTX_EXECUTION_DATE='2025-11-27T10:07:48.329829+00:00' AIRFLOW_CTX_TRY_NUMBER='2' AIRFLOW_CTX_DAG_RUN_ID='manual__2025-11-27T10:07:48.329829+00:00'
[2025-11-27T10:19:00.914+0000] {subprocess.py:63} INFO - Tmp dir root location: /tmp
[2025-11-27T10:19:00.915+0000] {subprocess.py:75} INFO - Running command: ['/usr/bin/bash', '-c', 'docker exec dbt dbt run']
[2025-11-27T10:19:00.934+0000] {subprocess.py:86} INFO - Output:
[2025-11-27T10:19:03.822+0000] {subprocess.py:93} INFO - [0m10:19:03  Running with dbt=1.10.15
[2025-11-27T10:19:04.257+0000] {subprocess.py:93} INFO - [0m10:19:04  Registered adapter: clickhouse=1.9.6
[2025-11-27T10:19:04.617+0000] {subprocess.py:93} INFO - [0m10:19:04  [[33mWARNING[0m]: Configuration paths exist in your dbt_project.yml file which do not apply to any resources.
[2025-11-27T10:19:04.623+0000] {subprocess.py:93} INFO - There are 3 unused configuration paths:
[2025-11-27T10:19:04.624+0000] {subprocess.py:93} INFO - - models.peopletraffic_uc.bronze
[2025-11-27T10:19:04.625+0000] {subprocess.py:93} INFO - - models.peopletraffic_uc.silver
[2025-11-27T10:19:04.626+0000] {subprocess.py:93} INFO - - models.peopletraffic_uc.gold
[2025-11-27T10:19:04.906+0000] {subprocess.py:93} INFO - [0m10:19:04  Found 7 models, 15 data tests, 2 sources, 485 macros
[2025-11-27T10:19:04.911+0000] {subprocess.py:93} INFO - [0m10:19:04
[2025-11-27T10:19:04.912+0000] {subprocess.py:93} INFO - [0m10:19:04  Concurrency: 1 threads (target='dev')
[2025-11-27T10:19:04.913+0000] {subprocess.py:93} INFO - [0m10:19:04
[2025-11-27T10:19:05.820+0000] {subprocess.py:93} INFO - [0m10:19:05  1 of 7 START sql incremental model `default`.`dim_time` ........................ [RUN]
[2025-11-27T10:19:06.097+0000] {subprocess.py:93} INFO - [0m10:19:06  1 of 7 OK created sql incremental model `default`.`dim_time` ................... [[32mOK[0m in 0.27s]
[2025-11-27T10:19:06.100+0000] {subprocess.py:93} INFO - [0m10:19:06  2 of 7 START sql view model `default`.`stg_dim_building` ....................... [RUN]
[2025-11-27T10:19:06.213+0000] {subprocess.py:93} INFO - [0m10:19:06  2 of 7 OK created sql view model `default`.`stg_dim_building` .................. [[32mOK[0m in 0.11s]
[2025-11-27T10:19:06.217+0000] {subprocess.py:93} INFO - [0m10:19:06  3 of 7 START sql view model `default`.`stg_dim_weather` ........................ [RUN]
[2025-11-27T10:19:06.273+0000] {subprocess.py:93} INFO - [0m10:19:06  3 of 7 OK created sql view model `default`.`stg_dim_weather` ................... [[32mOK[0m in 0.05s]
[2025-11-27T10:19:06.277+0000] {subprocess.py:93} INFO - [0m10:19:06  4 of 7 START sql incremental model `default`.`dim_building` .................... [RUN]
[2025-11-27T10:19:06.345+0000] {subprocess.py:93} INFO - [0m10:19:06  4 of 7 OK created sql incremental model `default`.`dim_building` ............... [[32mOK[0m in 0.06s]
[2025-11-27T10:19:06.349+0000] {subprocess.py:93} INFO - [0m10:19:06  5 of 7 START sql incremental model `default`.`dim_date` ........................ [RUN]
[2025-11-27T10:19:06.418+0000] {subprocess.py:93} INFO - [0m10:19:06  5 of 7 OK created sql incremental model `default`.`dim_date` ................... [[32mOK[0m in 0.07s]
[2025-11-27T10:19:06.422+0000] {subprocess.py:93} INFO - [0m10:19:06  6 of 7 START sql incremental model `default`.`dim_weather` ..................... [RUN]
[2025-11-27T10:19:06.476+0000] {subprocess.py:93} INFO - [0m10:19:06  6 of 7 OK created sql incremental model `default`.`dim_weather` ................ [[32mOK[0m in 0.05s]
[2025-11-27T10:19:06.480+0000] {subprocess.py:93} INFO - [0m10:19:06  7 of 7 START sql incremental model `default`.`fact_people_traffic` ............. [RUN]
[2025-11-27T10:19:06.571+0000] {subprocess.py:93} INFO - [0m10:19:06  7 of 7 ERROR creating sql incremental model `default`.`fact_people_traffic` .... [[31mERROR[0m in 0.09s]
[2025-11-27T10:19:06.582+0000] {subprocess.py:93} INFO - [0m10:19:06
[2025-11-27T10:19:06.583+0000] {subprocess.py:93} INFO - [0m10:19:06  Finished running 5 incremental models, 2 view models in 0 hours 0 minutes and 1.67 seconds (1.67s).
[2025-11-27T10:19:06.678+0000] {subprocess.py:93} INFO - [0m10:19:06
[2025-11-27T10:19:06.679+0000] {subprocess.py:93} INFO - [0m10:19:06  [31mCompleted with 1 error, 0 partial successes, and 0 warnings:[0m
[2025-11-27T10:19:06.680+0000] {subprocess.py:93} INFO - [0m10:19:06
[2025-11-27T10:19:06.682+0000] {subprocess.py:93} INFO - [0m10:19:06  [31mFailure in model fact_people_traffic (models/marts/fact_people_traffic.sql)[0m
[2025-11-27T10:19:06.683+0000] {subprocess.py:93} INFO - [0m10:19:06    Database Error in model fact_people_traffic (models/marts/fact_people_traffic.sql)
[2025-11-27T10:19:06.684+0000] {subprocess.py:93} INFO -   Received ClickHouse exception, code: 47, server response: Code: 47. DB::Exception: Unknown expression identifier `weather_key` in scope  f. (UNKNOWN_IDENTIFIER) (version 25.10.2.65 (official build)) (for url http://clickhouse-server:8123)
[2025-11-27T10:19:06.685+0000] {subprocess.py:93} INFO - [0m10:19:06
[2025-11-27T10:19:06.686+0000] {subprocess.py:93} INFO - [0m10:19:06    compiled code at target/compiled/peopletraffic/models/marts/fact_people_traffic.sql
[2025-11-27T10:19:06.687+0000] {subprocess.py:93} INFO - [0m10:19:06
[2025-11-27T10:19:06.688+0000] {subprocess.py:93} INFO - [0m10:19:06  Done. PASS=6 WARN=0 ERROR=1 SKIP=0 NO-OP=0 TOTAL=7
[2025-11-27T10:19:08.322+0000] {subprocess.py:97} INFO - Command exited with return code 1
[2025-11-27T10:19:08.357+0000] {taskinstance.py:2698} ERROR - Task failed with exception
Traceback (most recent call last):
  File "/home/airflow/.local/lib/python3.8/site-packages/airflow/models/taskinstance.py", line 433, in _execute_task
    result = execute_callable(context=context, **execute_callable_kwargs)
  File "/home/airflow/.local/lib/python3.8/site-packages/airflow/operators/bash.py", line 212, in execute
    raise AirflowException(
airflow.exceptions.AirflowException: Bash command failed. The command returned a non-zero exit code 1.
[2025-11-27T10:19:08.364+0000] {taskinstance.py:1138} INFO - Marking task as FAILED. dag_id=fetch_data, task_id=run_dbt, execution_date=20251127T100748, start_date=20251127T101900, end_date=20251127T101908
[2025-11-27T10:19:08.404+0000] {standard_task_runner.py:107} ERROR - Failed to execute job 548 for task run_dbt (Bash command failed. The command returned a non-zero exit code 1.; 15072)
[2025-11-27T10:19:08.429+0000] {local_task_job_runner.py:234} INFO - Task exited with return code 1
[2025-11-27T10:19:08.476+0000] {taskinstance.py:3280} INFO - 0 downstream tasks scheduled from follow-on schedule check
