[2025-11-30T14:16:04.418+0000] {taskinstance.py:1956} INFO - Dependencies all met for dep_context=non-requeueable deps ti=<TaskInstance: duckdb_to_iceberg_infrared.create_and_append_iceberg manual__2025-11-30T14:15:59.855686+00:00 [queued]>
[2025-11-30T14:16:04.448+0000] {taskinstance.py:1956} INFO - Dependencies all met for dep_context=requeueable deps ti=<TaskInstance: duckdb_to_iceberg_infrared.create_and_append_iceberg manual__2025-11-30T14:15:59.855686+00:00 [queued]>
[2025-11-30T14:16:04.449+0000] {taskinstance.py:2170} INFO - Starting attempt 1 of 1
[2025-11-30T14:16:04.487+0000] {taskinstance.py:2191} INFO - Executing <Task(PythonOperator): create_and_append_iceberg> on 2025-11-30 14:15:59.855686+00:00
[2025-11-30T14:16:04.508+0000] {standard_task_runner.py:60} INFO - Started process 3338 to run task
[2025-11-30T14:16:04.515+0000] {standard_task_runner.py:87} INFO - Running: ['***', 'tasks', 'run', 'duckdb_to_iceberg_infrared', 'create_and_append_iceberg', 'manual__2025-11-30T14:15:59.855686+00:00', '--job-id', '605', '--raw', '--subdir', 'DAGS_FOLDER/03_duckdb_to_iceberg.py', '--cfg-path', '/tmp/tmpcbqa1ku8']
[2025-11-30T14:16:04.518+0000] {standard_task_runner.py:88} INFO - Job 605: Subtask create_and_append_iceberg
[2025-11-30T14:16:04.731+0000] {task_command.py:423} INFO - Running <TaskInstance: duckdb_to_iceberg_infrared.create_and_append_iceberg manual__2025-11-30T14:15:59.855686+00:00 [running]> on host bdd74c86aa21
[2025-11-30T14:16:05.118+0000] {taskinstance.py:2480} INFO - Exporting env vars: AIRFLOW_CTX_DAG_OWNER='***' AIRFLOW_CTX_DAG_ID='duckdb_to_iceberg_infrared' AIRFLOW_CTX_TASK_ID='create_and_append_iceberg' AIRFLOW_CTX_EXECUTION_DATE='2025-11-30T14:15:59.855686+00:00' AIRFLOW_CTX_TRY_NUMBER='1' AIRFLOW_CTX_DAG_RUN_ID='manual__2025-11-30T14:15:59.855686+00:00'
[2025-11-30T14:16:07.267+0000] {taskinstance.py:2698} ERROR - Task failed with exception
Traceback (most recent call last):
  File "/home/airflow/.local/lib/python3.8/site-packages/airflow/models/taskinstance.py", line 433, in _execute_task
    result = execute_callable(context=context, **execute_callable_kwargs)
  File "/home/airflow/.local/lib/python3.8/site-packages/airflow/operators/python.py", line 199, in execute
    return_value = self.execute_callable()
  File "/home/airflow/.local/lib/python3.8/site-packages/airflow/operators/python.py", line 216, in execute_callable
    return self.python_callable(*self.op_args, **self.op_kwargs)
  File "/opt/airflow/dags/03_duckdb_to_iceberg.py", line 94, in create_and_append_iceberg
    arrow_table = con.execute(f"SELECT * FROM {ICEBERG_TABLE}").arrow()
duckdb.duckdb.CatalogException: Catalog Error: Table with name iceberg_infrared does not exist!
Did you mean "bronze_infrared"?
LINE 1: SELECT * FROM iceberg_infrared
                      ^
[2025-11-30T14:16:07.316+0000] {taskinstance.py:1138} INFO - Marking task as FAILED. dag_id=duckdb_to_iceberg_infrared, task_id=create_and_append_iceberg, execution_date=20251130T141559, start_date=20251130T141604, end_date=20251130T141607
[2025-11-30T14:16:07.379+0000] {standard_task_runner.py:107} ERROR - Failed to execute job 605 for task create_and_append_iceberg (Catalog Error: Table with name iceberg_infrared does not exist!
Did you mean "bronze_infrared"?
LINE 1: SELECT * FROM iceberg_infrared
                      ^; 3338)
[2025-11-30T14:16:07.716+0000] {local_task_job_runner.py:234} INFO - Task exited with return code 1
[2025-11-30T14:16:07.780+0000] {taskinstance.py:3280} INFO - 0 downstream tasks scheduled from follow-on schedule check
