[2025-11-25T07:24:44.678+0000] {taskinstance.py:1956} INFO - Dependencies all met for dep_context=non-requeueable deps ti=<TaskInstance: fetch_data.ingest_infrared_csv scheduled__2025-11-24T00:00:00+00:00 [queued]>
[2025-11-25T07:24:44.686+0000] {taskinstance.py:1956} INFO - Dependencies all met for dep_context=requeueable deps ti=<TaskInstance: fetch_data.ingest_infrared_csv scheduled__2025-11-24T00:00:00+00:00 [queued]>
[2025-11-25T07:24:44.687+0000] {taskinstance.py:2170} INFO - Starting attempt 1 of 2
[2025-11-25T07:24:44.699+0000] {taskinstance.py:2191} INFO - Executing <Task(PythonOperator): ingest_infrared_csv> on 2025-11-24 00:00:00+00:00
[2025-11-25T07:24:44.703+0000] {standard_task_runner.py:60} INFO - Started process 302 to run task
[2025-11-25T07:24:44.707+0000] {standard_task_runner.py:87} INFO - Running: ['***', 'tasks', 'run', 'fetch_data', 'ingest_infrared_csv', 'scheduled__2025-11-24T00:00:00+00:00', '--job-id', '373', '--raw', '--subdir', 'DAGS_FOLDER/dag_one.py', '--cfg-path', '/tmp/tmp8htfzz4o']
[2025-11-25T07:24:44.709+0000] {standard_task_runner.py:88} INFO - Job 373: Subtask ingest_infrared_csv
[2025-11-25T07:24:44.766+0000] {task_command.py:423} INFO - Running <TaskInstance: fetch_data.ingest_infrared_csv scheduled__2025-11-24T00:00:00+00:00 [running]> on host d0d6cfb0728d
[2025-11-25T07:24:44.972+0000] {taskinstance.py:2480} INFO - Exporting env vars: AIRFLOW_CTX_DAG_OWNER='***' AIRFLOW_CTX_DAG_ID='fetch_data' AIRFLOW_CTX_TASK_ID='ingest_infrared_csv' AIRFLOW_CTX_EXECUTION_DATE='2025-11-24T00:00:00+00:00' AIRFLOW_CTX_TRY_NUMBER='1' AIRFLOW_CTX_DAG_RUN_ID='scheduled__2025-11-24T00:00:00+00:00'
[2025-11-25T07:24:46.617+0000] {logging_mixin.py:188} INFO - CSV data loaded, rows: 410395
[2025-11-25T07:24:47.458+0000] {logging_mixin.py:188} INFO - CSV data saved to /opt/***/dbt/seeds/bronze_infrared.csv
[2025-11-25T07:24:47.461+0000] {python.py:201} INFO - Done. Returned value was: None
[2025-11-25T07:24:47.470+0000] {taskinstance.py:1138} INFO - Marking task as SUCCESS. dag_id=fetch_data, task_id=ingest_infrared_csv, execution_date=20251124T000000, start_date=20251125T072444, end_date=20251125T072447
[2025-11-25T07:24:47.511+0000] {local_task_job_runner.py:234} INFO - Task exited with return code 0
[2025-11-25T07:24:47.534+0000] {taskinstance.py:3280} INFO - 1 downstream tasks scheduled from follow-on schedule check
[2025-11-25T10:51:20.699+0000] {taskinstance.py:1956} INFO - Dependencies all met for dep_context=non-requeueable deps ti=<TaskInstance: fetch_data.ingest_infrared_csv scheduled__2025-11-24T00:00:00+00:00 [queued]>
[2025-11-25T10:51:20.707+0000] {taskinstance.py:1956} INFO - Dependencies all met for dep_context=requeueable deps ti=<TaskInstance: fetch_data.ingest_infrared_csv scheduled__2025-11-24T00:00:00+00:00 [queued]>
[2025-11-25T10:51:20.708+0000] {taskinstance.py:2170} INFO - Starting attempt 1 of 2
[2025-11-25T10:51:20.721+0000] {taskinstance.py:2191} INFO - Executing <Task(PythonOperator): ingest_infrared_csv> on 2025-11-24 00:00:00+00:00
[2025-11-25T10:51:20.725+0000] {standard_task_runner.py:60} INFO - Started process 1686 to run task
[2025-11-25T10:51:20.730+0000] {standard_task_runner.py:87} INFO - Running: ['***', 'tasks', 'run', 'fetch_data', 'ingest_infrared_csv', 'scheduled__2025-11-24T00:00:00+00:00', '--job-id', '405', '--raw', '--subdir', 'DAGS_FOLDER/dag_one.py', '--cfg-path', '/tmp/tmpx9a1d9v8']
[2025-11-25T10:51:20.734+0000] {standard_task_runner.py:88} INFO - Job 405: Subtask ingest_infrared_csv
[2025-11-25T10:51:20.798+0000] {task_command.py:423} INFO - Running <TaskInstance: fetch_data.ingest_infrared_csv scheduled__2025-11-24T00:00:00+00:00 [running]> on host e243512bdaab
[2025-11-25T10:51:21.074+0000] {taskinstance.py:2480} INFO - Exporting env vars: AIRFLOW_CTX_DAG_OWNER='***' AIRFLOW_CTX_DAG_ID='fetch_data' AIRFLOW_CTX_TASK_ID='ingest_infrared_csv' AIRFLOW_CTX_EXECUTION_DATE='2025-11-24T00:00:00+00:00' AIRFLOW_CTX_TRY_NUMBER='1' AIRFLOW_CTX_DAG_RUN_ID='scheduled__2025-11-24T00:00:00+00:00'
[2025-11-25T10:51:21.585+0000] {logging_mixin.py:188} INFO - CSV data loaded, rows: 410395
[2025-11-25T10:51:22.102+0000] {logging_mixin.py:188} INFO - CSV data saved to /opt/***/sample_datas/bronze_infrared.csv
[2025-11-25T10:51:22.104+0000] {python.py:201} INFO - Done. Returned value was: None
[2025-11-25T10:51:22.116+0000] {taskinstance.py:1138} INFO - Marking task as SUCCESS. dag_id=fetch_data, task_id=ingest_infrared_csv, execution_date=20251124T000000, start_date=20251125T105120, end_date=20251125T105122
[2025-11-25T10:51:22.178+0000] {local_task_job_runner.py:234} INFO - Task exited with return code 0
[2025-11-25T10:51:22.201+0000] {taskinstance.py:3280} INFO - 1 downstream tasks scheduled from follow-on schedule check
[2025-11-25T11:35:36.218+0000] {taskinstance.py:1956} INFO - Dependencies all met for dep_context=non-requeueable deps ti=<TaskInstance: fetch_data.ingest_infrared_csv scheduled__2025-11-24T00:00:00+00:00 [queued]>
[2025-11-25T11:35:36.226+0000] {taskinstance.py:1956} INFO - Dependencies all met for dep_context=requeueable deps ti=<TaskInstance: fetch_data.ingest_infrared_csv scheduled__2025-11-24T00:00:00+00:00 [queued]>
[2025-11-25T11:35:36.227+0000] {taskinstance.py:2170} INFO - Starting attempt 1 of 2
[2025-11-25T11:35:36.238+0000] {taskinstance.py:2191} INFO - Executing <Task(PythonOperator): ingest_infrared_csv> on 2025-11-24 00:00:00+00:00
[2025-11-25T11:35:36.242+0000] {standard_task_runner.py:60} INFO - Started process 2741 to run task
[2025-11-25T11:35:36.244+0000] {standard_task_runner.py:87} INFO - Running: ['***', 'tasks', 'run', 'fetch_data', 'ingest_infrared_csv', 'scheduled__2025-11-24T00:00:00+00:00', '--job-id', '443', '--raw', '--subdir', 'DAGS_FOLDER/01_data_fetch_mkCHtbls.py', '--cfg-path', '/tmp/tmpwyrwt59k']
[2025-11-25T11:35:36.246+0000] {standard_task_runner.py:88} INFO - Job 443: Subtask ingest_infrared_csv
[2025-11-25T11:35:36.309+0000] {task_command.py:423} INFO - Running <TaskInstance: fetch_data.ingest_infrared_csv scheduled__2025-11-24T00:00:00+00:00 [running]> on host 421e567693d1
[2025-11-25T11:35:36.526+0000] {taskinstance.py:2480} INFO - Exporting env vars: AIRFLOW_CTX_DAG_OWNER='***' AIRFLOW_CTX_DAG_ID='fetch_data' AIRFLOW_CTX_TASK_ID='ingest_infrared_csv' AIRFLOW_CTX_EXECUTION_DATE='2025-11-24T00:00:00+00:00' AIRFLOW_CTX_TRY_NUMBER='1' AIRFLOW_CTX_DAG_RUN_ID='scheduled__2025-11-24T00:00:00+00:00'
[2025-11-25T11:35:38.171+0000] {logging_mixin.py:188} INFO - CSV data loaded, rows: 410395
[2025-11-25T11:35:39.095+0000] {logging_mixin.py:188} INFO - CSV data saved to /opt/***/sample_data/bronze_infrared.csv
[2025-11-25T11:35:39.097+0000] {python.py:201} INFO - Done. Returned value was: None
[2025-11-25T11:35:39.109+0000] {taskinstance.py:1138} INFO - Marking task as SUCCESS. dag_id=fetch_data, task_id=ingest_infrared_csv, execution_date=20251124T000000, start_date=20251125T113536, end_date=20251125T113539
[2025-11-25T11:35:39.168+0000] {local_task_job_runner.py:234} INFO - Task exited with return code 0
[2025-11-25T11:35:39.197+0000] {taskinstance.py:3280} INFO - 1 downstream tasks scheduled from follow-on schedule check
