[2025-11-21T10:38:36.233+0000] {taskinstance.py:1956} INFO - Dependencies all met for dep_context=non-requeueable deps ti=<TaskInstance: duckdb_to_iceberg_dynamic.create_iceberg_namespace manual__2025-11-21T10:38:33.333327+00:00 [queued]>
[2025-11-21T10:38:36.240+0000] {taskinstance.py:1956} INFO - Dependencies all met for dep_context=requeueable deps ti=<TaskInstance: duckdb_to_iceberg_dynamic.create_iceberg_namespace manual__2025-11-21T10:38:33.333327+00:00 [queued]>
[2025-11-21T10:38:36.240+0000] {taskinstance.py:2170} INFO - Starting attempt 1 of 1
[2025-11-21T10:38:36.252+0000] {taskinstance.py:2191} INFO - Executing <Task(PythonOperator): create_iceberg_namespace> on 2025-11-21 10:38:33.333327+00:00
[2025-11-21T10:38:36.257+0000] {standard_task_runner.py:60} INFO - Started process 6528 to run task
[2025-11-21T10:38:36.260+0000] {standard_task_runner.py:87} INFO - Running: ['***', 'tasks', 'run', 'duckdb_to_iceberg_dynamic', 'create_iceberg_namespace', 'manual__2025-11-21T10:38:33.333327+00:00', '--job-id', '62', '--raw', '--subdir', 'DAGS_FOLDER/dag_three.py', '--cfg-path', '/tmp/tmp_34ac7bf']
[2025-11-21T10:38:36.262+0000] {standard_task_runner.py:88} INFO - Job 62: Subtask create_iceberg_namespace
[2025-11-21T10:38:36.325+0000] {task_command.py:423} INFO - Running <TaskInstance: duckdb_to_iceberg_dynamic.create_iceberg_namespace manual__2025-11-21T10:38:33.333327+00:00 [running]> on host 5fa4049fde26
[2025-11-21T10:38:36.425+0000] {taskinstance.py:2480} INFO - Exporting env vars: AIRFLOW_CTX_DAG_OWNER='***' AIRFLOW_CTX_DAG_ID='duckdb_to_iceberg_dynamic' AIRFLOW_CTX_TASK_ID='create_iceberg_namespace' AIRFLOW_CTX_EXECUTION_DATE='2025-11-21T10:38:33.333327+00:00' AIRFLOW_CTX_TRY_NUMBER='1' AIRFLOW_CTX_DAG_RUN_ID='manual__2025-11-21T10:38:33.333327+00:00'
[2025-11-21T10:38:36.491+0000] {taskinstance.py:2698} ERROR - Task failed with exception
Traceback (most recent call last):
  File "/home/airflow/.local/lib/python3.8/site-packages/pyiceberg/catalog/rest.py", line 731, in create_namespace
    response.raise_for_status()
  File "/home/airflow/.local/lib/python3.8/site-packages/requests/models.py", line 1021, in raise_for_status
    raise HTTPError(http_error_msg, response=self)
requests.exceptions.HTTPError: 409 Client Error: Conflict for url: http://iceberg_rest:8181/v1/namespaces

The above exception was the direct cause of the following exception:

Traceback (most recent call last):
  File "/home/airflow/.local/lib/python3.8/site-packages/airflow/models/taskinstance.py", line 433, in _execute_task
    result = execute_callable(context=context, **execute_callable_kwargs)
  File "/home/airflow/.local/lib/python3.8/site-packages/airflow/operators/python.py", line 199, in execute
    return_value = self.execute_callable()
  File "/home/airflow/.local/lib/python3.8/site-packages/airflow/operators/python.py", line 216, in execute_callable
    return self.python_callable(*self.op_args, **self.op_kwargs)
  File "/opt/airflow/dags/dag_three.py", line 45, in create_iceberg_namespace
    catalog.create_namespace(ICEBERG_NAMESPACE)
  File "/home/airflow/.local/lib/python3.8/site-packages/tenacity/__init__.py", line 289, in wrapped_f
    return self(f, *args, **kw)
  File "/home/airflow/.local/lib/python3.8/site-packages/tenacity/__init__.py", line 379, in __call__
    do = self.iter(retry_state=retry_state)
  File "/home/airflow/.local/lib/python3.8/site-packages/tenacity/__init__.py", line 314, in iter
    return fut.result()
  File "/usr/local/lib/python3.8/concurrent/futures/_base.py", line 437, in result
    return self.__get_result()
  File "/usr/local/lib/python3.8/concurrent/futures/_base.py", line 389, in __get_result
    raise self._exception
  File "/home/airflow/.local/lib/python3.8/site-packages/tenacity/__init__.py", line 382, in __call__
    result = fn(*args, **kwargs)
  File "/home/airflow/.local/lib/python3.8/site-packages/pyiceberg/catalog/rest.py", line 733, in create_namespace
    self._handle_non_200_response(exc, {409: NamespaceAlreadyExistsError})
  File "/home/airflow/.local/lib/python3.8/site-packages/pyiceberg/catalog/rest.py", line 418, in _handle_non_200_response
    raise exception(response) from exc
pyiceberg.exceptions.NamespaceAlreadyExistsError: AlreadyExistsException: Namespace already exists: default
[2025-11-21T10:38:36.507+0000] {taskinstance.py:1138} INFO - Marking task as FAILED. dag_id=duckdb_to_iceberg_dynamic, task_id=create_iceberg_namespace, execution_date=20251121T103833, start_date=20251121T103836, end_date=20251121T103836
[2025-11-21T10:38:36.531+0000] {standard_task_runner.py:107} ERROR - Failed to execute job 62 for task create_iceberg_namespace (AlreadyExistsException: Namespace already exists: default; 6528)
[2025-11-21T10:38:36.562+0000] {local_task_job_runner.py:234} INFO - Task exited with return code 1
[2025-11-21T10:38:36.603+0000] {taskinstance.py:3280} INFO - 0 downstream tasks scheduled from follow-on schedule check
