[2025-11-20T11:27:25.826+0000] {taskinstance.py:1956} INFO - Dependencies all met for dep_context=non-requeueable deps ti=<TaskInstance: minio_to_duckdb_pipeline.upload_csv_to_minio manual__2025-11-20T11:27:24.798088+00:00 [queued]>
[2025-11-20T11:27:25.832+0000] {taskinstance.py:1956} INFO - Dependencies all met for dep_context=requeueable deps ti=<TaskInstance: minio_to_duckdb_pipeline.upload_csv_to_minio manual__2025-11-20T11:27:24.798088+00:00 [queued]>
[2025-11-20T11:27:25.832+0000] {taskinstance.py:2170} INFO - Starting attempt 1 of 1
[2025-11-20T11:27:25.845+0000] {taskinstance.py:2191} INFO - Executing <Task(PythonOperator): upload_csv_to_minio> on 2025-11-20 11:27:24.798088+00:00
[2025-11-20T11:27:25.848+0000] {standard_task_runner.py:60} INFO - Started process 1868 to run task
[2025-11-20T11:27:25.851+0000] {standard_task_runner.py:87} INFO - Running: ['***', 'tasks', 'run', 'minio_to_duckdb_pipeline', 'upload_csv_to_minio', 'manual__2025-11-20T11:27:24.798088+00:00', '--job-id', '36', '--raw', '--subdir', 'DAGS_FOLDER/dag_two.py', '--cfg-path', '/tmp/tmpue0lxhbf']
[2025-11-20T11:27:25.853+0000] {standard_task_runner.py:88} INFO - Job 36: Subtask upload_csv_to_minio
[2025-11-20T11:27:25.900+0000] {task_command.py:423} INFO - Running <TaskInstance: minio_to_duckdb_pipeline.upload_csv_to_minio manual__2025-11-20T11:27:24.798088+00:00 [running]> on host 801760f054ff
[2025-11-20T11:27:25.995+0000] {taskinstance.py:2480} INFO - Exporting env vars: AIRFLOW_CTX_DAG_OWNER='***' AIRFLOW_CTX_DAG_ID='minio_to_duckdb_pipeline' AIRFLOW_CTX_TASK_ID='upload_csv_to_minio' AIRFLOW_CTX_EXECUTION_DATE='2025-11-20T11:27:24.798088+00:00' AIRFLOW_CTX_TRY_NUMBER='1' AIRFLOW_CTX_DAG_RUN_ID='manual__2025-11-20T11:27:24.798088+00:00'
[2025-11-20T11:27:26.003+0000] {logging_mixin.py:188} INFO - THIS IS LOCAL PATH:./dbt/seeds/bronze_mobility.csv
[2025-11-20T11:27:26.004+0000] {logging_mixin.py:188} INFO - THIS IS REMOTE PATH:bronze_mobility.csv
[2025-11-20T11:27:26.215+0000] {logging_mixin.py:188} INFO - Uploaded ./dbt/seeds/bronze_mobility.csv → s3://project-bucket/bronze_mobility.csv
[2025-11-20T11:27:26.217+0000] {logging_mixin.py:188} INFO - THIS IS LOCAL PATH:./dbt/seeds/bronze_weather.csv
[2025-11-20T11:27:26.218+0000] {logging_mixin.py:188} INFO - THIS IS REMOTE PATH:bronze_weather.csv
[2025-11-20T11:27:26.251+0000] {logging_mixin.py:188} INFO - Uploaded ./dbt/seeds/bronze_weather.csv → s3://project-bucket/bronze_weather.csv
[2025-11-20T11:27:26.252+0000] {logging_mixin.py:188} INFO - THIS IS LOCAL PATH:./dbt/seeds/bronze_infrared.csv
[2025-11-20T11:27:26.253+0000] {logging_mixin.py:188} INFO - THIS IS REMOTE PATH:bronze_infrared.csv
[2025-11-20T11:27:26.444+0000] {logging_mixin.py:188} INFO - Uploaded ./dbt/seeds/bronze_infrared.csv → s3://project-bucket/bronze_infrared.csv
[2025-11-20T11:27:26.445+0000] {python.py:201} INFO - Done. Returned value was: None
[2025-11-20T11:27:26.467+0000] {taskinstance.py:1138} INFO - Marking task as SUCCESS. dag_id=minio_to_duckdb_pipeline, task_id=upload_csv_to_minio, execution_date=20251120T112724, start_date=20251120T112725, end_date=20251120T112726
[2025-11-20T11:27:26.522+0000] {local_task_job_runner.py:234} INFO - Task exited with return code 0
[2025-11-20T11:27:26.604+0000] {taskinstance.py:3280} INFO - 1 downstream tasks scheduled from follow-on schedule check
