[2025-11-21T13:17:35.839+0000] {taskinstance.py:1956} INFO - Dependencies all met for dep_context=non-requeueable deps ti=<TaskInstance: duckdb_to_iceberg_dynamic.create_and_append_iceberg manual__2025-11-21T13:17:30.341293+00:00 [queued]>
[2025-11-21T13:17:35.857+0000] {taskinstance.py:1956} INFO - Dependencies all met for dep_context=requeueable deps ti=<TaskInstance: duckdb_to_iceberg_dynamic.create_and_append_iceberg manual__2025-11-21T13:17:30.341293+00:00 [queued]>
[2025-11-21T13:17:35.858+0000] {taskinstance.py:2170} INFO - Starting attempt 1 of 1
[2025-11-21T13:17:35.893+0000] {taskinstance.py:2191} INFO - Executing <Task(PythonOperator): create_and_append_iceberg> on 2025-11-21 13:17:30.341293+00:00
[2025-11-21T13:17:35.903+0000] {standard_task_runner.py:60} INFO - Started process 29000 to run task
[2025-11-21T13:17:35.911+0000] {standard_task_runner.py:87} INFO - Running: ['***', 'tasks', 'run', 'duckdb_to_iceberg_dynamic', 'create_and_append_iceberg', 'manual__2025-11-21T13:17:30.341293+00:00', '--job-id', '138', '--raw', '--subdir', 'DAGS_FOLDER/dag_three.py', '--cfg-path', '/tmp/tmp5wwnm052']
[2025-11-21T13:17:35.915+0000] {standard_task_runner.py:88} INFO - Job 138: Subtask create_and_append_iceberg
[2025-11-21T13:17:36.021+0000] {task_command.py:423} INFO - Running <TaskInstance: duckdb_to_iceberg_dynamic.create_and_append_iceberg manual__2025-11-21T13:17:30.341293+00:00 [running]> on host 5fa4049fde26
[2025-11-21T13:17:36.190+0000] {taskinstance.py:2480} INFO - Exporting env vars: AIRFLOW_CTX_DAG_OWNER='***' AIRFLOW_CTX_DAG_ID='duckdb_to_iceberg_dynamic' AIRFLOW_CTX_TASK_ID='create_and_append_iceberg' AIRFLOW_CTX_EXECUTION_DATE='2025-11-21T13:17:30.341293+00:00' AIRFLOW_CTX_TRY_NUMBER='1' AIRFLOW_CTX_DAG_RUN_ID='manual__2025-11-21T13:17:30.341293+00:00'
[2025-11-21T13:17:36.330+0000] {logging_mixin.py:188} INFO - Fetched table bronze_infrared from DuckDB
[2025-11-21T13:17:36.345+0000] {logging_mixin.py:188} INFO - Table default.bronze_infrared already exists, loading it
[2025-11-21T13:17:36.358+0000] {__init__.py:348} INFO - Defaulting to PyArrow FileIO
[2025-11-21T13:17:36.657+0000] {logging_mixin.py:188} INFO - ┏━━━━┳━━━━━━━━━━━━━━━━━━━━━━━━━━━━━━━┳━━━━━━━━━━━━━━━━━━━━━━━━━━━━━━━┓
┃    ┃ Table field                   ┃ Dataframe field               ┃
┡━━━━╇━━━━━━━━━━━━━━━━━━━━━━━━━━━━━━━╇━━━━━━━━━━━━━━━━━━━━━━━━━━━━━━━┩
│ ✅ │ 1: timestamp: optional string │ 1: timestamp: optional string │
│ ✅ │ 2: name: optional string      │ 2: name: optional string      │
│ ❌ │ 3: out: optional int          │ 3: out: optional long         │
│ ❌ │ 4: in: optional int           │ 4: in: optional long          │
└────┴───────────────────────────────┴───────────────────────────────┘
[2025-11-21T13:17:36.658+0000] {taskinstance.py:2698} ERROR - Task failed with exception
Traceback (most recent call last):
  File "/home/airflow/.local/lib/python3.8/site-packages/airflow/models/taskinstance.py", line 433, in _execute_task
    result = execute_callable(context=context, **execute_callable_kwargs)
  File "/home/airflow/.local/lib/python3.8/site-packages/airflow/operators/python.py", line 199, in execute
    return_value = self.execute_callable()
  File "/home/airflow/.local/lib/python3.8/site-packages/airflow/operators/python.py", line 216, in execute_callable
    return self.python_callable(*self.op_args, **self.op_kwargs)
  File "/opt/airflow/dags/dag_three.py", line 124, in create_and_append_iceberg
    table.append(arrow_table)
  File "/home/airflow/.local/lib/python3.8/site-packages/pyiceberg/table/__init__.py", line 1578, in append
    tx.append(df=df, snapshot_properties=snapshot_properties)
  File "/home/airflow/.local/lib/python3.8/site-packages/pyiceberg/table/__init__.py", line 491, in append
    _check_pyarrow_schema_compatible(
  File "/home/airflow/.local/lib/python3.8/site-packages/pyiceberg/io/pyarrow.py", line 2246, in _check_pyarrow_schema_compatible
    _check_schema_compatible(requested_schema, provided_schema)
  File "/home/airflow/.local/lib/python3.8/site-packages/pyiceberg/schema.py", line 1635, in _check_schema_compatible
    pre_order_visit(requested_schema, _SchemaCompatibilityVisitor(provided_schema))
  File "/usr/local/lib/python3.8/functools.py", line 875, in wrapper
    return dispatch(args[0].__class__)(*args, **kw)
  File "/home/airflow/.local/lib/python3.8/site-packages/pyiceberg/schema.py", line 891, in _
    return visitor.schema(obj, lambda: pre_order_visit(obj.as_struct(), visitor))
  File "/home/airflow/.local/lib/python3.8/site-packages/pyiceberg/schema.py", line 1696, in schema
    raise ValueError(f"Mismatch in fields:\n{self.console.export_text()}")
ValueError: Mismatch in fields:
┏━━━━┳━━━━━━━━━━━━━━━━━━━━━━━━━━━━━━━┳━━━━━━━━━━━━━━━━━━━━━━━━━━━━━━━┓
┃    ┃ Table field                   ┃ Dataframe field               ┃
┡━━━━╇━━━━━━━━━━━━━━━━━━━━━━━━━━━━━━━╇━━━━━━━━━━━━━━━━━━━━━━━━━━━━━━━┩
│ ✅ │ 1: timestamp: optional string │ 1: timestamp: optional string │
│ ✅ │ 2: name: optional string      │ 2: name: optional string      │
│ ❌ │ 3: out: optional int          │ 3: out: optional long         │
│ ❌ │ 4: in: optional int           │ 4: in: optional long          │
└────┴───────────────────────────────┴───────────────────────────────┘

[2025-11-21T13:17:36.682+0000] {taskinstance.py:1138} INFO - Marking task as FAILED. dag_id=duckdb_to_iceberg_dynamic, task_id=create_and_append_iceberg, execution_date=20251121T131730, start_date=20251121T131735, end_date=20251121T131736
[2025-11-21T13:17:36.704+0000] {standard_task_runner.py:107} ERROR - Failed to execute job 138 for task create_and_append_iceberg (Mismatch in fields:
┏━━━━┳━━━━━━━━━━━━━━━━━━━━━━━━━━━━━━━┳━━━━━━━━━━━━━━━━━━━━━━━━━━━━━━━┓
┃    ┃ Table field                   ┃ Dataframe field               ┃
┡━━━━╇━━━━━━━━━━━━━━━━━━━━━━━━━━━━━━━╇━━━━━━━━━━━━━━━━━━━━━━━━━━━━━━━┩
│ ✅ │ 1: timestamp: optional string │ 1: timestamp: optional string │
│ ✅ │ 2: name: optional string      │ 2: name: optional string      │
│ ❌ │ 3: out: optional int          │ 3: out: optional long         │
│ ❌ │ 4: in: optional int           │ 4: in: optional long          │
└────┴───────────────────────────────┴───────────────────────────────┘
; 29000)
[2025-11-21T13:17:36.745+0000] {local_task_job_runner.py:234} INFO - Task exited with return code 1
[2025-11-21T13:17:36.785+0000] {taskinstance.py:3280} INFO - 0 downstream tasks scheduled from follow-on schedule check
