[2025-11-29T12:04:34.620+0000] {taskinstance.py:1956} INFO - Dependencies all met for dep_context=non-requeueable deps ti=<TaskInstance: fetch_data.run_dbt scheduled__2025-11-28T00:00:00+00:00 [queued]>
[2025-11-29T12:04:34.640+0000] {taskinstance.py:1956} INFO - Dependencies all met for dep_context=requeueable deps ti=<TaskInstance: fetch_data.run_dbt scheduled__2025-11-28T00:00:00+00:00 [queued]>
[2025-11-29T12:04:34.642+0000] {taskinstance.py:2170} INFO - Starting attempt 1 of 2
[2025-11-29T12:04:34.683+0000] {taskinstance.py:2191} INFO - Executing <Task(BashOperator): run_dbt> on 2025-11-28 00:00:00+00:00
[2025-11-29T12:04:34.692+0000] {standard_task_runner.py:60} INFO - Started process 11902 to run task
[2025-11-29T12:04:34.700+0000] {standard_task_runner.py:87} INFO - Running: ['***', 'tasks', 'run', 'fetch_data', 'run_dbt', 'scheduled__2025-11-28T00:00:00+00:00', '--job-id', '559', '--raw', '--subdir', 'DAGS_FOLDER/01_data_fetch_mkCHtbls.py', '--cfg-path', '/tmp/tmp6b5bu9e6']
[2025-11-29T12:04:34.705+0000] {standard_task_runner.py:88} INFO - Job 559: Subtask run_dbt
[2025-11-29T12:04:34.839+0000] {task_command.py:423} INFO - Running <TaskInstance: fetch_data.run_dbt scheduled__2025-11-28T00:00:00+00:00 [running]> on host 9aa8f904c520
[2025-11-29T12:04:35.390+0000] {taskinstance.py:2480} INFO - Exporting env vars: AIRFLOW_CTX_DAG_OWNER='***' AIRFLOW_CTX_DAG_ID='fetch_data' AIRFLOW_CTX_TASK_ID='run_dbt' AIRFLOW_CTX_EXECUTION_DATE='2025-11-28T00:00:00+00:00' AIRFLOW_CTX_TRY_NUMBER='1' AIRFLOW_CTX_DAG_RUN_ID='scheduled__2025-11-28T00:00:00+00:00'
[2025-11-29T12:04:35.392+0000] {subprocess.py:63} INFO - Tmp dir root location: /tmp
[2025-11-29T12:04:35.394+0000] {subprocess.py:75} INFO - Running command: ['/usr/bin/bash', '-c', 'docker exec dbt dbt run']
[2025-11-29T12:04:35.418+0000] {subprocess.py:86} INFO - Output:
[2025-11-29T12:04:40.754+0000] {subprocess.py:93} INFO - [0m12:04:40  Running with dbt=1.10.15
[2025-11-29T12:04:41.265+0000] {subprocess.py:93} INFO - [0m12:04:41  Registered adapter: clickhouse=1.9.6
[2025-11-29T12:04:42.853+0000] {subprocess.py:93} INFO - [0m12:04:42  [[33mWARNING[0m]: Configuration paths exist in your dbt_project.yml file which do not apply to any resources.
[2025-11-29T12:04:42.853+0000] {subprocess.py:93} INFO - There are 3 unused configuration paths:
[2025-11-29T12:04:42.854+0000] {subprocess.py:93} INFO - - models.peopletraffic_uc.silver
[2025-11-29T12:04:42.854+0000] {subprocess.py:93} INFO - - models.peopletraffic_uc.gold
[2025-11-29T12:04:42.854+0000] {subprocess.py:93} INFO - - models.peopletraffic_uc.bronze
[2025-11-29T12:04:43.091+0000] {subprocess.py:93} INFO - [0m12:04:43  Found 7 models, 15 data tests, 2 sources, 485 macros
[2025-11-29T12:04:43.096+0000] {subprocess.py:93} INFO - [0m12:04:43
[2025-11-29T12:04:43.097+0000] {subprocess.py:93} INFO - [0m12:04:43  Concurrency: 1 threads (target='dev')
[2025-11-29T12:04:43.098+0000] {subprocess.py:93} INFO - [0m12:04:43
[2025-11-29T12:04:45.050+0000] {subprocess.py:93} INFO - [0m12:04:45  1 of 7 START sql incremental model `default`.`dim_time` ........................ [RUN]
[2025-11-29T12:04:45.362+0000] {subprocess.py:93} INFO - [0m12:04:45  1 of 7 OK created sql incremental model `default`.`dim_time` ................... [[32mOK[0m in 0.31s]
[2025-11-29T12:04:45.366+0000] {subprocess.py:93} INFO - [0m12:04:45  2 of 7 START sql view model `default`.`stg_dim_building` ....................... [RUN]
[2025-11-29T12:04:45.451+0000] {subprocess.py:93} INFO - [0m12:04:45  2 of 7 OK created sql view model `default`.`stg_dim_building` .................. [[32mOK[0m in 0.08s]
[2025-11-29T12:04:45.455+0000] {subprocess.py:93} INFO - [0m12:04:45  3 of 7 START sql view model `default`.`stg_dim_weather` ........................ [RUN]
[2025-11-29T12:04:45.503+0000] {subprocess.py:93} INFO - [0m12:04:45  3 of 7 OK created sql view model `default`.`stg_dim_weather` ................... [[32mOK[0m in 0.04s]
[2025-11-29T12:04:45.510+0000] {subprocess.py:93} INFO - [0m12:04:45  4 of 7 START sql incremental model `default`.`dim_building` .................... [RUN]
[2025-11-29T12:04:45.741+0000] {subprocess.py:93} INFO - [0m12:04:45  4 of 7 OK created sql incremental model `default`.`dim_building` ............... [[32mOK[0m in 0.23s]
[2025-11-29T12:04:45.744+0000] {subprocess.py:93} INFO - [0m12:04:45  5 of 7 START sql incremental model `default`.`dim_date` ........................ [RUN]
[2025-11-29T12:04:45.907+0000] {subprocess.py:93} INFO - [0m12:04:45  5 of 7 OK created sql incremental model `default`.`dim_date` ................... [[32mOK[0m in 0.16s]
[2025-11-29T12:04:45.910+0000] {subprocess.py:93} INFO - [0m12:04:45  6 of 7 START sql incremental model `default`.`dim_weather` ..................... [RUN]
[2025-11-29T12:04:45.998+0000] {subprocess.py:93} INFO - [0m12:04:45  6 of 7 OK created sql incremental model `default`.`dim_weather` ................ [[32mOK[0m in 0.08s]
[2025-11-29T12:04:46.003+0000] {subprocess.py:93} INFO - [0m12:04:46  7 of 7 START sql incremental model `default`.`fact_people_traffic` ............. [RUN]
[2025-11-29T12:04:46.213+0000] {subprocess.py:93} INFO - [0m12:04:46  7 of 7 OK created sql incremental model `default`.`fact_people_traffic` ........ [[32mOK[0m in 0.20s]
[2025-11-29T12:04:46.240+0000] {subprocess.py:93} INFO - [0m12:04:46
[2025-11-29T12:04:46.246+0000] {subprocess.py:93} INFO - [0m12:04:46  Finished running 5 incremental models, 2 view models in 0 hours 0 minutes and 3.14 seconds (3.14s).
[2025-11-29T12:04:46.460+0000] {subprocess.py:93} INFO - [0m12:04:46
[2025-11-29T12:04:46.461+0000] {subprocess.py:93} INFO - [0m12:04:46  [32mCompleted successfully[0m
[2025-11-29T12:04:46.463+0000] {subprocess.py:93} INFO - [0m12:04:46
[2025-11-29T12:04:46.465+0000] {subprocess.py:93} INFO - [0m12:04:46  Done. PASS=7 WARN=0 ERROR=0 SKIP=0 NO-OP=0 TOTAL=7
[2025-11-29T12:04:48.823+0000] {subprocess.py:97} INFO - Command exited with return code 0
[2025-11-29T12:04:48.993+0000] {taskinstance.py:1138} INFO - Marking task as SUCCESS. dag_id=fetch_data, task_id=run_dbt, execution_date=20251128T000000, start_date=20251129T120434, end_date=20251129T120448
[2025-11-29T12:04:49.077+0000] {local_task_job_runner.py:234} INFO - Task exited with return code 0
[2025-11-29T12:04:49.142+0000] {taskinstance.py:3280} INFO - 0 downstream tasks scheduled from follow-on schedule check
