[2025-11-21T13:26:02.711+0000] {taskinstance.py:1956} INFO - Dependencies all met for dep_context=non-requeueable deps ti=<TaskInstance: duckdb_to_iceberg_dynamic.create_and_append_iceberg manual__2025-11-21T13:25:57.700086+00:00 [queued]>
[2025-11-21T13:26:02.727+0000] {taskinstance.py:1956} INFO - Dependencies all met for dep_context=requeueable deps ti=<TaskInstance: duckdb_to_iceberg_dynamic.create_and_append_iceberg manual__2025-11-21T13:25:57.700086+00:00 [queued]>
[2025-11-21T13:26:02.728+0000] {taskinstance.py:2170} INFO - Starting attempt 1 of 1
[2025-11-21T13:26:02.760+0000] {taskinstance.py:2191} INFO - Executing <Task(PythonOperator): create_and_append_iceberg> on 2025-11-21 13:25:57.700086+00:00
[2025-11-21T13:26:02.770+0000] {standard_task_runner.py:60} INFO - Started process 30225 to run task
[2025-11-21T13:26:02.776+0000] {standard_task_runner.py:87} INFO - Running: ['***', 'tasks', 'run', 'duckdb_to_iceberg_dynamic', 'create_and_append_iceberg', 'manual__2025-11-21T13:25:57.700086+00:00', '--job-id', '144', '--raw', '--subdir', 'DAGS_FOLDER/dag_three.py', '--cfg-path', '/tmp/tmpshb0m074']
[2025-11-21T13:26:02.779+0000] {standard_task_runner.py:88} INFO - Job 144: Subtask create_and_append_iceberg
[2025-11-21T13:26:02.887+0000] {task_command.py:423} INFO - Running <TaskInstance: duckdb_to_iceberg_dynamic.create_and_append_iceberg manual__2025-11-21T13:25:57.700086+00:00 [running]> on host 5fa4049fde26
[2025-11-21T13:26:03.084+0000] {taskinstance.py:2480} INFO - Exporting env vars: AIRFLOW_CTX_DAG_OWNER='***' AIRFLOW_CTX_DAG_ID='duckdb_to_iceberg_dynamic' AIRFLOW_CTX_TASK_ID='create_and_append_iceberg' AIRFLOW_CTX_EXECUTION_DATE='2025-11-21T13:25:57.700086+00:00' AIRFLOW_CTX_TRY_NUMBER='1' AIRFLOW_CTX_DAG_RUN_ID='manual__2025-11-21T13:25:57.700086+00:00'
[2025-11-21T13:26:03.227+0000] {logging_mixin.py:188} INFO - Fetched table bronze_infrared from DuckDB
[2025-11-21T13:26:03.229+0000] {taskinstance.py:2698} ERROR - Task failed with exception
Traceback (most recent call last):
  File "/home/airflow/.local/lib/python3.8/site-packages/airflow/models/taskinstance.py", line 433, in _execute_task
    result = execute_callable(context=context, **execute_callable_kwargs)
  File "/home/airflow/.local/lib/python3.8/site-packages/airflow/operators/python.py", line 199, in execute
    return_value = self.execute_callable()
  File "/home/airflow/.local/lib/python3.8/site-packages/airflow/operators/python.py", line 216, in execute_callable
    return self.python_callable(*self.op_args, **self.op_kwargs)
  File "/opt/airflow/dags/dag_three.py", line 129, in create_and_append_iceberg
    iceberg_type = TimestampType(with_timezone=(pa_type.tz is not None))
  File "/home/airflow/.local/lib/python3.8/site-packages/pydantic/root_model.py", line 63, in __init__
    __pydantic_self__.__pydantic_validator__.validate_python(root, self_instance=__pydantic_self__)
pydantic_core._pydantic_core.ValidationError: 1 validation error for TimestampType
  Input should be 'timestamp' [type=literal_error, input_value={'with_timezone': False}, input_type=dict]
    For further information visit https://errors.pydantic.dev/2.5/v/literal_error
[2025-11-21T13:26:03.265+0000] {taskinstance.py:1138} INFO - Marking task as FAILED. dag_id=duckdb_to_iceberg_dynamic, task_id=create_and_append_iceberg, execution_date=20251121T132557, start_date=20251121T132602, end_date=20251121T132603
[2025-11-21T13:26:03.291+0000] {standard_task_runner.py:107} ERROR - Failed to execute job 144 for task create_and_append_iceberg (1 validation error for TimestampType
  Input should be 'timestamp' [type=literal_error, input_value={'with_timezone': False}, input_type=dict]
    For further information visit https://errors.pydantic.dev/2.5/v/literal_error; 30225)
[2025-11-21T13:26:03.325+0000] {local_task_job_runner.py:234} INFO - Task exited with return code 1
[2025-11-21T13:26:03.373+0000] {taskinstance.py:3280} INFO - 0 downstream tasks scheduled from follow-on schedule check
