[2025-11-21T12:46:22.086+0000] {taskinstance.py:1956} INFO - Dependencies all met for dep_context=non-requeueable deps ti=<TaskInstance: duckdb_to_iceberg_dynamic.detect_and_fetch_duckdb_table manual__2025-11-21T12:46:20.547013+00:00 [queued]>
[2025-11-21T12:46:22.092+0000] {taskinstance.py:1956} INFO - Dependencies all met for dep_context=requeueable deps ti=<TaskInstance: duckdb_to_iceberg_dynamic.detect_and_fetch_duckdb_table manual__2025-11-21T12:46:20.547013+00:00 [queued]>
[2025-11-21T12:46:22.093+0000] {taskinstance.py:2170} INFO - Starting attempt 1 of 1
[2025-11-21T12:46:22.104+0000] {taskinstance.py:2191} INFO - Executing <Task(PythonOperator): detect_and_fetch_duckdb_table> on 2025-11-21 12:46:20.547013+00:00
[2025-11-21T12:46:22.108+0000] {standard_task_runner.py:60} INFO - Started process 24573 to run task
[2025-11-21T12:46:22.111+0000] {standard_task_runner.py:87} INFO - Running: ['***', 'tasks', 'run', 'duckdb_to_iceberg_dynamic', 'detect_and_fetch_duckdb_table', 'manual__2025-11-21T12:46:20.547013+00:00', '--job-id', '120', '--raw', '--subdir', 'DAGS_FOLDER/dag_three.py', '--cfg-path', '/tmp/tmphwt369nm']
[2025-11-21T12:46:22.113+0000] {standard_task_runner.py:88} INFO - Job 120: Subtask detect_and_fetch_duckdb_table
[2025-11-21T12:46:22.191+0000] {task_command.py:423} INFO - Running <TaskInstance: duckdb_to_iceberg_dynamic.detect_and_fetch_duckdb_table manual__2025-11-21T12:46:20.547013+00:00 [running]> on host 5fa4049fde26
[2025-11-21T12:46:22.295+0000] {taskinstance.py:2480} INFO - Exporting env vars: AIRFLOW_CTX_DAG_OWNER='***' AIRFLOW_CTX_DAG_ID='duckdb_to_iceberg_dynamic' AIRFLOW_CTX_TASK_ID='detect_and_fetch_duckdb_table' AIRFLOW_CTX_EXECUTION_DATE='2025-11-21T12:46:20.547013+00:00' AIRFLOW_CTX_TRY_NUMBER='1' AIRFLOW_CTX_DAG_RUN_ID='manual__2025-11-21T12:46:20.547013+00:00'
[2025-11-21T12:46:22.320+0000] {logging_mixin.py:188} INFO - Detected DuckDB table: bronze_infrared
[2025-11-21T12:46:22.346+0000] {logging_mixin.py:188} INFO - Fetched table bronze_infrared as Arrow table
[2025-11-21T12:46:22.346+0000] {python.py:201} INFO - Done. Returned value was: {'table_name': 'bronze_infrared', 'arrow_table': pyarrow.Table
timestamp: timestamp[us]
name: string
out: int64
in: int64
----
timestamp: [[2025-06-02 06:00:00.000000,2025-06-02 06:00:00.000000,2025-06-02 06:00:00.000000,2025-06-02 06:00:00.000000,2025-06-02 06:00:00.000000,...,2025-09-25 19:00:00.000000,2025-09-25 19:00:00.000000,2025-09-25 19:00:00.000000,2025-09-25 19:00:00.000000,2025-09-25 19:00:00.000000]]
name: [["SuperCounter_ÜC_Mainor","SuperCounter_ÜC_C-torn","SuperCounter_ÜC_Tervisemaja1A","SuperCounter_ÜC_Tervisemaja2","SuperCounter_ÜC_Lõõtsa12_võrdlustest",...,"SuperCounter_ÜC_Kogukonnamaja","SuperCounter_ÜC_Schmidt","SuperCounter_ÜC_BeachHouse","SuperCounter_ÜC_Rakett69","SuperCounter_ÜC_Mainor"]]
out: [[0,0,0,0,1,...,0,0,0,0,0]]
in: [[0,0,0,0,0,...,0,1,0,0,0]]}
[2025-11-21T12:46:22.359+0000] {xcom.py:664} ERROR - Object of type Table is not JSON serializable. If you are using pickle instead of JSON for XCom, then you need to enable pickle support for XCom in your *** config or make sure to decorate your object with attr.
[2025-11-21T12:46:22.361+0000] {taskinstance.py:2698} ERROR - Task failed with exception
Traceback (most recent call last):
  File "/home/airflow/.local/lib/python3.8/site-packages/airflow/utils/json.py", line 91, in default
    return serialize(o)
  File "/home/airflow/.local/lib/python3.8/site-packages/airflow/serialization/serde.py", line 180, in serialize
    raise TypeError(f"cannot serialize object of type {cls}")
TypeError: cannot serialize object of type <class 'pyarrow.lib.Table'>

During handling of the above exception, another exception occurred:

Traceback (most recent call last):
  File "/home/airflow/.local/lib/python3.8/site-packages/airflow/models/taskinstance.py", line 440, in _execute_task
    task_instance.xcom_push(key=XCOM_RETURN_KEY, value=xcom_value, session=session)
  File "/home/airflow/.local/lib/python3.8/site-packages/airflow/utils/session.py", line 76, in wrapper
    return func(*args, **kwargs)
  File "/home/airflow/.local/lib/python3.8/site-packages/airflow/models/taskinstance.py", line 2980, in xcom_push
    XCom.set(
  File "/home/airflow/.local/lib/python3.8/site-packages/airflow/utils/session.py", line 76, in wrapper
    return func(*args, **kwargs)
  File "/home/airflow/.local/lib/python3.8/site-packages/airflow/models/xcom.py", line 247, in set
    value = cls.serialize_value(
  File "/home/airflow/.local/lib/python3.8/site-packages/airflow/models/xcom.py", line 662, in serialize_value
    return json.dumps(value, cls=XComEncoder).encode("UTF-8")
  File "/usr/local/lib/python3.8/json/__init__.py", line 234, in dumps
    return cls(
  File "/home/airflow/.local/lib/python3.8/site-packages/airflow/utils/json.py", line 104, in encode
    return super().encode(o)
  File "/usr/local/lib/python3.8/json/encoder.py", line 199, in encode
    chunks = self.iterencode(o, _one_shot=True)
  File "/usr/local/lib/python3.8/json/encoder.py", line 257, in iterencode
    return _iterencode(o, 0)
  File "/home/airflow/.local/lib/python3.8/site-packages/airflow/utils/json.py", line 93, in default
    return super().default(o)
  File "/usr/local/lib/python3.8/json/encoder.py", line 179, in default
    raise TypeError(f'Object of type {o.__class__.__name__} '
TypeError: Object of type Table is not JSON serializable
[2025-11-21T12:46:22.382+0000] {taskinstance.py:1138} INFO - Marking task as FAILED. dag_id=duckdb_to_iceberg_dynamic, task_id=detect_and_fetch_duckdb_table, execution_date=20251121T124620, start_date=20251121T124622, end_date=20251121T124622
[2025-11-21T12:46:22.405+0000] {standard_task_runner.py:107} ERROR - Failed to execute job 120 for task detect_and_fetch_duckdb_table (Object of type Table is not JSON serializable; 24573)
[2025-11-21T12:46:22.454+0000] {local_task_job_runner.py:234} INFO - Task exited with return code 1
[2025-11-21T12:46:22.500+0000] {taskinstance.py:3280} INFO - 0 downstream tasks scheduled from follow-on schedule check
