[2025-11-29T16:08:09.470+0000] {taskinstance.py:1956} INFO - Dependencies all met for dep_context=non-requeueable deps ti=<TaskInstance: fetch_data.run_dbt manual__2025-11-29T16:07:36.869756+00:00 [queued]>
[2025-11-29T16:08:09.476+0000] {taskinstance.py:1956} INFO - Dependencies all met for dep_context=requeueable deps ti=<TaskInstance: fetch_data.run_dbt manual__2025-11-29T16:07:36.869756+00:00 [queued]>
[2025-11-29T16:08:09.477+0000] {taskinstance.py:2170} INFO - Starting attempt 1 of 2
[2025-11-29T16:08:09.487+0000] {taskinstance.py:2191} INFO - Executing <Task(BashOperator): run_dbt> on 2025-11-29 16:07:36.869756+00:00
[2025-11-29T16:08:09.490+0000] {standard_task_runner.py:60} INFO - Started process 531 to run task
[2025-11-29T16:08:09.493+0000] {standard_task_runner.py:87} INFO - Running: ['***', 'tasks', 'run', 'fetch_data', 'run_dbt', 'manual__2025-11-29T16:07:36.869756+00:00', '--job-id', '580', '--raw', '--subdir', 'DAGS_FOLDER/01_data_fetch_mkCHtbls.py', '--cfg-path', '/tmp/tmp5kvldjtm']
[2025-11-29T16:08:09.495+0000] {standard_task_runner.py:88} INFO - Job 580: Subtask run_dbt
[2025-11-29T16:08:09.540+0000] {task_command.py:423} INFO - Running <TaskInstance: fetch_data.run_dbt manual__2025-11-29T16:07:36.869756+00:00 [running]> on host 36363f810778
[2025-11-29T16:08:09.742+0000] {taskinstance.py:2480} INFO - Exporting env vars: AIRFLOW_CTX_DAG_OWNER='***' AIRFLOW_CTX_DAG_ID='fetch_data' AIRFLOW_CTX_TASK_ID='run_dbt' AIRFLOW_CTX_EXECUTION_DATE='2025-11-29T16:07:36.869756+00:00' AIRFLOW_CTX_TRY_NUMBER='1' AIRFLOW_CTX_DAG_RUN_ID='manual__2025-11-29T16:07:36.869756+00:00'
[2025-11-29T16:08:09.744+0000] {subprocess.py:63} INFO - Tmp dir root location: /tmp
[2025-11-29T16:08:09.744+0000] {subprocess.py:75} INFO - Running command: ['/usr/bin/bash', '-c', 'docker exec dbt dbt run']
[2025-11-29T16:08:09.752+0000] {subprocess.py:86} INFO - Output:
[2025-11-29T16:08:11.044+0000] {subprocess.py:93} INFO - [0m16:08:11  Running with dbt=1.10.15
[2025-11-29T16:08:11.211+0000] {subprocess.py:93} INFO - [0m16:08:11  Registered adapter: clickhouse=1.9.6
[2025-11-29T16:08:11.334+0000] {subprocess.py:93} INFO - [0m16:08:11  [[33mWARNING[0m]: Configuration paths exist in your dbt_project.yml file which do not apply to any resources.
[2025-11-29T16:08:11.334+0000] {subprocess.py:93} INFO - There are 1 unused configuration paths:
[2025-11-29T16:08:11.335+0000] {subprocess.py:93} INFO - - models.peopletraffic.silver
[2025-11-29T16:08:11.443+0000] {subprocess.py:93} INFO - [0m16:08:11  Found 7 models, 15 data tests, 2 sources, 485 macros
[2025-11-29T16:08:11.445+0000] {subprocess.py:93} INFO - [0m16:08:11
[2025-11-29T16:08:11.445+0000] {subprocess.py:93} INFO - [0m16:08:11  Concurrency: 1 threads (target='dev')
[2025-11-29T16:08:11.446+0000] {subprocess.py:93} INFO - [0m16:08:11
[2025-11-29T16:08:12.125+0000] {subprocess.py:93} INFO - [0m16:08:12  1 of 7 START sql incremental model `default_gold`.`dim_time` ................... [RUN]
[2025-11-29T16:08:12.253+0000] {subprocess.py:93} INFO - [0m16:08:12  1 of 7 OK created sql incremental model `default_gold`.`dim_time` .............. [[32mOK[0m in 0.13s]
[2025-11-29T16:08:12.254+0000] {subprocess.py:93} INFO - [0m16:08:12  2 of 7 START sql view model `default_bronze`.`stg_dim_building` ................ [RUN]
[2025-11-29T16:08:12.294+0000] {subprocess.py:93} INFO - [0m16:08:12  2 of 7 OK created sql view model `default_bronze`.`stg_dim_building` ........... [[32mOK[0m in 0.04s]
[2025-11-29T16:08:12.296+0000] {subprocess.py:93} INFO - [0m16:08:12  3 of 7 START sql view model `default_bronze`.`stg_dim_weather` ................. [RUN]
[2025-11-29T16:08:12.318+0000] {subprocess.py:93} INFO - [0m16:08:12  3 of 7 OK created sql view model `default_bronze`.`stg_dim_weather` ............ [[32mOK[0m in 0.02s]
[2025-11-29T16:08:12.320+0000] {subprocess.py:93} INFO - [0m16:08:12  4 of 7 START sql incremental model `default_gold`.`dim_building` ............... [RUN]
[2025-11-29T16:08:12.424+0000] {subprocess.py:93} INFO - [0m16:08:12  4 of 7 OK created sql incremental model `default_gold`.`dim_building` .......... [[32mOK[0m in 0.10s]
[2025-11-29T16:08:12.427+0000] {subprocess.py:93} INFO - [0m16:08:12  5 of 7 START sql incremental model `default_gold`.`dim_date` ................... [RUN]
[2025-11-29T16:08:12.509+0000] {subprocess.py:93} INFO - [0m16:08:12  5 of 7 OK created sql incremental model `default_gold`.`dim_date` .............. [[32mOK[0m in 0.08s]
[2025-11-29T16:08:12.512+0000] {subprocess.py:93} INFO - [0m16:08:12  6 of 7 START sql incremental model `default_gold`.`dim_weather` ................ [RUN]
[2025-11-29T16:08:12.550+0000] {subprocess.py:93} INFO - [0m16:08:12  6 of 7 OK created sql incremental model `default_gold`.`dim_weather` ........... [[32mOK[0m in 0.04s]
[2025-11-29T16:08:12.552+0000] {subprocess.py:93} INFO - [0m16:08:12  7 of 7 START sql incremental model `default_gold`.`fact_people_traffic` ........ [RUN]
[2025-11-29T16:08:12.616+0000] {subprocess.py:93} INFO - [0m16:08:12  7 of 7 OK created sql incremental model `default_gold`.`fact_people_traffic` ... [[32mOK[0m in 0.06s]
[2025-11-29T16:08:12.621+0000] {subprocess.py:93} INFO - [0m16:08:12
[2025-11-29T16:08:12.622+0000] {subprocess.py:93} INFO - [0m16:08:12  Finished running 5 incremental models, 2 view models in 0 hours 0 minutes and 1.17 seconds (1.17s).
[2025-11-29T16:08:12.659+0000] {subprocess.py:93} INFO - [0m16:08:12
[2025-11-29T16:08:12.659+0000] {subprocess.py:93} INFO - [0m16:08:12  [32mCompleted successfully[0m
[2025-11-29T16:08:12.659+0000] {subprocess.py:93} INFO - [0m16:08:12
[2025-11-29T16:08:12.660+0000] {subprocess.py:93} INFO - [0m16:08:12  Done. PASS=7 WARN=0 ERROR=0 SKIP=0 NO-OP=0 TOTAL=7
[2025-11-29T16:08:14.085+0000] {subprocess.py:97} INFO - Command exited with return code 0
[2025-11-29T16:08:14.119+0000] {taskinstance.py:1138} INFO - Marking task as SUCCESS. dag_id=fetch_data, task_id=run_dbt, execution_date=20251129T160736, start_date=20251129T160809, end_date=20251129T160814
[2025-11-29T16:08:14.143+0000] {local_task_job_runner.py:234} INFO - Task exited with return code 0
[2025-11-29T16:08:14.159+0000] {taskinstance.py:3280} INFO - 0 downstream tasks scheduled from follow-on schedule check
