[2025-11-25T11:53:37.029+0000] {taskinstance.py:1956} INFO - Dependencies all met for dep_context=non-requeueable deps ti=<TaskInstance: dbt_transforms.dbt_run manual__2025-11-25T11:53:36.450362+00:00 [queued]>
[2025-11-25T11:53:37.037+0000] {taskinstance.py:1956} INFO - Dependencies all met for dep_context=requeueable deps ti=<TaskInstance: dbt_transforms.dbt_run manual__2025-11-25T11:53:36.450362+00:00 [queued]>
[2025-11-25T11:53:37.038+0000] {taskinstance.py:2170} INFO - Starting attempt 1 of 1
[2025-11-25T11:53:37.055+0000] {taskinstance.py:2191} INFO - Executing <Task(BashOperator): dbt_run> on 2025-11-25 11:53:36.450362+00:00
[2025-11-25T11:53:37.061+0000] {standard_task_runner.py:60} INFO - Started process 6444 to run task
[2025-11-25T11:53:37.070+0000] {standard_task_runner.py:87} INFO - Running: ['***', 'tasks', 'run', 'dbt_transforms', 'dbt_run', 'manual__2025-11-25T11:53:36.450362+00:00', '--job-id', '460', '--raw', '--subdir', 'DAGS_FOLDER/011_dbt_transforms.py', '--cfg-path', '/tmp/tmpg04u9hqk']
[2025-11-25T11:53:37.075+0000] {standard_task_runner.py:88} INFO - Job 460: Subtask dbt_run
[2025-11-25T11:53:37.202+0000] {task_command.py:423} INFO - Running <TaskInstance: dbt_transforms.dbt_run manual__2025-11-25T11:53:36.450362+00:00 [running]> on host 421e567693d1
[2025-11-25T11:53:37.340+0000] {taskinstance.py:2480} INFO - Exporting env vars: AIRFLOW_CTX_DAG_OWNER='***' AIRFLOW_CTX_DAG_ID='dbt_transforms' AIRFLOW_CTX_TASK_ID='dbt_run' AIRFLOW_CTX_EXECUTION_DATE='2025-11-25T11:53:36.450362+00:00' AIRFLOW_CTX_TRY_NUMBER='1' AIRFLOW_CTX_DAG_RUN_ID='manual__2025-11-25T11:53:36.450362+00:00'
[2025-11-25T11:53:37.342+0000] {subprocess.py:63} INFO - Tmp dir root location: /tmp
[2025-11-25T11:53:37.343+0000] {subprocess.py:75} INFO - Running command: ['/usr/bin/bash', '-c', "docker exec dbt bash -lc 'cd /dbt && dbt run --profiles-dir /dbt'"]
[2025-11-25T11:53:37.351+0000] {subprocess.py:86} INFO - Output:
[2025-11-25T11:53:38.512+0000] {subprocess.py:93} INFO - [0m11:53:38  Running with dbt=1.10.15
[2025-11-25T11:53:38.702+0000] {subprocess.py:93} INFO - [0m11:53:38  Registered adapter: clickhouse=1.9.6
[2025-11-25T11:53:38.818+0000] {subprocess.py:93} INFO - [0m11:53:38  Unable to do partial parsing because profile has changed
[2025-11-25T11:53:38.824+0000] {subprocess.py:93} INFO - [0m11:53:38  Unable to do partial parsing because a project dependency has been added
[2025-11-25T11:53:39.618+0000] {subprocess.py:93} INFO - [0m11:53:39  Encountered an error:
[2025-11-25T11:53:39.619+0000] {subprocess.py:93} INFO - Compilation Error in model fact_people_traffic (models/marts/fact_people_traffic.sql)
[2025-11-25T11:53:39.619+0000] {subprocess.py:93} INFO -   expected token ',', got '='
[2025-11-25T11:53:39.619+0000] {subprocess.py:93} INFO -     line 10
[2025-11-25T11:53:39.619+0000] {subprocess.py:93} INFO -       --     materialized='incremental',
[2025-11-25T11:53:40.456+0000] {subprocess.py:97} INFO - Command exited with return code 2
[2025-11-25T11:53:40.472+0000] {taskinstance.py:2698} ERROR - Task failed with exception
Traceback (most recent call last):
  File "/home/airflow/.local/lib/python3.8/site-packages/airflow/models/taskinstance.py", line 433, in _execute_task
    result = execute_callable(context=context, **execute_callable_kwargs)
  File "/home/airflow/.local/lib/python3.8/site-packages/airflow/operators/bash.py", line 212, in execute
    raise AirflowException(
airflow.exceptions.AirflowException: Bash command failed. The command returned a non-zero exit code 2.
[2025-11-25T11:53:40.477+0000] {taskinstance.py:1138} INFO - Marking task as FAILED. dag_id=dbt_transforms, task_id=dbt_run, execution_date=20251125T115336, start_date=20251125T115337, end_date=20251125T115340
[2025-11-25T11:53:40.503+0000] {standard_task_runner.py:107} ERROR - Failed to execute job 460 for task dbt_run (Bash command failed. The command returned a non-zero exit code 2.; 6444)
[2025-11-25T11:53:40.524+0000] {local_task_job_runner.py:234} INFO - Task exited with return code 1
[2025-11-25T11:53:40.569+0000] {taskinstance.py:3280} INFO - 0 downstream tasks scheduled from follow-on schedule check
