[2025-11-26T16:55:55.654+0000] {taskinstance.py:1956} INFO - Dependencies all met for dep_context=non-requeueable deps ti=<TaskInstance: dbt_transforms.dbt_run manual__2025-11-26T16:55:53.932854+00:00 [queued]>
[2025-11-26T16:55:55.699+0000] {taskinstance.py:1956} INFO - Dependencies all met for dep_context=requeueable deps ti=<TaskInstance: dbt_transforms.dbt_run manual__2025-11-26T16:55:53.932854+00:00 [queued]>
[2025-11-26T16:55:55.702+0000] {taskinstance.py:2170} INFO - Starting attempt 1 of 1
[2025-11-26T16:55:55.791+0000] {taskinstance.py:2191} INFO - Executing <Task(BashOperator): dbt_run> on 2025-11-26 16:55:53.932854+00:00
[2025-11-26T16:55:55.809+0000] {standard_task_runner.py:60} INFO - Started process 2489 to run task
[2025-11-26T16:55:55.827+0000] {standard_task_runner.py:87} INFO - Running: ['***', 'tasks', 'run', 'dbt_transforms', 'dbt_run', 'manual__2025-11-26T16:55:53.932854+00:00', '--job-id', '510', '--raw', '--subdir', 'DAGS_FOLDER/011_dbt_transforms.py', '--cfg-path', '/tmp/tmp4zb39d67']
[2025-11-26T16:55:55.838+0000] {standard_task_runner.py:88} INFO - Job 510: Subtask dbt_run
[2025-11-26T16:55:56.159+0000] {task_command.py:423} INFO - Running <TaskInstance: dbt_transforms.dbt_run manual__2025-11-26T16:55:53.932854+00:00 [running]> on host 776aa681496a
[2025-11-26T16:55:56.578+0000] {taskinstance.py:2480} INFO - Exporting env vars: AIRFLOW_CTX_DAG_OWNER='***' AIRFLOW_CTX_DAG_ID='dbt_transforms' AIRFLOW_CTX_TASK_ID='dbt_run' AIRFLOW_CTX_EXECUTION_DATE='2025-11-26T16:55:53.932854+00:00' AIRFLOW_CTX_TRY_NUMBER='1' AIRFLOW_CTX_DAG_RUN_ID='manual__2025-11-26T16:55:53.932854+00:00'
[2025-11-26T16:55:56.583+0000] {subprocess.py:63} INFO - Tmp dir root location: /tmp
[2025-11-26T16:55:56.586+0000] {subprocess.py:75} INFO - Running command: ['/usr/bin/bash', '-c', "docker exec dbt bash -lc 'cd /dbt && dbt run --profiles-dir /dbt'"]
[2025-11-26T16:55:56.617+0000] {subprocess.py:86} INFO - Output:
[2025-11-26T16:55:56.726+0000] {subprocess.py:93} INFO - Error response from daemon: container a97ea3d11a0423854470123f9f9341f5e69c67fcebd7a1d3f597ef9333352edd is not running
[2025-11-26T16:55:56.731+0000] {subprocess.py:97} INFO - Command exited with return code 1
[2025-11-26T16:55:56.819+0000] {taskinstance.py:2698} ERROR - Task failed with exception
Traceback (most recent call last):
  File "/home/airflow/.local/lib/python3.8/site-packages/airflow/models/taskinstance.py", line 433, in _execute_task
    result = execute_callable(context=context, **execute_callable_kwargs)
  File "/home/airflow/.local/lib/python3.8/site-packages/airflow/operators/bash.py", line 212, in execute
    raise AirflowException(
airflow.exceptions.AirflowException: Bash command failed. The command returned a non-zero exit code 1.
[2025-11-26T16:55:56.841+0000] {taskinstance.py:1138} INFO - Marking task as FAILED. dag_id=dbt_transforms, task_id=dbt_run, execution_date=20251126T165553, start_date=20251126T165555, end_date=20251126T165556
[2025-11-26T16:55:56.913+0000] {standard_task_runner.py:107} ERROR - Failed to execute job 510 for task dbt_run (Bash command failed. The command returned a non-zero exit code 1.; 2489)
[2025-11-26T16:55:56.954+0000] {local_task_job_runner.py:234} INFO - Task exited with return code 1
[2025-11-26T16:55:57.117+0000] {taskinstance.py:3280} INFO - 0 downstream tasks scheduled from follow-on schedule check
