[2025-11-25T11:59:54.118+0000] {taskinstance.py:1956} INFO - Dependencies all met for dep_context=non-requeueable deps ti=<TaskInstance: dbt_transforms.dbt_run manual__2025-11-25T11:59:53.040453+00:00 [queued]>
[2025-11-25T11:59:54.125+0000] {taskinstance.py:1956} INFO - Dependencies all met for dep_context=requeueable deps ti=<TaskInstance: dbt_transforms.dbt_run manual__2025-11-25T11:59:53.040453+00:00 [queued]>
[2025-11-25T11:59:54.125+0000] {taskinstance.py:2170} INFO - Starting attempt 1 of 1
[2025-11-25T11:59:54.138+0000] {taskinstance.py:2191} INFO - Executing <Task(BashOperator): dbt_run> on 2025-11-25 11:59:53.040453+00:00
[2025-11-25T11:59:54.142+0000] {standard_task_runner.py:60} INFO - Started process 7544 to run task
[2025-11-25T11:59:54.145+0000] {standard_task_runner.py:87} INFO - Running: ['***', 'tasks', 'run', 'dbt_transforms', 'dbt_run', 'manual__2025-11-25T11:59:53.040453+00:00', '--job-id', '463', '--raw', '--subdir', 'DAGS_FOLDER/011_dbt_transforms.py', '--cfg-path', '/tmp/tmp7lgn2rb3']
[2025-11-25T11:59:54.147+0000] {standard_task_runner.py:88} INFO - Job 463: Subtask dbt_run
[2025-11-25T11:59:54.213+0000] {task_command.py:423} INFO - Running <TaskInstance: dbt_transforms.dbt_run manual__2025-11-25T11:59:53.040453+00:00 [running]> on host 421e567693d1
[2025-11-25T11:59:54.299+0000] {taskinstance.py:2480} INFO - Exporting env vars: AIRFLOW_CTX_DAG_OWNER='***' AIRFLOW_CTX_DAG_ID='dbt_transforms' AIRFLOW_CTX_TASK_ID='dbt_run' AIRFLOW_CTX_EXECUTION_DATE='2025-11-25T11:59:53.040453+00:00' AIRFLOW_CTX_TRY_NUMBER='1' AIRFLOW_CTX_DAG_RUN_ID='manual__2025-11-25T11:59:53.040453+00:00'
[2025-11-25T11:59:54.300+0000] {subprocess.py:63} INFO - Tmp dir root location: /tmp
[2025-11-25T11:59:54.301+0000] {subprocess.py:75} INFO - Running command: ['/usr/bin/bash', '-c', "docker exec dbt bash -lc 'cd /dbt && dbt run --profiles-dir /dbt'"]
[2025-11-25T11:59:54.310+0000] {subprocess.py:86} INFO - Output:
[2025-11-25T11:59:55.453+0000] {subprocess.py:93} INFO - [0m11:59:55  Running with dbt=1.10.15
[2025-11-25T11:59:55.683+0000] {subprocess.py:93} INFO - [0m11:59:55  Registered adapter: clickhouse=1.9.6
[2025-11-25T11:59:55.818+0000] {subprocess.py:93} INFO - [0m11:59:55  Unable to do partial parsing because profile has changed
[2025-11-25T11:59:55.818+0000] {subprocess.py:93} INFO - [0m11:59:55  Unable to do partial parsing because a project dependency has been added
[2025-11-25T11:59:56.567+0000] {subprocess.py:93} INFO - [0m11:59:56  Encountered an error:
[2025-11-25T11:59:56.568+0000] {subprocess.py:93} INFO - Compilation Error in model dim_time (models/marts/dim_time.sql)
[2025-11-25T11:59:56.568+0000] {subprocess.py:93} INFO -   expected token ',', got '='
[2025-11-25T11:59:56.568+0000] {subprocess.py:93} INFO -     line 4
[2025-11-25T11:59:56.568+0000] {subprocess.py:93} INFO -       --     materialized='incremental',
[2025-11-25T11:59:57.360+0000] {subprocess.py:97} INFO - Command exited with return code 2
[2025-11-25T11:59:57.390+0000] {taskinstance.py:2698} ERROR - Task failed with exception
Traceback (most recent call last):
  File "/home/airflow/.local/lib/python3.8/site-packages/airflow/models/taskinstance.py", line 433, in _execute_task
    result = execute_callable(context=context, **execute_callable_kwargs)
  File "/home/airflow/.local/lib/python3.8/site-packages/airflow/operators/bash.py", line 212, in execute
    raise AirflowException(
airflow.exceptions.AirflowException: Bash command failed. The command returned a non-zero exit code 2.
[2025-11-25T11:59:57.396+0000] {taskinstance.py:1138} INFO - Marking task as FAILED. dag_id=dbt_transforms, task_id=dbt_run, execution_date=20251125T115953, start_date=20251125T115954, end_date=20251125T115957
[2025-11-25T11:59:57.437+0000] {standard_task_runner.py:107} ERROR - Failed to execute job 463 for task dbt_run (Bash command failed. The command returned a non-zero exit code 2.; 7544)
[2025-11-25T11:59:57.483+0000] {local_task_job_runner.py:234} INFO - Task exited with return code 1
[2025-11-25T11:59:57.519+0000] {taskinstance.py:3280} INFO - 0 downstream tasks scheduled from follow-on schedule check
