[2025-11-23T11:14:32.372+0000] {taskinstance.py:1956} INFO - Dependencies all met for dep_context=non-requeueable deps ti=<TaskInstance: fetch_data.run_dbt manual__2025-11-23T11:09:07.592122+00:00 [queued]>
[2025-11-23T11:14:32.379+0000] {taskinstance.py:1956} INFO - Dependencies all met for dep_context=requeueable deps ti=<TaskInstance: fetch_data.run_dbt manual__2025-11-23T11:09:07.592122+00:00 [queued]>
[2025-11-23T11:14:32.380+0000] {taskinstance.py:2170} INFO - Starting attempt 2 of 2
[2025-11-23T11:14:32.393+0000] {taskinstance.py:2191} INFO - Executing <Task(BashOperator): run_dbt> on 2025-11-23 11:09:07.592122+00:00
[2025-11-23T11:14:32.398+0000] {standard_task_runner.py:60} INFO - Started process 1397 to run task
[2025-11-23T11:14:32.400+0000] {standard_task_runner.py:87} INFO - Running: ['***', 'tasks', 'run', 'fetch_data', 'run_dbt', 'manual__2025-11-23T11:09:07.592122+00:00', '--job-id', '249', '--raw', '--subdir', 'DAGS_FOLDER/dag_one.py', '--cfg-path', '/tmp/tmpq8uaccma']
[2025-11-23T11:14:32.402+0000] {standard_task_runner.py:88} INFO - Job 249: Subtask run_dbt
[2025-11-23T11:14:32.464+0000] {task_command.py:423} INFO - Running <TaskInstance: fetch_data.run_dbt manual__2025-11-23T11:09:07.592122+00:00 [running]> on host b650baa5b7c7
[2025-11-23T11:14:32.688+0000] {taskinstance.py:2480} INFO - Exporting env vars: AIRFLOW_CTX_DAG_OWNER='***' AIRFLOW_CTX_DAG_ID='fetch_data' AIRFLOW_CTX_TASK_ID='run_dbt' AIRFLOW_CTX_EXECUTION_DATE='2025-11-23T11:09:07.592122+00:00' AIRFLOW_CTX_TRY_NUMBER='2' AIRFLOW_CTX_DAG_RUN_ID='manual__2025-11-23T11:09:07.592122+00:00'
[2025-11-23T11:14:32.690+0000] {subprocess.py:63} INFO - Tmp dir root location: /tmp
[2025-11-23T11:14:32.690+0000] {subprocess.py:75} INFO - Running command: ['/usr/bin/bash', '-c', 'docker exec dbt dbt seed']
[2025-11-23T11:14:32.700+0000] {subprocess.py:86} INFO - Output:
[2025-11-23T11:14:34.038+0000] {subprocess.py:93} INFO - [0m11:14:34  Running with dbt=1.10.15
[2025-11-23T11:14:34.240+0000] {subprocess.py:93} INFO - [0m11:14:34  Registered adapter: clickhouse=1.9.6
[2025-11-23T11:14:34.368+0000] {subprocess.py:93} INFO - [0m11:14:34  Unable to do partial parsing because profile has changed
[2025-11-23T11:14:35.582+0000] {subprocess.py:93} INFO - [0m11:14:35  Encountered an error:
[2025-11-23T11:14:35.583+0000] {subprocess.py:93} INFO - Compilation Error
[2025-11-23T11:14:35.583+0000] {subprocess.py:93} INFO -   Model 'model.ulemiste_city_insights_dbt.stg_dim_date' (models/staging/stg_dim_date.sql) depends on a source named 'peopletraffic.bronze_infrared' which was not found
[2025-11-23T11:14:36.737+0000] {subprocess.py:97} INFO - Command exited with return code 2
[2025-11-23T11:14:36.753+0000] {taskinstance.py:2698} ERROR - Task failed with exception
Traceback (most recent call last):
  File "/home/airflow/.local/lib/python3.8/site-packages/airflow/models/taskinstance.py", line 433, in _execute_task
    result = execute_callable(context=context, **execute_callable_kwargs)
  File "/home/airflow/.local/lib/python3.8/site-packages/airflow/operators/bash.py", line 212, in execute
    raise AirflowException(
airflow.exceptions.AirflowException: Bash command failed. The command returned a non-zero exit code 2.
[2025-11-23T11:14:36.756+0000] {taskinstance.py:1138} INFO - Marking task as FAILED. dag_id=fetch_data, task_id=run_dbt, execution_date=20251123T110907, start_date=20251123T111432, end_date=20251123T111436
[2025-11-23T11:14:36.776+0000] {standard_task_runner.py:107} ERROR - Failed to execute job 249 for task run_dbt (Bash command failed. The command returned a non-zero exit code 2.; 1397)
[2025-11-23T11:14:36.801+0000] {local_task_job_runner.py:234} INFO - Task exited with return code 1
[2025-11-23T11:14:36.819+0000] {taskinstance.py:3280} INFO - 0 downstream tasks scheduled from follow-on schedule check
