[2025-11-26T10:13:08.365+0000] {taskinstance.py:1956} INFO - Dependencies all met for dep_context=non-requeueable deps ti=<TaskInstance: fetch_data.run_create_tables scheduled__2025-11-25T00:00:00+00:00 [queued]>
[2025-11-26T10:13:08.390+0000] {taskinstance.py:1956} INFO - Dependencies all met for dep_context=requeueable deps ti=<TaskInstance: fetch_data.run_create_tables scheduled__2025-11-25T00:00:00+00:00 [queued]>
[2025-11-26T10:13:08.392+0000] {taskinstance.py:2170} INFO - Starting attempt 1 of 2
[2025-11-26T10:13:08.429+0000] {taskinstance.py:2191} INFO - Executing <Task(BashOperator): run_create_tables> on 2025-11-25 00:00:00+00:00
[2025-11-26T10:13:08.442+0000] {standard_task_runner.py:60} INFO - Started process 418 to run task
[2025-11-26T10:13:08.448+0000] {standard_task_runner.py:87} INFO - Running: ['***', 'tasks', 'run', 'fetch_data', 'run_create_tables', 'scheduled__2025-11-25T00:00:00+00:00', '--job-id', '469', '--raw', '--subdir', 'DAGS_FOLDER/01_data_fetch_mkCHtbls.py', '--cfg-path', '/tmp/tmpr1_llzbl']
[2025-11-26T10:13:08.453+0000] {standard_task_runner.py:88} INFO - Job 469: Subtask run_create_tables
[2025-11-26T10:13:08.682+0000] {task_command.py:423} INFO - Running <TaskInstance: fetch_data.run_create_tables scheduled__2025-11-25T00:00:00+00:00 [running]> on host 5b6237d76f75
[2025-11-26T10:13:09.488+0000] {taskinstance.py:2480} INFO - Exporting env vars: AIRFLOW_CTX_DAG_OWNER='***' AIRFLOW_CTX_DAG_ID='fetch_data' AIRFLOW_CTX_TASK_ID='run_create_tables' AIRFLOW_CTX_EXECUTION_DATE='2025-11-25T00:00:00+00:00' AIRFLOW_CTX_TRY_NUMBER='1' AIRFLOW_CTX_DAG_RUN_ID='scheduled__2025-11-25T00:00:00+00:00'
[2025-11-26T10:13:09.494+0000] {subprocess.py:63} INFO - Tmp dir root location: /tmp
[2025-11-26T10:13:09.502+0000] {subprocess.py:75} INFO - Running command: ['/usr/bin/bash', '-c', 'docker exec clickhouse-server clickhouse-client --multiquery --queries-file=/sql/01_create_DB_and_tables.sql']
[2025-11-26T10:13:09.528+0000] {subprocess.py:86} INFO - Output:
[2025-11-26T10:13:09.665+0000] {subprocess.py:93} INFO - Error response from daemon: No such container: clickhouse-server
[2025-11-26T10:13:09.667+0000] {subprocess.py:97} INFO - Command exited with return code 1
[2025-11-26T10:13:09.742+0000] {taskinstance.py:2698} ERROR - Task failed with exception
Traceback (most recent call last):
  File "/home/airflow/.local/lib/python3.8/site-packages/airflow/models/taskinstance.py", line 433, in _execute_task
    result = execute_callable(context=context, **execute_callable_kwargs)
  File "/home/airflow/.local/lib/python3.8/site-packages/airflow/operators/bash.py", line 212, in execute
    raise AirflowException(
airflow.exceptions.AirflowException: Bash command failed. The command returned a non-zero exit code 1.
[2025-11-26T10:13:09.750+0000] {taskinstance.py:1138} INFO - Marking task as UP_FOR_RETRY. dag_id=fetch_data, task_id=run_create_tables, execution_date=20251125T000000, start_date=20251126T101308, end_date=20251126T101309
[2025-11-26T10:13:09.885+0000] {standard_task_runner.py:107} ERROR - Failed to execute job 469 for task run_create_tables (Bash command failed. The command returned a non-zero exit code 1.; 418)
[2025-11-26T10:13:09.941+0000] {local_task_job_runner.py:234} INFO - Task exited with return code 1
[2025-11-26T10:13:10.049+0000] {taskinstance.py:3280} INFO - 0 downstream tasks scheduled from follow-on schedule check
