[2025-11-26T10:23:34.968+0000] {taskinstance.py:1956} INFO - Dependencies all met for dep_context=non-requeueable deps ti=<TaskInstance: fetch_data.run_create_tables scheduled__2025-11-25T00:00:00+00:00 [queued]>
[2025-11-26T10:23:34.989+0000] {taskinstance.py:1956} INFO - Dependencies all met for dep_context=requeueable deps ti=<TaskInstance: fetch_data.run_create_tables scheduled__2025-11-25T00:00:00+00:00 [queued]>
[2025-11-26T10:23:34.991+0000] {taskinstance.py:2170} INFO - Starting attempt 2 of 2
[2025-11-26T10:23:35.030+0000] {taskinstance.py:2191} INFO - Executing <Task(BashOperator): run_create_tables> on 2025-11-25 00:00:00+00:00
[2025-11-26T10:23:35.042+0000] {standard_task_runner.py:60} INFO - Started process 1303 to run task
[2025-11-26T10:23:35.049+0000] {standard_task_runner.py:87} INFO - Running: ['***', 'tasks', 'run', 'fetch_data', 'run_create_tables', 'scheduled__2025-11-25T00:00:00+00:00', '--job-id', '470', '--raw', '--subdir', 'DAGS_FOLDER/01_data_fetch_mkCHtbls.py', '--cfg-path', '/tmp/tmp04iayw89']
[2025-11-26T10:23:35.055+0000] {standard_task_runner.py:88} INFO - Job 470: Subtask run_create_tables
[2025-11-26T10:23:35.189+0000] {task_command.py:423} INFO - Running <TaskInstance: fetch_data.run_create_tables scheduled__2025-11-25T00:00:00+00:00 [running]> on host 5b6237d76f75
[2025-11-26T10:23:35.694+0000] {taskinstance.py:2480} INFO - Exporting env vars: AIRFLOW_CTX_DAG_OWNER='***' AIRFLOW_CTX_DAG_ID='fetch_data' AIRFLOW_CTX_TASK_ID='run_create_tables' AIRFLOW_CTX_EXECUTION_DATE='2025-11-25T00:00:00+00:00' AIRFLOW_CTX_TRY_NUMBER='2' AIRFLOW_CTX_DAG_RUN_ID='scheduled__2025-11-25T00:00:00+00:00'
[2025-11-26T10:23:35.698+0000] {subprocess.py:63} INFO - Tmp dir root location: /tmp
[2025-11-26T10:23:35.700+0000] {subprocess.py:75} INFO - Running command: ['/usr/bin/bash', '-c', 'docker exec clickhouse-server clickhouse-client --multiquery --queries-file=/sql/01_create_DB_and_tables.sql']
[2025-11-26T10:23:35.720+0000] {subprocess.py:86} INFO - Output:
[2025-11-26T10:23:35.803+0000] {subprocess.py:93} INFO - Error response from daemon: No such container: clickhouse-server
[2025-11-26T10:23:35.805+0000] {subprocess.py:97} INFO - Command exited with return code 1
[2025-11-26T10:23:35.835+0000] {taskinstance.py:2698} ERROR - Task failed with exception
Traceback (most recent call last):
  File "/home/airflow/.local/lib/python3.8/site-packages/airflow/models/taskinstance.py", line 433, in _execute_task
    result = execute_callable(context=context, **execute_callable_kwargs)
  File "/home/airflow/.local/lib/python3.8/site-packages/airflow/operators/bash.py", line 212, in execute
    raise AirflowException(
airflow.exceptions.AirflowException: Bash command failed. The command returned a non-zero exit code 1.
[2025-11-26T10:23:35.843+0000] {taskinstance.py:1138} INFO - Marking task as FAILED. dag_id=fetch_data, task_id=run_create_tables, execution_date=20251125T000000, start_date=20251126T102334, end_date=20251126T102335
[2025-11-26T10:23:35.871+0000] {standard_task_runner.py:107} ERROR - Failed to execute job 470 for task run_create_tables (Bash command failed. The command returned a non-zero exit code 1.; 1303)
[2025-11-26T10:23:35.928+0000] {local_task_job_runner.py:234} INFO - Task exited with return code 1
[2025-11-26T10:23:35.979+0000] {taskinstance.py:3280} INFO - 0 downstream tasks scheduled from follow-on schedule check
