[2025-11-21T10:50:48.140+0000] {taskinstance.py:1956} INFO - Dependencies all met for dep_context=non-requeueable deps ti=<TaskInstance: duckdb_to_iceberg_dynamic.fetch_duckdb_arrow manual__2025-11-21T10:50:46.064275+00:00 [queued]>
[2025-11-21T10:50:48.147+0000] {taskinstance.py:1956} INFO - Dependencies all met for dep_context=requeueable deps ti=<TaskInstance: duckdb_to_iceberg_dynamic.fetch_duckdb_arrow manual__2025-11-21T10:50:46.064275+00:00 [queued]>
[2025-11-21T10:50:48.147+0000] {taskinstance.py:2170} INFO - Starting attempt 1 of 1
[2025-11-21T10:50:48.159+0000] {taskinstance.py:2191} INFO - Executing <Task(PythonOperator): fetch_duckdb_arrow> on 2025-11-21 10:50:46.064275+00:00
[2025-11-21T10:50:48.163+0000] {standard_task_runner.py:60} INFO - Started process 8238 to run task
[2025-11-21T10:50:48.167+0000] {standard_task_runner.py:87} INFO - Running: ['***', 'tasks', 'run', 'duckdb_to_iceberg_dynamic', 'fetch_duckdb_arrow', 'manual__2025-11-21T10:50:46.064275+00:00', '--job-id', '64', '--raw', '--subdir', 'DAGS_FOLDER/dag_three.py', '--cfg-path', '/tmp/tmp460ydb9b']
[2025-11-21T10:50:48.169+0000] {standard_task_runner.py:88} INFO - Job 64: Subtask fetch_duckdb_arrow
[2025-11-21T10:50:48.220+0000] {task_command.py:423} INFO - Running <TaskInstance: duckdb_to_iceberg_dynamic.fetch_duckdb_arrow manual__2025-11-21T10:50:46.064275+00:00 [running]> on host 5fa4049fde26
[2025-11-21T10:50:48.307+0000] {taskinstance.py:2480} INFO - Exporting env vars: AIRFLOW_CTX_DAG_OWNER='***' AIRFLOW_CTX_DAG_ID='duckdb_to_iceberg_dynamic' AIRFLOW_CTX_TASK_ID='fetch_duckdb_arrow' AIRFLOW_CTX_EXECUTION_DATE='2025-11-21T10:50:46.064275+00:00' AIRFLOW_CTX_TRY_NUMBER='1' AIRFLOW_CTX_DAG_RUN_ID='manual__2025-11-21T10:50:46.064275+00:00'
[2025-11-21T10:50:48.319+0000] {logging_mixin.py:188} INFO - Using DuckDB source table: bronze_infrared
[2025-11-21T10:50:48.362+0000] {taskinstance.py:2698} ERROR - Task failed with exception
Traceback (most recent call last):
  File "/home/airflow/.local/lib/python3.8/site-packages/airflow/models/taskinstance.py", line 433, in _execute_task
    result = execute_callable(context=context, **execute_callable_kwargs)
  File "/home/airflow/.local/lib/python3.8/site-packages/airflow/operators/python.py", line 199, in execute
    return_value = self.execute_callable()
  File "/home/airflow/.local/lib/python3.8/site-packages/airflow/operators/python.py", line 216, in execute_callable
    return self.python_callable(*self.op_args, **self.op_kwargs)
  File "/opt/airflow/dags/dag_three.py", line 51, in fetch_duckdb_arrow
    arrow_table = pa.Table.from_batches(arrow_reader)
  File "pyarrow/table.pxi", line 4045, in pyarrow.lib.Table.from_batches
TypeError: Cannot convert pyarrow.lib.ChunkedArray to pyarrow.lib.RecordBatch
[2025-11-21T10:50:48.377+0000] {taskinstance.py:1138} INFO - Marking task as FAILED. dag_id=duckdb_to_iceberg_dynamic, task_id=fetch_duckdb_arrow, execution_date=20251121T105046, start_date=20251121T105048, end_date=20251121T105048
[2025-11-21T10:50:48.392+0000] {standard_task_runner.py:107} ERROR - Failed to execute job 64 for task fetch_duckdb_arrow (Cannot convert pyarrow.lib.ChunkedArray to pyarrow.lib.RecordBatch; 8238)
[2025-11-21T10:50:48.426+0000] {local_task_job_runner.py:234} INFO - Task exited with return code 1
[2025-11-21T10:50:48.475+0000] {taskinstance.py:3280} INFO - 0 downstream tasks scheduled from follow-on schedule check
