[2025-11-25T10:32:44.513+0000] {taskinstance.py:1956} INFO - Dependencies all met for dep_context=non-requeueable deps ti=<TaskInstance: fetch_data.fetch_weather_data manual__2025-11-25T10:32:41.488246+00:00 [queued]>
[2025-11-25T10:32:44.524+0000] {taskinstance.py:1956} INFO - Dependencies all met for dep_context=requeueable deps ti=<TaskInstance: fetch_data.fetch_weather_data manual__2025-11-25T10:32:41.488246+00:00 [queued]>
[2025-11-25T10:32:44.525+0000] {taskinstance.py:2170} INFO - Starting attempt 1 of 2
[2025-11-25T10:32:44.539+0000] {taskinstance.py:2191} INFO - Executing <Task(PythonOperator): fetch_weather_data> on 2025-11-25 10:32:41.488246+00:00
[2025-11-25T10:32:44.542+0000] {standard_task_runner.py:60} INFO - Started process 5751 to run task
[2025-11-25T10:32:44.545+0000] {standard_task_runner.py:87} INFO - Running: ['***', 'tasks', 'run', 'fetch_data', 'fetch_weather_data', 'manual__2025-11-25T10:32:41.488246+00:00', '--job-id', '390', '--raw', '--subdir', 'DAGS_FOLDER/dag_one.py', '--cfg-path', '/tmp/tmp4ik49j81']
[2025-11-25T10:32:44.547+0000] {standard_task_runner.py:88} INFO - Job 390: Subtask fetch_weather_data
[2025-11-25T10:32:44.615+0000] {task_command.py:423} INFO - Running <TaskInstance: fetch_data.fetch_weather_data manual__2025-11-25T10:32:41.488246+00:00 [running]> on host 72d28f111e30
[2025-11-25T10:32:44.836+0000] {taskinstance.py:2480} INFO - Exporting env vars: AIRFLOW_CTX_DAG_OWNER='***' AIRFLOW_CTX_DAG_ID='fetch_data' AIRFLOW_CTX_TASK_ID='fetch_weather_data' AIRFLOW_CTX_EXECUTION_DATE='2025-11-25T10:32:41.488246+00:00' AIRFLOW_CTX_TRY_NUMBER='1' AIRFLOW_CTX_DAG_RUN_ID='manual__2025-11-25T10:32:41.488246+00:00'
[2025-11-25T10:32:44.880+0000] {taskinstance.py:2698} ERROR - Task failed with exception
Traceback (most recent call last):
  File "/home/airflow/.local/lib/python3.8/site-packages/airflow/models/taskinstance.py", line 433, in _execute_task
    result = execute_callable(context=context, **execute_callable_kwargs)
  File "/home/airflow/.local/lib/python3.8/site-packages/airflow/operators/python.py", line 199, in execute
    return_value = self.execute_callable()
  File "/home/airflow/.local/lib/python3.8/site-packages/airflow/operators/python.py", line 216, in execute_callable
    return self.python_callable(*self.op_args, **self.op_kwargs)
  File "/opt/airflow/dags/dag_one.py", line 32, in fetch_weather_data
    os.makedirs(OUTPUT_DIR, exist_ok=True)
  File "/usr/local/lib/python3.8/os.py", line 223, in makedirs
    mkdir(name, mode)
PermissionError: [Errno 13] Permission denied: '../sample_data/'
[2025-11-25T10:32:44.891+0000] {taskinstance.py:1138} INFO - Marking task as UP_FOR_RETRY. dag_id=fetch_data, task_id=fetch_weather_data, execution_date=20251125T103241, start_date=20251125T103244, end_date=20251125T103244
[2025-11-25T10:32:44.908+0000] {standard_task_runner.py:107} ERROR - Failed to execute job 390 for task fetch_weather_data ([Errno 13] Permission denied: '../sample_data/'; 5751)
[2025-11-25T10:32:44.929+0000] {local_task_job_runner.py:234} INFO - Task exited with return code 1
[2025-11-25T10:32:44.988+0000] {taskinstance.py:3280} INFO - 0 downstream tasks scheduled from follow-on schedule check
