[2025-11-29T12:51:45.634+0000] {taskinstance.py:1956} INFO - Dependencies all met for dep_context=non-requeueable deps ti=<TaskInstance: fetch_data.run_dbt manual__2025-11-29T12:44:42.921212+00:00 [queued]>
[2025-11-29T12:51:45.682+0000] {taskinstance.py:1956} INFO - Dependencies all met for dep_context=requeueable deps ti=<TaskInstance: fetch_data.run_dbt manual__2025-11-29T12:44:42.921212+00:00 [queued]>
[2025-11-29T12:51:45.684+0000] {taskinstance.py:2170} INFO - Starting attempt 2 of 2
[2025-11-29T12:51:45.743+0000] {taskinstance.py:2191} INFO - Executing <Task(BashOperator): run_dbt> on 2025-11-29 12:44:42.921212+00:00
[2025-11-29T12:51:45.760+0000] {standard_task_runner.py:60} INFO - Started process 17800 to run task
[2025-11-29T12:51:45.778+0000] {standard_task_runner.py:87} INFO - Running: ['***', 'tasks', 'run', 'fetch_data', 'run_dbt', 'manual__2025-11-29T12:44:42.921212+00:00', '--job-id', '565', '--raw', '--subdir', 'DAGS_FOLDER/01_data_fetch_mkCHtbls.py', '--cfg-path', '/tmp/tmpgtl51kmy']
[2025-11-29T12:51:45.792+0000] {standard_task_runner.py:88} INFO - Job 565: Subtask run_dbt
[2025-11-29T12:51:46.183+0000] {task_command.py:423} INFO - Running <TaskInstance: fetch_data.run_dbt manual__2025-11-29T12:44:42.921212+00:00 [running]> on host 9aa8f904c520
[2025-11-29T12:51:47.488+0000] {taskinstance.py:2480} INFO - Exporting env vars: AIRFLOW_CTX_DAG_OWNER='***' AIRFLOW_CTX_DAG_ID='fetch_data' AIRFLOW_CTX_TASK_ID='run_dbt' AIRFLOW_CTX_EXECUTION_DATE='2025-11-29T12:44:42.921212+00:00' AIRFLOW_CTX_TRY_NUMBER='2' AIRFLOW_CTX_DAG_RUN_ID='manual__2025-11-29T12:44:42.921212+00:00'
[2025-11-29T12:51:47.511+0000] {subprocess.py:63} INFO - Tmp dir root location: /tmp
[2025-11-29T12:51:47.514+0000] {subprocess.py:75} INFO - Running command: ['/usr/bin/bash', '-c', 'docker exec dbt dbt run']
[2025-11-29T12:51:47.565+0000] {subprocess.py:86} INFO - Output:
[2025-11-29T12:51:53.709+0000] {subprocess.py:93} INFO - [0m12:51:53  Running with dbt=1.10.15
[2025-11-29T12:51:55.524+0000] {subprocess.py:93} INFO - [0m12:51:55  Registered adapter: clickhouse=1.9.6
[2025-11-29T12:51:57.354+0000] {subprocess.py:93} INFO - [0m12:51:57  Unable to do partial parsing because a project config has changed
[2025-11-29T12:52:05.614+0000] {subprocess.py:93} INFO - [0m12:52:05  Encountered an error:
[2025-11-29T12:52:05.624+0000] {subprocess.py:93} INFO - Compilation Error
[2025-11-29T12:52:05.627+0000] {subprocess.py:93} INFO -   Model 'model.peopletraffic.stg_dim_building' (models/bronze/stg_dim_building.sql) depends on a source named 'peopletraffic.raw_Building' which was not found
[2025-11-29T12:52:08.045+0000] {subprocess.py:97} INFO - Command exited with return code 2
[2025-11-29T12:52:08.154+0000] {taskinstance.py:2698} ERROR - Task failed with exception
Traceback (most recent call last):
  File "/home/airflow/.local/lib/python3.8/site-packages/airflow/models/taskinstance.py", line 433, in _execute_task
    result = execute_callable(context=context, **execute_callable_kwargs)
  File "/home/airflow/.local/lib/python3.8/site-packages/airflow/operators/bash.py", line 212, in execute
    raise AirflowException(
airflow.exceptions.AirflowException: Bash command failed. The command returned a non-zero exit code 2.
[2025-11-29T12:52:08.173+0000] {taskinstance.py:1138} INFO - Marking task as FAILED. dag_id=fetch_data, task_id=run_dbt, execution_date=20251129T124442, start_date=20251129T125145, end_date=20251129T125208
[2025-11-29T12:52:08.248+0000] {standard_task_runner.py:107} ERROR - Failed to execute job 565 for task run_dbt (Bash command failed. The command returned a non-zero exit code 2.; 17800)
[2025-11-29T12:52:08.312+0000] {local_task_job_runner.py:234} INFO - Task exited with return code 1
[2025-11-29T12:52:08.387+0000] {taskinstance.py:3280} INFO - 0 downstream tasks scheduled from follow-on schedule check
