[2025-11-23T08:12:25.631+0000] {taskinstance.py:1956} INFO - Dependencies all met for dep_context=non-requeueable deps ti=<TaskInstance: fetch_data.fetch_weather_data scheduled__2025-11-22T00:00:00+00:00 [queued]>
[2025-11-23T08:12:25.652+0000] {taskinstance.py:1956} INFO - Dependencies all met for dep_context=requeueable deps ti=<TaskInstance: fetch_data.fetch_weather_data scheduled__2025-11-22T00:00:00+00:00 [queued]>
[2025-11-23T08:12:25.653+0000] {taskinstance.py:2170} INFO - Starting attempt 1 of 2
[2025-11-23T08:12:25.695+0000] {taskinstance.py:2191} INFO - Executing <Task(PythonOperator): fetch_weather_data> on 2025-11-22 00:00:00+00:00
[2025-11-23T08:12:25.704+0000] {standard_task_runner.py:60} INFO - Started process 94794 to run task
[2025-11-23T08:12:25.713+0000] {standard_task_runner.py:87} INFO - Running: ['***', 'tasks', 'run', 'fetch_data', 'fetch_weather_data', 'scheduled__2025-11-22T00:00:00+00:00', '--job-id', '206', '--raw', '--subdir', 'DAGS_FOLDER/dag_one.py', '--cfg-path', '/tmp/tmp_x6gujol']
[2025-11-23T08:12:25.718+0000] {standard_task_runner.py:88} INFO - Job 206: Subtask fetch_weather_data
[2025-11-23T08:12:25.852+0000] {task_command.py:423} INFO - Running <TaskInstance: fetch_data.fetch_weather_data scheduled__2025-11-22T00:00:00+00:00 [running]> on host 5fa4049fde26
[2025-11-23T08:12:26.329+0000] {taskinstance.py:2480} INFO - Exporting env vars: AIRFLOW_CTX_DAG_OWNER='***' AIRFLOW_CTX_DAG_ID='fetch_data' AIRFLOW_CTX_TASK_ID='fetch_weather_data' AIRFLOW_CTX_EXECUTION_DATE='2025-11-22T00:00:00+00:00' AIRFLOW_CTX_TRY_NUMBER='1' AIRFLOW_CTX_DAG_RUN_ID='scheduled__2025-11-22T00:00:00+00:00'
[2025-11-23T08:12:32.176+0000] {python.py:201} INFO - Done. Returned value was: None
[2025-11-23T08:12:32.196+0000] {taskinstance.py:1138} INFO - Marking task as SUCCESS. dag_id=fetch_data, task_id=fetch_weather_data, execution_date=20251122T000000, start_date=20251123T081225, end_date=20251123T081232
[2025-11-23T08:12:32.276+0000] {local_task_job_runner.py:234} INFO - Task exited with return code 0
[2025-11-23T08:12:32.343+0000] {taskinstance.py:3280} INFO - 1 downstream tasks scheduled from follow-on schedule check
[2025-11-23T08:23:14.974+0000] {taskinstance.py:1956} INFO - Dependencies all met for dep_context=non-requeueable deps ti=<TaskInstance: fetch_data.fetch_weather_data scheduled__2025-11-22T00:00:00+00:00 [queued]>
[2025-11-23T08:23:14.995+0000] {taskinstance.py:1956} INFO - Dependencies all met for dep_context=requeueable deps ti=<TaskInstance: fetch_data.fetch_weather_data scheduled__2025-11-22T00:00:00+00:00 [queued]>
[2025-11-23T08:23:14.997+0000] {taskinstance.py:2170} INFO - Starting attempt 1 of 2
[2025-11-23T08:23:15.024+0000] {taskinstance.py:2191} INFO - Executing <Task(PythonOperator): fetch_weather_data> on 2025-11-22 00:00:00+00:00
[2025-11-23T08:23:15.033+0000] {standard_task_runner.py:60} INFO - Started process 96307 to run task
[2025-11-23T08:23:15.042+0000] {standard_task_runner.py:87} INFO - Running: ['***', 'tasks', 'run', 'fetch_data', 'fetch_weather_data', 'scheduled__2025-11-22T00:00:00+00:00', '--job-id', '214', '--raw', '--subdir', 'DAGS_FOLDER/dag_one.py', '--cfg-path', '/tmp/tmp9d29hygn']
[2025-11-23T08:23:15.050+0000] {standard_task_runner.py:88} INFO - Job 214: Subtask fetch_weather_data
[2025-11-23T08:23:15.190+0000] {task_command.py:423} INFO - Running <TaskInstance: fetch_data.fetch_weather_data scheduled__2025-11-22T00:00:00+00:00 [running]> on host 5fa4049fde26
[2025-11-23T08:23:15.600+0000] {taskinstance.py:2480} INFO - Exporting env vars: AIRFLOW_CTX_DAG_OWNER='***' AIRFLOW_CTX_DAG_ID='fetch_data' AIRFLOW_CTX_TASK_ID='fetch_weather_data' AIRFLOW_CTX_EXECUTION_DATE='2025-11-22T00:00:00+00:00' AIRFLOW_CTX_TRY_NUMBER='1' AIRFLOW_CTX_DAG_RUN_ID='scheduled__2025-11-22T00:00:00+00:00'
[2025-11-23T08:23:15.708+0000] {python.py:201} INFO - Done. Returned value was: None
[2025-11-23T08:23:15.729+0000] {taskinstance.py:1138} INFO - Marking task as SUCCESS. dag_id=fetch_data, task_id=fetch_weather_data, execution_date=20251122T000000, start_date=20251123T082314, end_date=20251123T082315
[2025-11-23T08:23:15.793+0000] {local_task_job_runner.py:234} INFO - Task exited with return code 0
[2025-11-23T08:23:15.892+0000] {taskinstance.py:3280} INFO - 1 downstream tasks scheduled from follow-on schedule check
